#
# There is insufficient memory for the Java Runtime Environment to continue.
# Native memory allocation (malloc) failed to allocate 570576 bytes. Error detail: Chunk::new
# Possible reasons:
#   The system is out of physical RAM or swap space
#   This process is running with CompressedOops enabled, and the Java Heap may be blocking the growth of the native heap
# Possible solutions:
#   Reduce memory load on the system
#   Increase physical memory or swap space
#   Check if swap backing store is full
#   Decrease Java heap size (-Xmx/-Xms)
#   Decrease number of Java threads
#   Decrease Java thread stack sizes (-Xss)
#   Set larger code cache with -XX:ReservedCodeCacheSize=
#   JVM is running with Unscaled Compressed Oops mode in which the Java heap is
#     placed in the first 4GB address space. The Java Heap base address is the
#     maximum limit for the native heap growth. Please use -XX:HeapBaseMinAddress
#     to set the Java Heap base and to place the Java Heap above 4GB virtual address.
# This output file may be truncated or incomplete.
#
#  Out of Memory Error (arena.cpp:191), pid=9096, tid=9316
#
# JRE version: OpenJDK Runtime Environment (17.0.11) (build 17.0.11+0--11852314)
# Java VM: OpenJDK 64-Bit Server VM (17.0.11+0--11852314, mixed mode, tiered, compressed oops, compressed class ptrs, g1 gc, windows-amd64)
# No core dump will be written. Minidumps are not enabled by default on client versions of Windows
#

---------------  S U M M A R Y ------------

Command Line: -Dorg.gradle.appname=gradlew org.gradle.wrapper.GradleWrapperMain -q -Ptarget-platform=android-x64 -Ptarget=C:\Users\HP PROBOOK\Desktop\smartcalm\lib\main.dart -Pbase-application-name=android.app.Application -Pdart-defines=RkxVVFRFUl9WRVJTSU9OPTMuMzguOQ==,RkxVVFRFUl9DSEFOTkVMPXN0YWJsZQ==,RkxVVFRFUl9HSVRfVVJMPWh0dHBzOi8vZ2l0aHViLmNvbS9mbHV0dGVyL2ZsdXR0ZXIuZ2l0,RkxVVFRFUl9GUkFNRVdPUktfUkVWSVNJT049NjczMjNkZTI4NQ==,RkxVVFRFUl9FTkdJTkVfUkVWSVNJT049NTg3YzE4Zjg3Mw==,RkxVVFRFUl9EQVJUX1ZFUlNJT049My4xMC44 -Pdart-obfuscation=false -Ptrack-widget-creation=true -Ptree-shake-icons=false -Pfilesystem-scheme=org-dartlang-root assembleDebug

Host: AMD Ryzen 7 5825U with Radeon Graphics         , 16 cores, 7G,  Windows 11 , 64 bit Build 22000 (10.0.22000.2538)
Time: Tue May 19 14:33:55 2026 Jordan Standard Time elapsed time: 2.829065 seconds (0d 0h 0m 2s)

---------------  T H R E A D  ---------------

Current thread (0x000002201b83d7f0):  JavaThread "C2 CompilerThread0" daemon [_thread_in_native, id=9316, stack(0x00000087a3200000,0x00000087a3300000)]


Current CompileTask:
C2:   2838  766 %     4       java.util.zip.ZipFile$Source::initCEN @ 240 (591 bytes)

Stack: [0x00000087a3200000,0x00000087a3300000]
Native frames: (J=compiled Java code, j=interpreted, Vv=VM code, C=native code)
V  [jvm.dll+0x687bb9]
V  [jvm.dll+0x84142a]
V  [jvm.dll+0x8430ae]
V  [jvm.dll+0x843713]
V  [jvm.dll+0x24a35f]
V  [jvm.dll+0xac544]
V  [jvm.dll+0xacb8c]
V  [jvm.dll+0x369be2]
V  [jvm.dll+0x33416a]
V  [jvm.dll+0x33360a]
V  [jvm.dll+0x21bed1]
V  [jvm.dll+0x21b311]
V  [jvm.dll+0x1a63ed]
V  [jvm.dll+0x22b1ee]
V  [jvm.dll+0x229375]
V  [jvm.dll+0x7f5647]
V  [jvm.dll+0x7efa4a]
V  [jvm.dll+0x686a35]
C  [ucrtbase.dll+0x26c0c]
C  [KERNEL32.DLL+0x153e0]
C  [ntdll.dll+0x485b]


---------------  P R O C E S S  ---------------

Threads class SMR info:
_java_thread_list=0x000002201b9c1bc0, length=12, elements={
0x000002200144ebb0, 0x000002201b6fe960, 0x000002201b6c7020, 0x000002201b6e5da0,
0x000002201b83a160, 0x000002201b83c090, 0x000002201b83ca50, 0x000002201b83d7f0,
0x000002201b86b010, 0x000002201b86ee20, 0x000002201b9da8b0, 0x000002201b9e5060
}

Java Threads: ( => current thread )
  0x000002200144ebb0 JavaThread "main" [_thread_in_native, id=5004, stack(0x00000087a2500000,0x00000087a2600000)]
  0x000002201b6fe960 JavaThread "Reference Handler" daemon [_thread_blocked, id=12848, stack(0x00000087a2c00000,0x00000087a2d00000)]
  0x000002201b6c7020 JavaThread "Finalizer" daemon [_thread_blocked, id=17876, stack(0x00000087a2d00000,0x00000087a2e00000)]
  0x000002201b6e5da0 JavaThread "Signal Dispatcher" daemon [_thread_blocked, id=17844, stack(0x00000087a2e00000,0x00000087a2f00000)]
  0x000002201b83a160 JavaThread "Attach Listener" daemon [_thread_blocked, id=15728, stack(0x00000087a2f00000,0x00000087a3000000)]
  0x000002201b83c090 JavaThread "Service Thread" daemon [_thread_blocked, id=27444, stack(0x00000087a3000000,0x00000087a3100000)]
  0x000002201b83ca50 JavaThread "Monitor Deflation Thread" daemon [_thread_blocked, id=24408, stack(0x00000087a3100000,0x00000087a3200000)]
=>0x000002201b83d7f0 JavaThread "C2 CompilerThread0" daemon [_thread_in_native, id=9316, stack(0x00000087a3200000,0x00000087a3300000)]
  0x000002201b86b010 JavaThread "C1 CompilerThread0" daemon [_thread_in_vm, id=14344, stack(0x00000087a3300000,0x00000087a3400000)]
  0x000002201b86ee20 JavaThread "Sweeper thread" daemon [_thread_blocked, id=23380, stack(0x00000087a3400000,0x00000087a3500000)]
  0x000002201b9da8b0 JavaThread "Notification Thread" daemon [_thread_blocked, id=7888, stack(0x00000087a3500000,0x00000087a3600000)]
  0x000002201b9e5060 JavaThread "Common-Cleaner" daemon [_thread_blocked, id=4292, stack(0x00000087a3700000,0x00000087a3800000)]

Other Threads:
  0x000002201b689620 VMThread "VM Thread" [stack: 0x00000087a2b00000,0x00000087a2c00000] [id=18020]
  0x000002201b9dad90 WatcherThread [stack: 0x00000087a3600000,0x00000087a3700000] [id=16908]
  0x00000220014a6b00 GCTaskThread "GC Thread#0" [stack: 0x00000087a2600000,0x00000087a2700000] [id=15216]
  0x000002201bbe2740 GCTaskThread "GC Thread#1" [stack: 0x00000087a3800000,0x00000087a3900000] [id=17512]
  0x000002202033bb50 GCTaskThread "GC Thread#2" [stack: 0x00000087a3900000,0x00000087a3a00000] [id=2436]
  0x000002202033be10 GCTaskThread "GC Thread#3" [stack: 0x00000087a3a00000,0x00000087a3b00000] [id=16404]
  0x00000220014b6490 ConcurrentGCThread "G1 Main Marker" [stack: 0x00000087a2700000,0x00000087a2800000] [id=13732]
  0x00000220014b8dc0 ConcurrentGCThread "G1 Conc#0" [stack: 0x00000087a2800000,0x00000087a2900000] [id=16284]
  0x000002200150e6e0 ConcurrentGCThread "G1 Refine#0" [stack: 0x00000087a2900000,0x00000087a2a00000] [id=18604]
  0x000002201b536640 ConcurrentGCThread "G1 Service" [stack: 0x00000087a2a00000,0x00000087a2b00000] [id=2092]

Threads with active compile tasks:
C2 CompilerThread0     3234  766 %     4       java.util.zip.ZipFile$Source::initCEN @ 240 (591 bytes)
C1 CompilerThread0     3234  845       3       java.security.CodeSource::getCertificates (98 bytes)

VM state: not at safepoint (normal execution)

VM Mutex/Monitor currently owned by a thread:  ([mutex/lock_event])
[0x000002200144b930] CodeCache_lock - owner thread: 0x000002201b86b010
[0x000002200144b660] MethodCompileQueue_lock - owner thread: 0x0000000000000000

Heap address: 0x000000008ae00000, size: 1874 MB, Compressed Oops mode: 32-bit

CDS archive(s) not mapped
Compressed class space mapped at: 0x0000000100000000-0x0000000140000000, reserved size: 1073741824
Narrow klass base: 0x0000000000000000, Narrow klass shift: 3, Narrow klass range: 0x140000000

GC Precious Log:
 CPUs: 16 total, 16 available
 Memory: 7489M
 Large Page Support: Disabled
 NUMA Support: Disabled
 Compressed Oops: Enabled (32-bit)
 Heap Region Size: 1M
 Heap Min Capacity: 8M
 Heap Initial Capacity: 118M
 Heap Max Capacity: 1874M
 Pre-touch: Disabled
 Parallel Workers: 13
 Concurrent Workers: 3
 Concurrent Refinement Workers: 13
 Periodic GC: Disabled

Heap:
 garbage-first heap   total 120832K, used 12096K [0x000000008ae00000, 0x0000000100000000)
  region size 1024K, 11 young (11264K), 2 survivors (2048K)
 Metaspace       used 8834K, committed 9024K, reserved 1114112K
  class space    used 772K, committed 896K, reserved 1048576K

Heap Regions: E=young(eden), S=young(survivor), O=old, HS=humongous(starts), HC=humongous(continues), CS=collection set, F=free, OA=open archive, CA=closed archive, TAMS=top-at-mark-start (previous, next)
|   0|0x000000008ae00000, 0x000000008af00000, 0x000000008af00000|100%|HS|  |TAMS 0x000000008ae00000, 0x000000008ae00000| Complete 
|   1|0x000000008af00000, 0x000000008b000000, 0x000000008b000000|100%|HC|  |TAMS 0x000000008af00000, 0x000000008af00000| Complete 
|   2|0x000000008b000000, 0x000000008b100000, 0x000000008b100000|100%|HC|  |TAMS 0x000000008b000000, 0x000000008b000000| Complete 
|   3|0x000000008b100000, 0x000000008b100000, 0x000000008b200000|  0%| F|  |TAMS 0x000000008b100000, 0x000000008b100000| Untracked 
|   4|0x000000008b200000, 0x000000008b200000, 0x000000008b300000|  0%| F|  |TAMS 0x000000008b200000, 0x000000008b200000| Untracked 
|   5|0x000000008b300000, 0x000000008b300000, 0x000000008b400000|  0%| F|  |TAMS 0x000000008b300000, 0x000000008b300000| Untracked 
|   6|0x000000008b400000, 0x000000008b400000, 0x000000008b500000|  0%| F|  |TAMS 0x000000008b400000, 0x000000008b400000| Untracked 
|   7|0x000000008b500000, 0x000000008b500000, 0x000000008b600000|  0%| F|  |TAMS 0x000000008b500000, 0x000000008b500000| Untracked 
|   8|0x000000008b600000, 0x000000008b600000, 0x000000008b700000|  0%| F|  |TAMS 0x000000008b600000, 0x000000008b600000| Untracked 
|   9|0x000000008b700000, 0x000000008b700000, 0x000000008b800000|  0%| F|  |TAMS 0x000000008b700000, 0x000000008b700000| Untracked 
|  10|0x000000008b800000, 0x000000008b800000, 0x000000008b900000|  0%| F|  |TAMS 0x000000008b800000, 0x000000008b800000| Untracked 
|  11|0x000000008b900000, 0x000000008b900000, 0x000000008ba00000|  0%| F|  |TAMS 0x000000008b900000, 0x000000008b900000| Untracked 
|  12|0x000000008ba00000, 0x000000008ba00000, 0x000000008bb00000|  0%| F|  |TAMS 0x000000008ba00000, 0x000000008ba00000| Untracked 
|  13|0x000000008bb00000, 0x000000008bb00000, 0x000000008bc00000|  0%| F|  |TAMS 0x000000008bb00000, 0x000000008bb00000| Untracked 
|  14|0x000000008bc00000, 0x000000008bc00000, 0x000000008bd00000|  0%| F|  |TAMS 0x000000008bc00000, 0x000000008bc00000| Untracked 
|  15|0x000000008bd00000, 0x000000008bd00000, 0x000000008be00000|  0%| F|  |TAMS 0x000000008bd00000, 0x000000008bd00000| Untracked 
|  16|0x000000008be00000, 0x000000008be00000, 0x000000008bf00000|  0%| F|  |TAMS 0x000000008be00000, 0x000000008be00000| Untracked 
|  17|0x000000008bf00000, 0x000000008bf00000, 0x000000008c000000|  0%| F|  |TAMS 0x000000008bf00000, 0x000000008bf00000| Untracked 
|  18|0x000000008c000000, 0x000000008c000000, 0x000000008c100000|  0%| F|  |TAMS 0x000000008c000000, 0x000000008c000000| Untracked 
|  19|0x000000008c100000, 0x000000008c100000, 0x000000008c200000|  0%| F|  |TAMS 0x000000008c100000, 0x000000008c100000| Untracked 
|  20|0x000000008c200000, 0x000000008c200000, 0x000000008c300000|  0%| F|  |TAMS 0x000000008c200000, 0x000000008c200000| Untracked 
|  21|0x000000008c300000, 0x000000008c300000, 0x000000008c400000|  0%| F|  |TAMS 0x000000008c300000, 0x000000008c300000| Untracked 
|  22|0x000000008c400000, 0x000000008c400000, 0x000000008c500000|  0%| F|  |TAMS 0x000000008c400000, 0x000000008c400000| Untracked 
|  23|0x000000008c500000, 0x000000008c500000, 0x000000008c600000|  0%| F|  |TAMS 0x000000008c500000, 0x000000008c500000| Untracked 
|  24|0x000000008c600000, 0x000000008c600000, 0x000000008c700000|  0%| F|  |TAMS 0x000000008c600000, 0x000000008c600000| Untracked 
|  25|0x000000008c700000, 0x000000008c700000, 0x000000008c800000|  0%| F|  |TAMS 0x000000008c700000, 0x000000008c700000| Untracked 
|  26|0x000000008c800000, 0x000000008c800000, 0x000000008c900000|  0%| F|  |TAMS 0x000000008c800000, 0x000000008c800000| Untracked 
|  27|0x000000008c900000, 0x000000008c900000, 0x000000008ca00000|  0%| F|  |TAMS 0x000000008c900000, 0x000000008c900000| Untracked 
|  28|0x000000008ca00000, 0x000000008ca00000, 0x000000008cb00000|  0%| F|  |TAMS 0x000000008ca00000, 0x000000008ca00000| Untracked 
|  29|0x000000008cb00000, 0x000000008cb00000, 0x000000008cc00000|  0%| F|  |TAMS 0x000000008cb00000, 0x000000008cb00000| Untracked 
|  30|0x000000008cc00000, 0x000000008cc00000, 0x000000008cd00000|  0%| F|  |TAMS 0x000000008cc00000, 0x000000008cc00000| Untracked 
|  31|0x000000008cd00000, 0x000000008cd00000, 0x000000008ce00000|  0%| F|  |TAMS 0x000000008cd00000, 0x000000008cd00000| Untracked 
|  32|0x000000008ce00000, 0x000000008ce00000, 0x000000008cf00000|  0%| F|  |TAMS 0x000000008ce00000, 0x000000008ce00000| Untracked 
|  33|0x000000008cf00000, 0x000000008cf00000, 0x000000008d000000|  0%| F|  |TAMS 0x000000008cf00000, 0x000000008cf00000| Untracked 
|  34|0x000000008d000000, 0x000000008d000000, 0x000000008d100000|  0%| F|  |TAMS 0x000000008d000000, 0x000000008d000000| Untracked 
|  35|0x000000008d100000, 0x000000008d100000, 0x000000008d200000|  0%| F|  |TAMS 0x000000008d100000, 0x000000008d100000| Untracked 
|  36|0x000000008d200000, 0x000000008d200000, 0x000000008d300000|  0%| F|  |TAMS 0x000000008d200000, 0x000000008d200000| Untracked 
|  37|0x000000008d300000, 0x000000008d300000, 0x000000008d400000|  0%| F|  |TAMS 0x000000008d300000, 0x000000008d300000| Untracked 
|  38|0x000000008d400000, 0x000000008d400000, 0x000000008d500000|  0%| F|  |TAMS 0x000000008d400000, 0x000000008d400000| Untracked 
|  39|0x000000008d500000, 0x000000008d500000, 0x000000008d600000|  0%| F|  |TAMS 0x000000008d500000, 0x000000008d500000| Untracked 
|  40|0x000000008d600000, 0x000000008d600000, 0x000000008d700000|  0%| F|  |TAMS 0x000000008d600000, 0x000000008d600000| Untracked 
|  41|0x000000008d700000, 0x000000008d700000, 0x000000008d800000|  0%| F|  |TAMS 0x000000008d700000, 0x000000008d700000| Untracked 
|  42|0x000000008d800000, 0x000000008d800000, 0x000000008d900000|  0%| F|  |TAMS 0x000000008d800000, 0x000000008d800000| Untracked 
|  43|0x000000008d900000, 0x000000008d900000, 0x000000008da00000|  0%| F|  |TAMS 0x000000008d900000, 0x000000008d900000| Untracked 
|  44|0x000000008da00000, 0x000000008da00000, 0x000000008db00000|  0%| F|  |TAMS 0x000000008da00000, 0x000000008da00000| Untracked 
|  45|0x000000008db00000, 0x000000008db00000, 0x000000008dc00000|  0%| F|  |TAMS 0x000000008db00000, 0x000000008db00000| Untracked 
|  46|0x000000008dc00000, 0x000000008dc00000, 0x000000008dd00000|  0%| F|  |TAMS 0x000000008dc00000, 0x000000008dc00000| Untracked 
|  47|0x000000008dd00000, 0x000000008dd00000, 0x000000008de00000|  0%| F|  |TAMS 0x000000008dd00000, 0x000000008dd00000| Untracked 
|  48|0x000000008de00000, 0x000000008de00000, 0x000000008df00000|  0%| F|  |TAMS 0x000000008de00000, 0x000000008de00000| Untracked 
|  49|0x000000008df00000, 0x000000008df00000, 0x000000008e000000|  0%| F|  |TAMS 0x000000008df00000, 0x000000008df00000| Untracked 
|  50|0x000000008e000000, 0x000000008e000000, 0x000000008e100000|  0%| F|  |TAMS 0x000000008e000000, 0x000000008e000000| Untracked 
|  51|0x000000008e100000, 0x000000008e100000, 0x000000008e200000|  0%| F|  |TAMS 0x000000008e100000, 0x000000008e100000| Untracked 
|  52|0x000000008e200000, 0x000000008e200000, 0x000000008e300000|  0%| F|  |TAMS 0x000000008e200000, 0x000000008e200000| Untracked 
|  53|0x000000008e300000, 0x000000008e300000, 0x000000008e400000|  0%| F|  |TAMS 0x000000008e300000, 0x000000008e300000| Untracked 
|  54|0x000000008e400000, 0x000000008e400000, 0x000000008e500000|  0%| F|  |TAMS 0x000000008e400000, 0x000000008e400000| Untracked 
|  55|0x000000008e500000, 0x000000008e500000, 0x000000008e600000|  0%| F|  |TAMS 0x000000008e500000, 0x000000008e500000| Untracked 
|  56|0x000000008e600000, 0x000000008e600000, 0x000000008e700000|  0%| F|  |TAMS 0x000000008e600000, 0x000000008e600000| Untracked 
|  57|0x000000008e700000, 0x000000008e700000, 0x000000008e800000|  0%| F|  |TAMS 0x000000008e700000, 0x000000008e700000| Untracked 
|  58|0x000000008e800000, 0x000000008e800000, 0x000000008e900000|  0%| F|  |TAMS 0x000000008e800000, 0x000000008e800000| Untracked 
|  59|0x000000008e900000, 0x000000008e900000, 0x000000008ea00000|  0%| F|  |TAMS 0x000000008e900000, 0x000000008e900000| Untracked 
|  60|0x000000008ea00000, 0x000000008ea00000, 0x000000008eb00000|  0%| F|  |TAMS 0x000000008ea00000, 0x000000008ea00000| Untracked 
|  61|0x000000008eb00000, 0x000000008eb00000, 0x000000008ec00000|  0%| F|  |TAMS 0x000000008eb00000, 0x000000008eb00000| Untracked 
|  62|0x000000008ec00000, 0x000000008ec00000, 0x000000008ed00000|  0%| F|  |TAMS 0x000000008ec00000, 0x000000008ec00000| Untracked 
|  63|0x000000008ed00000, 0x000000008ed00000, 0x000000008ee00000|  0%| F|  |TAMS 0x000000008ed00000, 0x000000008ed00000| Untracked 
|  64|0x000000008ee00000, 0x000000008ee00000, 0x000000008ef00000|  0%| F|  |TAMS 0x000000008ee00000, 0x000000008ee00000| Untracked 
|  65|0x000000008ef00000, 0x000000008ef00000, 0x000000008f000000|  0%| F|  |TAMS 0x000000008ef00000, 0x000000008ef00000| Untracked 
|  66|0x000000008f000000, 0x000000008f000000, 0x000000008f100000|  0%| F|  |TAMS 0x000000008f000000, 0x000000008f000000| Untracked 
|  67|0x000000008f100000, 0x000000008f100000, 0x000000008f200000|  0%| F|  |TAMS 0x000000008f100000, 0x000000008f100000| Untracked 
|  68|0x000000008f200000, 0x000000008f200000, 0x000000008f300000|  0%| F|  |TAMS 0x000000008f200000, 0x000000008f200000| Untracked 
|  69|0x000000008f300000, 0x000000008f300000, 0x000000008f400000|  0%| F|  |TAMS 0x000000008f300000, 0x000000008f300000| Untracked 
|  70|0x000000008f400000, 0x000000008f400000, 0x000000008f500000|  0%| F|  |TAMS 0x000000008f400000, 0x000000008f400000| Untracked 
|  71|0x000000008f500000, 0x000000008f500000, 0x000000008f600000|  0%| F|  |TAMS 0x000000008f500000, 0x000000008f500000| Untracked 
|  72|0x000000008f600000, 0x000000008f600000, 0x000000008f700000|  0%| F|  |TAMS 0x000000008f600000, 0x000000008f600000| Untracked 
|  73|0x000000008f700000, 0x000000008f700000, 0x000000008f800000|  0%| F|  |TAMS 0x000000008f700000, 0x000000008f700000| Untracked 
|  74|0x000000008f800000, 0x000000008f800000, 0x000000008f900000|  0%| F|  |TAMS 0x000000008f800000, 0x000000008f800000| Untracked 
|  75|0x000000008f900000, 0x000000008f900000, 0x000000008fa00000|  0%| F|  |TAMS 0x000000008f900000, 0x000000008f900000| Untracked 
|  76|0x000000008fa00000, 0x000000008fa00000, 0x000000008fb00000|  0%| F|  |TAMS 0x000000008fa00000, 0x000000008fa00000| Untracked 
|  77|0x000000008fb00000, 0x000000008fb00000, 0x000000008fc00000|  0%| F|  |TAMS 0x000000008fb00000, 0x000000008fb00000| Untracked 
|  78|0x000000008fc00000, 0x000000008fc00000, 0x000000008fd00000|  0%| F|  |TAMS 0x000000008fc00000, 0x000000008fc00000| Untracked 
|  79|0x000000008fd00000, 0x000000008fd00000, 0x000000008fe00000|  0%| F|  |TAMS 0x000000008fd00000, 0x000000008fd00000| Untracked 
|  80|0x000000008fe00000, 0x000000008fe00000, 0x000000008ff00000|  0%| F|  |TAMS 0x000000008fe00000, 0x000000008fe00000| Untracked 
|  81|0x000000008ff00000, 0x000000008ff00000, 0x0000000090000000|  0%| F|  |TAMS 0x000000008ff00000, 0x000000008ff00000| Untracked 
|  82|0x0000000090000000, 0x0000000090000000, 0x0000000090100000|  0%| F|  |TAMS 0x0000000090000000, 0x0000000090000000| Untracked 
|  83|0x0000000090100000, 0x0000000090100000, 0x0000000090200000|  0%| F|  |TAMS 0x0000000090100000, 0x0000000090100000| Untracked 
|  84|0x0000000090200000, 0x0000000090200000, 0x0000000090300000|  0%| F|  |TAMS 0x0000000090200000, 0x0000000090200000| Untracked 
|  85|0x0000000090300000, 0x0000000090300000, 0x0000000090400000|  0%| F|  |TAMS 0x0000000090300000, 0x0000000090300000| Untracked 
|  86|0x0000000090400000, 0x0000000090400000, 0x0000000090500000|  0%| F|  |TAMS 0x0000000090400000, 0x0000000090400000| Untracked 
|  87|0x0000000090500000, 0x0000000090500000, 0x0000000090600000|  0%| F|  |TAMS 0x0000000090500000, 0x0000000090500000| Untracked 
|  88|0x0000000090600000, 0x0000000090600000, 0x0000000090700000|  0%| F|  |TAMS 0x0000000090600000, 0x0000000090600000| Untracked 
|  89|0x0000000090700000, 0x0000000090700000, 0x0000000090800000|  0%| F|  |TAMS 0x0000000090700000, 0x0000000090700000| Untracked 
|  90|0x0000000090800000, 0x0000000090800000, 0x0000000090900000|  0%| F|  |TAMS 0x0000000090800000, 0x0000000090800000| Untracked 
|  91|0x0000000090900000, 0x0000000090900000, 0x0000000090a00000|  0%| F|  |TAMS 0x0000000090900000, 0x0000000090900000| Untracked 
|  92|0x0000000090a00000, 0x0000000090a00000, 0x0000000090b00000|  0%| F|  |TAMS 0x0000000090a00000, 0x0000000090a00000| Untracked 
|  93|0x0000000090b00000, 0x0000000090bd0000, 0x0000000090c00000| 81%| S|CS|TAMS 0x0000000090b00000, 0x0000000090b00000| Complete 
|  94|0x0000000090c00000, 0x0000000090d00000, 0x0000000090d00000|100%| S|CS|TAMS 0x0000000090c00000, 0x0000000090c00000| Complete 
|  95|0x0000000090d00000, 0x0000000090d00000, 0x0000000090e00000|  0%| F|  |TAMS 0x0000000090d00000, 0x0000000090d00000| Untracked 
|  96|0x0000000090e00000, 0x0000000090e00000, 0x0000000090f00000|  0%| F|  |TAMS 0x0000000090e00000, 0x0000000090e00000| Untracked 
|  97|0x0000000090f00000, 0x0000000090f00000, 0x0000000091000000|  0%| F|  |TAMS 0x0000000090f00000, 0x0000000090f00000| Untracked 
|  98|0x0000000091000000, 0x0000000091000000, 0x0000000091100000|  0%| F|  |TAMS 0x0000000091000000, 0x0000000091000000| Untracked 
|  99|0x0000000091100000, 0x0000000091100000, 0x0000000091200000|  0%| F|  |TAMS 0x0000000091100000, 0x0000000091100000| Untracked 
| 100|0x0000000091200000, 0x0000000091200000, 0x0000000091300000|  0%| F|  |TAMS 0x0000000091200000, 0x0000000091200000| Untracked 
| 101|0x0000000091300000, 0x0000000091300000, 0x0000000091400000|  0%| F|  |TAMS 0x0000000091300000, 0x0000000091300000| Untracked 
| 102|0x0000000091400000, 0x0000000091400000, 0x0000000091500000|  0%| F|  |TAMS 0x0000000091400000, 0x0000000091400000| Untracked 
| 103|0x0000000091500000, 0x0000000091500000, 0x0000000091600000|  0%| F|  |TAMS 0x0000000091500000, 0x0000000091500000| Untracked 
| 104|0x0000000091600000, 0x0000000091600000, 0x0000000091700000|  0%| F|  |TAMS 0x0000000091600000, 0x0000000091600000| Untracked 
| 105|0x0000000091700000, 0x0000000091700000, 0x0000000091800000|  0%| F|  |TAMS 0x0000000091700000, 0x0000000091700000| Untracked 
| 106|0x0000000091800000, 0x0000000091800000, 0x0000000091900000|  0%| F|  |TAMS 0x0000000091800000, 0x0000000091800000| Untracked 
| 107|0x0000000091900000, 0x0000000091900000, 0x0000000091a00000|  0%| F|  |TAMS 0x0000000091900000, 0x0000000091900000| Untracked 
| 108|0x0000000091a00000, 0x0000000091a00000, 0x0000000091b00000|  0%| F|  |TAMS 0x0000000091a00000, 0x0000000091a00000| Untracked 
| 109|0x0000000091b00000, 0x0000000091c00000, 0x0000000091c00000|100%| E|  |TAMS 0x0000000091b00000, 0x0000000091b00000| Complete 
| 110|0x0000000091c00000, 0x0000000091d00000, 0x0000000091d00000|100%| E|CS|TAMS 0x0000000091c00000, 0x0000000091c00000| Complete 
| 111|0x0000000091d00000, 0x0000000091e00000, 0x0000000091e00000|100%| E|CS|TAMS 0x0000000091d00000, 0x0000000091d00000| Complete 
| 112|0x0000000091e00000, 0x0000000091f00000, 0x0000000091f00000|100%| E|CS|TAMS 0x0000000091e00000, 0x0000000091e00000| Complete 
| 113|0x0000000091f00000, 0x0000000092000000, 0x0000000092000000|100%| E|CS|TAMS 0x0000000091f00000, 0x0000000091f00000| Complete 
| 114|0x0000000092000000, 0x0000000092100000, 0x0000000092100000|100%| E|CS|TAMS 0x0000000092000000, 0x0000000092000000| Complete 
| 115|0x0000000092100000, 0x0000000092200000, 0x0000000092200000|100%| E|CS|TAMS 0x0000000092100000, 0x0000000092100000| Complete 
| 116|0x0000000092200000, 0x0000000092300000, 0x0000000092300000|100%| E|  |TAMS 0x0000000092200000, 0x0000000092200000| Complete 
| 117|0x0000000092300000, 0x0000000092400000, 0x0000000092400000|100%| E|CS|TAMS 0x0000000092300000, 0x0000000092300000| Complete 

Card table byte_map: [0x0000022014460000,0x0000022014810000] _byte_map_base: 0x0000022014009000

Marking Bits (Prev, Next): (CMBitMap*) 0x00000220014a7120, (CMBitMap*) 0x00000220014a7160
 Prev Bits: [0x0000022014bc0000, 0x0000022016908000)
 Next Bits: [0x0000022016910000, 0x0000022018658000)

Polling page: 0x000002207f370000

Metaspace:

Usage:
  Non-class:      7.89 MB used.
      Class:    778.76 KB used.
       Both:      8.66 MB used.

Virtual space:
  Non-class space:       64.00 MB reserved,       8.00 MB ( 12%) committed,  1 nodes.
      Class space:        1.00 GB reserved,     896.00 KB ( <1%) committed,  1 nodes.
             Both:        1.06 GB reserved,       8.88 MB ( <1%) committed. 

Chunk freelists:
   Non-Class:  7.67 MB
       Class:  15.16 MB
        Both:  22.83 MB

MaxMetaspaceSize: unlimited
CompressedClassSpaceSize: 1.00 GB
Initial GC threshold: 21.00 MB
Current GC threshold: 21.00 MB
CDS: off
MetaspaceReclaimPolicy: balanced
 - commit_granule_bytes: 65536.
 - commit_granule_words: 8192.
 - virtual_space_node_default_size: 8388608.
 - enlarge_chunks_in_place: 1.
 - new_chunks_are_fully_committed: 0.
 - uncommit_free_chunks: 1.
 - use_allocation_guard: 0.
 - handle_deallocations: 1.


Internal statistics:

num_allocs_failed_limit: 0.
num_arena_births: 14.
num_arena_deaths: 0.
num_vsnodes_births: 2.
num_vsnodes_deaths: 0.
num_space_committed: 142.
num_space_uncommitted: 0.
num_chunks_returned_to_freelist: 0.
num_chunks_taken_from_freelist: 65.
num_chunk_merges: 0.
num_chunk_splits: 33.
num_chunks_enlarged: 28.
num_inconsistent_stats: 0.

CodeHeap 'non-profiled nmethods': size=119168Kb used=282Kb max_used=282Kb free=118885Kb
 bounds [0x000002200c4d0000, 0x000002200c740000, 0x0000022013930000]
CodeHeap 'profiled nmethods': size=119104Kb used=1636Kb max_used=1636Kb free=117467Kb
 bounds [0x0000022004930000, 0x0000022004ba0000, 0x000002200bd80000]
CodeHeap 'non-nmethods': size=7488Kb used=1124Kb max_used=1144Kb free=6363Kb
 bounds [0x000002200bd80000, 0x000002200bff0000, 0x000002200c4d0000]
 total_blobs=1248 nmethods=841 adapters=320
 compilation: enabled
              stopped_count=0, restarted_count=0
 full_count=0

Compilation events (20 events):
Event: 2.674 Thread 0x000002201b86b010  789  s    3       java.io.FileDescriptor::registerCleanup (27 bytes)
Event: 2.675 Thread 0x000002201b86b010 nmethod 789 0x0000022004aa4b10 code [0x0000022004aa4ce0, 0x0000022004aa5178]
Event: 2.675 Thread 0x000002201b86b010  790       3       java.io.RandomAccessFile::<init> (8 bytes)
Event: 2.675 Thread 0x000002201b86b010 nmethod 790 0x0000022004aa5310 code [0x0000022004aa54a0, 0x0000022004aa55e8]
Event: 2.675 Thread 0x000002201b86b010  791       3       java.io.RandomAccessFile::<init> (262 bytes)
Event: 2.676 Thread 0x000002201b86b010 nmethod 791 0x0000022004aa5690 code [0x0000022004aa5a40, 0x0000022004aa6fc8]
Event: 2.676 Thread 0x000002201b86b010  792       3       java.io.RandomAccessFile::open (7 bytes)
Event: 2.676 Thread 0x000002201b86b010 nmethod 792 0x0000022004aa7790 code [0x0000022004aa7920, 0x0000022004aa7a68]
Event: 2.676 Thread 0x000002201b86b010  795       3       java.util.zip.ZipFile$Source$End::<init> (5 bytes)
Event: 2.676 Thread 0x000002201b86b010 nmethod 795 0x0000022004aa7b10 code [0x0000022004aa7ca0, 0x0000022004aa7df8]
Event: 2.677 Thread 0x000002201b86b010  796       3       java.util.zip.ZipUtils::ENDTOT (7 bytes)
Event: 2.677 Thread 0x000002201b86b010 nmethod 796 0x0000022004aa7e90 code [0x0000022004aa8020, 0x0000022004aa81d8]
Event: 2.677 Thread 0x000002201b86b010  797       3       java.util.zip.ZipUtils::ENDSIZ (7 bytes)
Event: 2.677 Thread 0x000002201b86b010 nmethod 797 0x0000022004aa8310 code [0x0000022004aa84c0, 0x0000022004aa8798]
Event: 2.677 Thread 0x000002201b86b010  798       3       java.util.zip.ZipUtils::ENDOFF (7 bytes)
Event: 2.677 Thread 0x000002201b86b010 nmethod 798 0x0000022004aa8910 code [0x0000022004aa8ac0, 0x0000022004aa8d98]
Event: 2.677 Thread 0x000002201b86b010  799       3       java.util.zip.ZipUtils::ENDCOM (7 bytes)
Event: 2.678 Thread 0x000002201b86b010 nmethod 799 0x0000022004aa8f10 code [0x0000022004aa90a0, 0x0000022004aa9258]
Event: 2.678 Thread 0x000002201b86b010  800       3       java.util.zip.ZipUtils::GETSIG (6 bytes)
Event: 2.678 Thread 0x000002201b86b010 nmethod 800 0x0000022004aa9390 code [0x0000022004aa9540, 0x0000022004aa9818]

GC Heap History (2 events):
Event: 1.045 GC heap before
{Heap before GC invocations=0 (full 0):
 garbage-first heap   total 120832K, used 22528K [0x000000008ae00000, 0x0000000100000000)
  region size 1024K, 23 young (23552K), 0 survivors (0K)
 Metaspace       used 8396K, committed 8512K, reserved 1114112K
  class space    used 732K, committed 768K, reserved 1048576K
}
Event: 1.065 GC heap after
{Heap after GC invocations=1 (full 0):
 garbage-first heap   total 120832K, used 1856K [0x000000008ae00000, 0x0000000100000000)
  region size 1024K, 2 young (2048K), 2 survivors (2048K)
 Metaspace       used 8396K, committed 8512K, reserved 1114112K
  class space    used 732K, committed 768K, reserved 1048576K
}

Dll operation events (2 events):
Event: 0.007 Loaded shared library C:\Program Files\Android\Android Studio\jbr\bin\java.dll
Event: 0.162 Loaded shared library C:\Program Files\Android\Android Studio\jbr\bin\verify.dll

Deoptimization events (20 events):
Event: 1.589 Thread 0x000002200144ebb0 DEOPT PACKING pc=0x000002200c4f2214 sp=0x00000087a25fbf30
Event: 1.589 Thread 0x000002200144ebb0 DEOPT UNPACKING pc=0x000002200bdd69a3 sp=0x00000087a25fbed8 mode 2
Event: 2.446 Thread 0x000002200144ebb0 DEOPT PACKING pc=0x0000022004a38bfc sp=0x00000087a25fbf40
Event: 2.446 Thread 0x000002200144ebb0 DEOPT UNPACKING pc=0x000002200bdd7143 sp=0x00000087a25fb3f0 mode 0
Event: 2.470 Thread 0x000002200144ebb0 DEOPT PACKING pc=0x0000022004971e98 sp=0x00000087a25fc1e0
Event: 2.470 Thread 0x000002200144ebb0 DEOPT UNPACKING pc=0x000002200bdd7143 sp=0x00000087a25fb6a0 mode 0
Event: 2.498 Thread 0x000002200144ebb0 DEOPT PACKING pc=0x000002200498e756 sp=0x00000087a25fbbf0
Event: 2.498 Thread 0x000002200144ebb0 DEOPT UNPACKING pc=0x000002200bdd7143 sp=0x00000087a25fb090 mode 0
Event: 2.659 Thread 0x000002200144ebb0 Uncommon trap: trap_request=0xffffff45 fr.pc=0x000002200c50f020 relative=0x0000000000000960
Event: 2.659 Thread 0x000002200144ebb0 Uncommon trap: reason=unstable_if action=reinterpret pc=0x000002200c50f020 method=java.util.zip.ZipCoder$UTF8ZipCoder.checkedHash([BII)I @ 27 c2
Event: 2.659 Thread 0x000002200144ebb0 DEOPT PACKING pc=0x000002200c50f020 sp=0x00000087a25fbe10
Event: 2.659 Thread 0x000002200144ebb0 DEOPT UNPACKING pc=0x000002200bdd69a3 sp=0x00000087a25fbd68 mode 2
Event: 2.659 Thread 0x000002200144ebb0 Uncommon trap: trap_request=0xffffff45 fr.pc=0x000002200c4da3b4 relative=0x00000000000001b4
Event: 2.659 Thread 0x000002200144ebb0 Uncommon trap: reason=unstable_if action=reinterpret pc=0x000002200c4da3b4 method=java.lang.String.hashCode()I @ 20 c2
Event: 2.659 Thread 0x000002200144ebb0 DEOPT PACKING pc=0x000002200c4da3b4 sp=0x00000087a25fbca0
Event: 2.659 Thread 0x000002200144ebb0 DEOPT UNPACKING pc=0x000002200bdd69a3 sp=0x00000087a25fbc30 mode 2
Event: 2.660 Thread 0x000002200144ebb0 Uncommon trap: trap_request=0xffffff45 fr.pc=0x000002200c510718 relative=0x0000000000000178
Event: 2.660 Thread 0x000002200144ebb0 Uncommon trap: reason=unstable_if action=reinterpret pc=0x000002200c510718 method=java.util.zip.ZipFile$Source.isMetaName([BII)Z @ 57 c2
Event: 2.660 Thread 0x000002200144ebb0 DEOPT PACKING pc=0x000002200c510718 sp=0x00000087a25fbeb0
Event: 2.660 Thread 0x000002200144ebb0 DEOPT UNPACKING pc=0x000002200bdd69a3 sp=0x00000087a25fbe40 mode 2

Classes unloaded (0 events):
No events

Classes redefined (0 events):
No events

Internal exceptions (1 events):
Event: 0.371 Thread 0x000002200144ebb0 Exception <a 'java/lang/NoSuchMethodError'{0x00000000921dafe0}: 'int java.lang.invoke.DirectMethodHandle$Holder.invokeStaticInit(java.lang.Object, java.lang.Object)'> (0x00000000921dafe0) 
thrown [s\src\hotspot\share\interpreter\linkResolver.cpp, line 771]

VM Operations (6 events):
Event: 0.154 Executing VM operation: HandshakeAllThreads
Event: 0.155 Executing VM operation: HandshakeAllThreads done
Event: 1.007 Executing VM operation: G1CollectForAllocation
Event: 1.065 Executing VM operation: G1CollectForAllocation done
Event: 2.066 Executing VM operation: Cleanup
Event: 2.067 Executing VM operation: Cleanup done

Events (20 events):
Event: 1.117 loading class sun/nio/cs/StreamDecoder
Event: 1.118 loading class sun/nio/cs/StreamDecoder done
Event: 1.120 loading class java/util/LinkedList
Event: 1.124 loading class java/util/AbstractSequentialList
Event: 1.124 loading class java/util/AbstractSequentialList done
Event: 1.124 loading class java/util/LinkedList done
Event: 1.124 loading class java/util/LinkedList$Node
Event: 1.124 loading class java/util/LinkedList$Node done
Event: 1.182 loading class java/util/TreeSet
Event: 1.198 loading class java/util/NavigableSet
Event: 1.198 loading class java/util/SortedSet
Event: 1.198 loading class java/util/SortedSet done
Event: 1.198 loading class java/util/NavigableSet done
Event: 1.198 loading class java/util/TreeSet done
Event: 1.199 loading class java/util/TreeMap$KeySet
Event: 1.223 loading class java/util/TreeMap$KeySet done
Event: 1.223 loading class java/util/TreeMap$KeyIterator
Event: 1.223 loading class java/util/TreeMap$PrivateEntryIterator
Event: 1.223 loading class java/util/TreeMap$PrivateEntryIterator done
Event: 1.223 loading class java/util/TreeMap$KeyIterator done


Dynamic libraries:
0x00007ff78f7b0000 - 0x00007ff78f7ba000 	C:\Program Files\Android\Android Studio\jbr\bin\java.exe
0x00007ffb43b40000 - 0x00007ffb43d49000 	C:\Windows\SYSTEM32\ntdll.dll
0x00007ffb42270000 - 0x00007ffb4232d000 	C:\Windows\System32\KERNEL32.DLL
0x00007ffb414d0000 - 0x00007ffb41854000 	C:\Windows\System32\KERNELBASE.dll
0x00007ffb41290000 - 0x00007ffb413a1000 	C:\Windows\System32\ucrtbase.dll
0x00007ffb2a470000 - 0x00007ffb2a487000 	C:\Program Files\Android\Android Studio\jbr\bin\jli.dll
0x00007ffb2b1c0000 - 0x00007ffb2b1db000 	C:\Program Files\Android\Android Studio\jbr\bin\VCRUNTIME140.dll
0x00007ffb43790000 - 0x00007ffb4393d000 	C:\Windows\System32\USER32.dll
0x00007ffb40fd0000 - 0x00007ffb40ff6000 	C:\Windows\System32\win32u.dll
0x00007ffb29340000 - 0x00007ffb295e5000 	C:\Windows\WinSxS\amd64_microsoft.windows.common-controls_6595b64144ccf1df_6.0.22000.120_none_9d947278b86cc467\COMCTL32.dll
0x00007ffb41cc0000 - 0x00007ffb41cea000 	C:\Windows\System32\GDI32.dll
0x00007ffb43a50000 - 0x00007ffb43af3000 	C:\Windows\System32\msvcrt.dll
0x00007ffb41170000 - 0x00007ffb4128e000 	C:\Windows\System32\gdi32full.dll
0x00007ffb413b0000 - 0x00007ffb4144d000 	C:\Windows\System32\msvcp_win.dll
0x00007ffb41b50000 - 0x00007ffb41b81000 	C:\Windows\System32\IMM32.DLL
0x00007ffb2b1b0000 - 0x00007ffb2b1bc000 	C:\Program Files\Android\Android Studio\jbr\bin\vcruntime140_1.dll
0x00007ffb1f520000 - 0x00007ffb1f5ad000 	C:\Program Files\Android\Android Studio\jbr\bin\msvcp140.dll
0x00007ffa66da0000 - 0x00007ffa67a23000 	C:\Program Files\Android\Android Studio\jbr\bin\server\jvm.dll
0x00007ffb42750000 - 0x00007ffb427fe000 	C:\Windows\System32\ADVAPI32.dll
0x00007ffb42d90000 - 0x00007ffb42e2e000 	C:\Windows\System32\sechost.dll
0x00007ffb42e30000 - 0x00007ffb42f51000 	C:\Windows\System32\RPCRT4.dll
0x00007ffb1ff10000 - 0x00007ffb1ff19000 	C:\Windows\SYSTEM32\WSOCK32.dll
0x00007ffb408e0000 - 0x00007ffb4092d000 	C:\Windows\SYSTEM32\POWRPROF.dll
0x00007ffb41cf0000 - 0x00007ffb41d5f000 	C:\Windows\System32\WS2_32.dll
0x00007ffb396b0000 - 0x00007ffb396e3000 	C:\Windows\SYSTEM32\WINMM.dll
0x00007ffb39040000 - 0x00007ffb3904a000 	C:\Windows\SYSTEM32\VERSION.dll
0x00007ffb408c0000 - 0x00007ffb408d3000 	C:\Windows\SYSTEM32\UMPDC.dll
0x00007ffb40000000 - 0x00007ffb40018000 	C:\Windows\SYSTEM32\kernel.appcore.dll
0x00007ffb3d4c0000 - 0x00007ffb3d4ca000 	C:\Program Files\Android\Android Studio\jbr\bin\jimage.dll
0x00007ffb3eb20000 - 0x00007ffb3ed41000 	C:\Windows\SYSTEM32\DBGHELP.DLL
0x00007ffb24910000 - 0x00007ffb24941000 	C:\Windows\SYSTEM32\dbgcore.DLL
0x00007ffb41450000 - 0x00007ffb414cf000 	C:\Windows\System32\bcryptPrimitives.dll
0x00007ffb2e540000 - 0x00007ffb2e565000 	C:\Program Files\Android\Android Studio\jbr\bin\java.dll
0x00007ffb2afb0000 - 0x00007ffb2afc8000 	C:\Program Files\Android\Android Studio\jbr\bin\zip.dll
0x00007ffb42f60000 - 0x00007ffb43725000 	C:\Windows\System32\SHELL32.dll
0x00007ffb3f060000 - 0x00007ffb3f8c2000 	C:\Windows\SYSTEM32\windows.storage.dll
0x00007ffb41ec0000 - 0x00007ffb42236000 	C:\Windows\System32\combase.dll
0x00007ffb3eef0000 - 0x00007ffb3f057000 	C:\Windows\SYSTEM32\wintypes.dll
0x00007ffb42800000 - 0x00007ffb428ea000 	C:\Windows\System32\SHCORE.dll
0x00007ffb423a0000 - 0x00007ffb423fd000 	C:\Windows\System32\shlwapi.dll
0x00007ffb40f00000 - 0x00007ffb40f25000 	C:\Windows\SYSTEM32\profapi.dll
0x00007ffb2af90000 - 0x00007ffb2afa9000 	C:\Program Files\Android\Android Studio\jbr\bin\net.dll
0x00007ffb3b920000 - 0x00007ffb3ba34000 	C:\Windows\SYSTEM32\WINHTTP.dll
0x00007ffb404a0000 - 0x00007ffb40507000 	C:\Windows\system32\mswsock.dll
0x00007ffb2af70000 - 0x00007ffb2af86000 	C:\Program Files\Android\Android Studio\jbr\bin\nio.dll
0x00007ffb2a4a0000 - 0x00007ffb2a4b0000 	C:\Program Files\Android\Android Studio\jbr\bin\verify.dll

dbghelp: loaded successfully - version: 4.0.5 - missing functions: none
symbol engine: initialized successfully - sym options: 0x614 - pdb path: .;C:\Program Files\Android\Android Studio\jbr\bin;C:\Windows\SYSTEM32;C:\Windows\WinSxS\amd64_microsoft.windows.common-controls_6595b64144ccf1df_6.0.22000.120_none_9d947278b86cc467;C:\Program Files\Android\Android Studio\jbr\bin\server

VM Arguments:
jvm_args: -Dorg.gradle.appname=gradlew 
java_command: org.gradle.wrapper.GradleWrapperMain -q -Ptarget-platform=android-x64 -Ptarget=C:\Users\HP PROBOOK\Desktop\smartcalm\lib\main.dart -Pbase-application-name=android.app.Application -Pdart-defines=RkxVVFRFUl9WRVJTSU9OPTMuMzguOQ==,RkxVVFRFUl9DSEFOTkVMPXN0YWJsZQ==,RkxVVFRFUl9HSVRfVVJMPWh0dHBzOi8vZ2l0aHViLmNvbS9mbHV0dGVyL2ZsdXR0ZXIuZ2l0,RkxVVFRFUl9GUkFNRVdPUktfUkVWSVNJT049NjczMjNkZTI4NQ==,RkxVVFRFUl9FTkdJTkVfUkVWSVNJT049NTg3YzE4Zjg3Mw==,RkxVVFRFUl9EQVJUX1ZFUlNJT049My4xMC44 -Pdart-obfuscation=false -Ptrack-widget-creation=true -Ptree-shake-icons=false -Pfilesystem-scheme=org-dartlang-root assembleDebug
java_class_path (initial): C:\Users\HP PROBOOK\Desktop\smartcalm\android\\gradle\wrapper\gradle-wrapper.jar
Launcher Type: SUN_STANDARD

[Global flags]
     intx CICompilerCount                          = 12                                        {product} {ergonomic}
     uint ConcGCThreads                            = 3                                         {product} {ergonomic}
     uint G1ConcRefinementThreads                  = 13                                        {product} {ergonomic}
   size_t G1HeapRegionSize                         = 1048576                                   {product} {ergonomic}
    uintx GCDrainStackTargetSize                   = 64                                        {product} {ergonomic}
   size_t InitialHeapSize                          = 123731968                                 {product} {ergonomic}
   size_t MarkStackSize                            = 4194304                                   {product} {ergonomic}
   size_t MaxHeapSize                              = 1965031424                                {product} {ergonomic}
   size_t MaxNewSize                               = 1178599424                                {product} {ergonomic}
   size_t MinHeapDeltaBytes                        = 1048576                                   {product} {ergonomic}
   size_t MinHeapSize                              = 8388608                                   {product} {ergonomic}
    uintx NonNMethodCodeHeapSize                   = 7602480                                {pd product} {ergonomic}
    uintx NonProfiledCodeHeapSize                  = 122027880                              {pd product} {ergonomic}
    uintx ProfiledCodeHeapSize                     = 122027880                              {pd product} {ergonomic}
    uintx ReservedCodeCacheSize                    = 251658240                              {pd product} {ergonomic}
     bool SegmentedCodeCache                       = true                                      {product} {ergonomic}
   size_t SoftMaxHeapSize                          = 1965031424                             {manageable} {ergonomic}
     bool UseCompressedClassPointers               = true                           {product lp64_product} {ergonomic}
     bool UseCompressedOops                        = true                           {product lp64_product} {ergonomic}
     bool UseG1GC                                  = true                                      {product} {ergonomic}
     bool UseLargePagesIndividualAllocation        = false                                  {pd product} {ergonomic}

Logging:
Log output configuration:
 #0: stdout all=warning uptime,level,tags
 #1: stderr all=off uptime,level,tags

Environment Variables:
JAVA_HOME=C:\Program Files\Android\Android Studio\jbr
CLASSPATH=C:\Users\HP PROBOOK\Desktop\smartcalm\android\\gradle\wrapper\gradle-wrapper.jar
PATH=C:\Program Files\Android\Android Studio\jbr\bin;C:\Users\HP PROBOOK\AppData\Local\Programs\Microsoft VS Code;C:\OracelDB\bin;C:\Program Files\Java\jdk-21.0.10\bin;C:\Windows\system32;C:\Windows;C:\Windows\System32\Wbem;C:\Windows\System32\WindowsPowerShell\v1.0\;C:\Windows\System32\OpenSSH\;C:\Program Files\Git\cmd;C:\Program Files\Git\mingw64\bin;C:\Program Files\Git\usr\bin;C:\Program Files\dotnet\;C:\Program Files\MATLAB\R2024b\bin;c:\Users\HP PROBOOK\Desktop\cursor\resources\app\bin;C:\Users\HP PROBOOK\AppData\Local\Programs\Eclipse Adoptium\jdk-25.0.2.10-hotspot\bin;C:\Users\HP PROBOOK\AppData\Local\Microsoft\WindowsApps;C:\src\flutter\bin;C:\Program Files\Android\Android Studio\bin;C:\Users\HP PROBOOK\AppData\Local\Programs\Microsoft VS Code\bin;C:\Users\HP PROBOOK\AppData\Local\Muse Hub\lib;C:\Users\HP PROBOOK\AppData\Local\Packages\PythonSoftwareFoundation.Python.3.13_qbz5n2kfra8p0\LocalCache\local-packages\Python313\Scripts;C:\Users\HP PROBOOK\Downloads\Redis-x64-3.2.100;C:\Users\HP PROBOOK\Desktop\cursor\resources\app\bin;C:\Users\HP PROBOOK\AppData\Local\Programs\cursor\resources\app\bin;C:\Program Files\nodejs\;C:\Users\HP PROBOOK\AppData\Local\Programs\Eclipse Adoptium\jdk-25.0.2.10-hotspot\bin;C:\Users\HP PROBOOK\AppData\Local\Microsoft\WindowsApps;C:\src\flutter\bin;C:\Program Files\Android\Android Studio\bin;C:\Users\HP PROBOOK\AppData\Local\Programs\Microsoft VS Code\bin;C:\Users\HP PROBOOK\AppData\Local\Muse Hub\lib;C:\Users\HP PROBOOK\AppData\Local\Packages\PythonSoftwareFoundation.Python.3.13_qbz5n2kfra8p0\LocalCache\local-packages\Python313\Scripts;C:\Users\HP PROBOOK\Downloads\Redis-x64-3.2.100;C:\Users\HP PROBOOK\Desktop\cursor\resources\app\bin;C:\Users\HP PROBOOK\AppData\Local\Programs\cursor\resources\app\bin;C:\Program Files\Java\latest\jdk-21\bin;C:\Users\HP PROBOOK\AppData\Roaming\npm;C:\src\flutter\bin\mingit\cmd;C:\src\flutter\bin\mingit\cmd
USERNAME=HP PROBOOK
OS=Windows_NT
PROCESSOR_IDENTIFIER=AMD64 Family 25 Model 80 Stepping 0, AuthenticAMD
TMP=C:\Users\HPPROB~1\AppData\Local\Temp
TEMP=C:\Users\HPPROB~1\AppData\Local\Temp



Periodic native trim disabled

JNI global refs:
JNI global refs: 17, weak refs: 0

JNI global refs memory usage: 843, weak refs: 209

Process memory usage:
Resident Set Size: 77976K (1% of 7668804K total physical memory with 379352K free physical memory)

OOME stack traces (most recent first):
Classloader memory used:
Loader bootstrap                                                                       : 1042K
Loader java.net.URLClassLoader                                                         : 29270B
Loader org.gradle.internal.classloader.VisitableURLClassLoader                         : 23426B
Loader jdk.internal.loader.ClassLoaders$AppClassLoader                                 : 18431B

Classes loaded by more than one classloader:
Class org.gradle.api.GradleException                                                  : loaded 2 times (x 80B)
Class org.gradle.api.Action                                                           : loaded 2 times (x 68B)


---------------  S Y S T E M  ---------------

OS:
 Windows 11 , 64 bit Build 22000 (10.0.22000.2538)
OS uptime: 1 days 1:57 hours
Hyper-V role detected

CPU: total 16 (initial active 16) (16 cores per cpu, 2 threads per core) family 25 model 80 stepping 0 microcode 0x0, cx8, cmov, fxsr, ht, mmx, 3dnowpref, sse, sse2, sse3, ssse3, sse4a, sse4.1, sse4.2, popcnt, lzcnt, tsc, tscinvbit, avx, avx2, aes, erms, clmul, bmi1, bmi2, adx, sha, fma, vzeroupper, clflush, clflushopt, hv
Processor Information for all 16 processors :
  Max Mhz: 2000, Current Mhz: 2000, Mhz Limit: 2000

Memory: 4k page, system-wide physical 7489M (370M free)
TotalPageFile size 30017M (AvailPageFile size 261M)
current process WorkingSet (physical memory assigned to process): 76M, peak: 76M
current process commit charge ("private bytes"): 220M, peak: 221M

vm_info: OpenJDK 64-Bit Server VM (17.0.11+0--11852314) for windows-amd64 JRE (17.0.11+0--11852314), built on May 16 2024 21:29:20 by "androidbuild" with MS VC++ 16.10 / 16.11 (VS2019)

END.
