#
# There is insufficient memory for the Java Runtime Environment to continue.
# Native memory allocation (mmap) failed to map 92274688 bytes. Error detail: G1 virtual space
# Possible reasons:
#   The system is out of physical RAM or swap space
#   This process is running with CompressedOops enabled, and the Java Heap may be blocking the growth of the native heap
# Possible solutions:
#   Reduce memory load on the system
#   Increase physical memory or swap space
#   Check if swap backing store is full
#   Decrease Java heap size (-Xmx/-Xms)
#   Decrease number of Java threads
#   Decrease Java thread stack sizes (-Xss)
#   Set larger code cache with -XX:ReservedCodeCacheSize=
#   JVM is running with Zero Based Compressed Oops mode in which the Java heap is
#     placed in the first 32GB address space. The Java Heap base address is the
#     maximum limit for the native heap growth. Please use -XX:HeapBaseMinAddress
#     to set the Java Heap base and to place the Java Heap above 32GB virtual address.
# This output file may be truncated or incomplete.
#
#  Out of Memory Error (os_windows.cpp:3825), pid=7452, tid=5444
#
# JRE version: OpenJDK Runtime Environment (17.0.11) (build 17.0.11+0--11852314)
# Java VM: OpenJDK 64-Bit Server VM (17.0.11+0--11852314, mixed mode, tiered, compressed oops, compressed class ptrs, g1 gc, windows-amd64)
# No core dump will be written. Minidumps are not enabled by default on client versions of Windows
#

---------------  S U M M A R Y ------------

Command Line: --add-opens=java.base/java.lang=ALL-UNNAMED --add-opens=java.base/java.lang.invoke=ALL-UNNAMED --add-opens=java.base/java.util=ALL-UNNAMED --add-opens=java.prefs/java.util.prefs=ALL-UNNAMED --add-exports=jdk.compiler/com.sun.tools.javac.api=ALL-UNNAMED --add-exports=jdk.compiler/com.sun.tools.javac.util=ALL-UNNAMED --add-opens=java.base/java.util=ALL-UNNAMED --add-opens=java.prefs/java.util.prefs=ALL-UNNAMED --add-opens=java.base/java.nio.charset=ALL-UNNAMED --add-opens=java.base/java.net=ALL-UNNAMED --add-opens=java.base/java.util.concurrent.atomic=ALL-UNNAMED --add-opens=java.xml/javax.xml.namespace=ALL-UNNAMED -XX:MaxMetaspaceSize=4G -XX:ReservedCodeCacheSize=512m -XX:+HeapDumpOnOutOfMemoryError -Xmx8G -Dfile.encoding=windows-1256 -Duser.country=US -Duser.language=en -Duser.variant -javaagent:C:\Users\HP PROBOOK\.gradle\wrapper\dists\gradle-8.14-all\c2qonpi39x1mddn7hk5gh9iqj\gradle-8.14\lib\agents\gradle-instrumentation-agent-8.14.jar org.gradle.launcher.daemon.bootstrap.GradleDaemon 8.14

Host: AMD Ryzen 7 5825U with Radeon Graphics         , 16 cores, 7G,  Windows 11 , 64 bit Build 22000 (10.0.22000.2538)
Time: Fri May 15 19:16:30 2026 Jordan Standard Time elapsed time: 8.485125 seconds (0d 0h 0m 8s)

---------------  T H R E A D  ---------------

Current thread (0x000001adf7aeeb30):  VMThread "VM Thread" [stack: 0x000000a516800000,0x000000a516900000] [id=5444]

Stack: [0x000000a516800000,0x000000a516900000]
Native frames: (J=compiled Java code, j=interpreted, Vv=VM code, C=native code)
V  [jvm.dll+0x687bb9]
V  [jvm.dll+0x84142a]
V  [jvm.dll+0x8430ae]
V  [jvm.dll+0x843713]
V  [jvm.dll+0x24a35f]
V  [jvm.dll+0x684989]
V  [jvm.dll+0x67923a]
V  [jvm.dll+0x30af0b]
V  [jvm.dll+0x3123b6]
V  [jvm.dll+0x361dfe]
V  [jvm.dll+0x36202f]
V  [jvm.dll+0x2e0d38]
V  [jvm.dll+0x2df144]
V  [jvm.dll+0x2de74c]
V  [jvm.dll+0x32305b]
V  [jvm.dll+0x847e0b]
V  [jvm.dll+0x848b42]
V  [jvm.dll+0x84905d]
V  [jvm.dll+0x849434]
V  [jvm.dll+0x849500]
V  [jvm.dll+0x7efa4a]
V  [jvm.dll+0x686a35]
C  [ucrtbase.dll+0x26c0c]
C  [KERNEL32.DLL+0x153e0]
C  [ntdll.dll+0x485b]

VM_Operation (0x000000a5184ece20): G1CollectForAllocation, mode: safepoint, requested by thread 0x000001adff68e980


---------------  P R O C E S S  ---------------

Threads class SMR info:
_java_thread_list=0x000001ad8383eac0, length=82, elements={
0x000001adc089fb70, 0x000001adfaa342b0, 0x000001adfaa36c90, 0x000001adfaa76740,
0x000001adfaa98460, 0x000001adfaa99340, 0x000001adfaa99d00, 0x000001adfaa9ee60,
0x000001adfaaa0c70, 0x000001adfaaacb80, 0x000001adfabeb340, 0x000001adfabeda60,
0x000001adfabee390, 0x000001adfadc3820, 0x000001adff68f3a0, 0x000001adff692130,
0x000001adff691200, 0x000001adff691710, 0x000001adff690cf0, 0x000001adff68fdc0,
0x000001adff68e980, 0x000001adff68ee90, 0x000001adff6907e0, 0x000001adff691c20,
0x000001ad81243050, 0x000001ad81244eb0, 0x000001ad812458d0, 0x000001ad81242b40,
0x000001ad81243560, 0x000001ad81243a70, 0x000001ad812462f0, 0x000001ad81244490,
0x000001ad812449a0, 0x000001ad81d4cf20, 0x000001ad81d4b5d0, 0x000001ad81d510f0,
0x000001ad81d4bae0, 0x000001ad81d4a6a0, 0x000001ad81d4f290, 0x000001ad81d4ed80,
0x000001ad81d4bff0, 0x000001ad81d49c80, 0x000001ad81d50be0, 0x000001ad81d4c500,
0x000001ad81d4a190, 0x000001ad81d4f7a0, 0x000001ad81d4fcb0, 0x000001ad81d501c0,
0x000001ad81d4d430, 0x000001ad81d4abb0, 0x000001ad81d4b0c0, 0x000001ad81d506d0,
0x000001ad81d4ca10, 0x000001ad81d4d940, 0x000001ad81d51600, 0x000001ad81d4de50,
0x000001ad81d4e360, 0x000001ad81d4e870, 0x000001ad8390ffe0, 0x000001ad83911420,
0x000001ad83913280, 0x000001ad8390fad0, 0x000001ad839141b0, 0x000001ad83910a00,
0x000001ad839155f0, 0x000001ad8390e690, 0x000001ad839104f0, 0x000001ad83912860,
0x000001ad8390e180, 0x000001ad83910f10, 0x000001ad83914bd0, 0x000001ad83911e40,
0x000001ad83913790, 0x000001ad83911930, 0x000001ad83912350, 0x000001ad83912d70,
0x000001ad839146c0, 0x000001ad83913ca0, 0x000001ad8390f5c0, 0x000001ad839150e0,
0x000001ad83915b00, 0x000001ad8390eba0
}

Java Threads: ( => current thread )
  0x000001adc089fb70 JavaThread "main" [_thread_blocked, id=6228, stack(0x000000a516200000,0x000000a516300000)]
  0x000001adfaa342b0 JavaThread "Reference Handler" daemon [_thread_blocked, id=25056, stack(0x000000a516900000,0x000000a516a00000)]
  0x000001adfaa36c90 JavaThread "Finalizer" daemon [_thread_blocked, id=13432, stack(0x000000a516a00000,0x000000a516b00000)]
  0x000001adfaa76740 JavaThread "Signal Dispatcher" daemon [_thread_blocked, id=18500, stack(0x000000a516b00000,0x000000a516c00000)]
  0x000001adfaa98460 JavaThread "Attach Listener" daemon [_thread_blocked, id=16332, stack(0x000000a516c00000,0x000000a516d00000)]
  0x000001adfaa99340 JavaThread "Service Thread" daemon [_thread_blocked, id=12368, stack(0x000000a516d00000,0x000000a516e00000)]
  0x000001adfaa99d00 JavaThread "Monitor Deflation Thread" daemon [_thread_blocked, id=14420, stack(0x000000a516e00000,0x000000a516f00000)]
  0x000001adfaa9ee60 JavaThread "C2 CompilerThread0" daemon [_thread_blocked, id=14424, stack(0x000000a516f00000,0x000000a517000000)]
  0x000001adfaaa0c70 JavaThread "C1 CompilerThread0" daemon [_thread_blocked, id=25376, stack(0x000000a517000000,0x000000a517100000)]
  0x000001adfaaacb80 JavaThread "Sweeper thread" daemon [_thread_blocked, id=14956, stack(0x000000a517100000,0x000000a517200000)]
  0x000001adfabeb340 JavaThread "Common-Cleaner" daemon [_thread_blocked, id=15916, stack(0x000000a517200000,0x000000a517300000)]
  0x000001adfabeda60 JavaThread "C1 CompilerThread1" daemon [_thread_blocked, id=6864, stack(0x000000a517300000,0x000000a517400000)]
  0x000001adfabee390 JavaThread "C1 CompilerThread2" daemon [_thread_blocked, id=24272, stack(0x000000a517400000,0x000000a517500000)]
  0x000001adfadc3820 JavaThread "Notification Thread" daemon [_thread_blocked, id=8332, stack(0x000000a517500000,0x000000a517600000)]
  0x000001adff68f3a0 JavaThread "Daemon health stats" [_thread_blocked, id=964, stack(0x000000a517b00000,0x000000a517c00000)]
  0x000001adff692130 JavaThread "Incoming local TCP Connector on port 57983" [_thread_in_native, id=8640, stack(0x000000a517f00000,0x000000a518000000)]
  0x000001adff691200 JavaThread "Daemon periodic checks" [_thread_blocked, id=14448, stack(0x000000a518000000,0x000000a518100000)]
  0x000001adff691710 JavaThread "Daemon" [_thread_blocked, id=7936, stack(0x000000a518100000,0x000000a518200000)]
  0x000001adff690cf0 JavaThread "Handler for socket connection from /127.0.0.1:57983 to /127.0.0.1:57984" [_thread_in_native, id=27936, stack(0x000000a518200000,0x000000a518300000)]
  0x000001adff68fdc0 JavaThread "Cancel handler" [_thread_blocked, id=21248, stack(0x000000a518300000,0x000000a518400000)]
  0x000001adff68e980 JavaThread "Daemon worker" [_thread_blocked, id=26656, stack(0x000000a518400000,0x000000a518500000)]
  0x000001adff68ee90 JavaThread "Asynchronous log dispatcher for DefaultDaemonConnection: socket connection from /127.0.0.1:57983 to /127.0.0.1:57984" [_thread_blocked, id=13564, stack(0x000000a518500000,0x000000a518600000)]
  0x000001adff6907e0 JavaThread "Stdin handler" [_thread_blocked, id=28308, stack(0x000000a518600000,0x000000a518700000)]
  0x000001adff691c20 JavaThread "Daemon client event forwarder" [_thread_blocked, id=23800, stack(0x000000a518700000,0x000000a518800000)]
  0x000001ad81243050 JavaThread "Cache worker for journal cache (C:\Users\HP PROBOOK\.gradle\caches\journal-1)" [_thread_blocked, id=8728, stack(0x000000a518f00000,0x000000a519000000)]
  0x000001ad81244eb0 JavaThread "File lock request listener" [_thread_in_native, id=28156, stack(0x000000a519000000,0x000000a519100000)]
  0x000001ad812458d0 JavaThread "Cache worker for file hash cache (C:\Users\HP PROBOOK\.gradle\caches\8.14\fileHashes)" [_thread_blocked, id=27968, stack(0x000000a519100000,0x000000a519200000)]
  0x000001ad81242b40 JavaThread "Cache worker for file hash cache (C:\Users\HP PROBOOK\Desktop\smartcalm\android\.gradle\8.14\fileHashes)" [_thread_blocked, id=12704, stack(0x000000a519200000,0x000000a519300000)]
  0x000001ad81243560 JavaThread "Cache worker for Build Output Cleanup Cache (C:\Users\HP PROBOOK\Desktop\smartcalm\android\.gradle\buildOutputCleanup)" [_thread_blocked, id=19736, stack(0x000000a519300000,0x000000a519400000)]
  0x000001ad81243a70 JavaThread "File watcher server" daemon [_thread_in_native, id=18220, stack(0x000000a519400000,0x000000a519500000)]
  0x000001ad812462f0 JavaThread "File watcher consumer" daemon [_thread_blocked, id=17072, stack(0x000000a519500000,0x000000a519600000)]
  0x000001ad81244490 JavaThread "Cache worker for checksums cache (C:\Users\HP PROBOOK\Desktop\smartcalm\android\.gradle\8.14\checksums)" [_thread_blocked, id=23436, stack(0x000000a519600000,0x000000a519700000)]
  0x000001ad812449a0 JavaThread "Cache worker for file content cache (C:\Users\HP PROBOOK\.gradle\caches\8.14\fileContent)" [_thread_blocked, id=12356, stack(0x000000a519700000,0x000000a519800000)]
  0x000001ad81d4cf20 JavaThread "Cache worker for cache directory md-supplier (C:\Users\HP PROBOOK\.gradle\caches\8.14\md-supplier)" [_thread_blocked, id=3152, stack(0x000000a519800000,0x000000a519900000)]
  0x000001ad81d4b5d0 JavaThread "Cache worker for cache directory md-rule (C:\Users\HP PROBOOK\.gradle\caches\8.14\md-rule)" [_thread_blocked, id=17292, stack(0x000000a519900000,0x000000a519a00000)]
  0x000001ad81d510f0 JavaThread "Cache worker for Build Output Cleanup Cache (C:\src\flutter\packages\flutter_tools\gradle\.gradle\buildOutputCleanup)" [_thread_blocked, id=27772, stack(0x000000a519a00000,0x000000a519b00000)]
  0x000001ad81d4bae0 JavaThread "Unconstrained build operations" [_thread_blocked, id=9176, stack(0x000000a519b00000,0x000000a519c00000)]
  0x000001ad81d4a6a0 JavaThread "Unconstrained build operations Thread 2" [_thread_blocked, id=6772, stack(0x000000a519c00000,0x000000a519d00000)]
  0x000001ad81d4f290 JavaThread "Unconstrained build operations Thread 3" [_thread_blocked, id=28272, stack(0x000000a519d00000,0x000000a519e00000)]
  0x000001ad81d4ed80 JavaThread "Unconstrained build operations Thread 4" [_thread_blocked, id=28260, stack(0x000000a519e00000,0x000000a519f00000)]
  0x000001ad81d4bff0 JavaThread "Unconstrained build operations Thread 5" [_thread_blocked, id=4120, stack(0x000000a519f00000,0x000000a51a000000)]
  0x000001ad81d49c80 JavaThread "Unconstrained build operations Thread 6" [_thread_blocked, id=23812, stack(0x000000a51a000000,0x000000a51a100000)]
  0x000001ad81d50be0 JavaThread "Unconstrained build operations Thread 7" [_thread_blocked, id=16524, stack(0x000000a51a100000,0x000000a51a200000)]
  0x000001ad81d4c500 JavaThread "Unconstrained build operations Thread 8" [_thread_blocked, id=16132, stack(0x000000a51a200000,0x000000a51a300000)]
  0x000001ad81d4a190 JavaThread "Unconstrained build operations Thread 9" [_thread_blocked, id=27668, stack(0x000000a51a300000,0x000000a51a400000)]
  0x000001ad81d4f7a0 JavaThread "Unconstrained build operations Thread 10" [_thread_blocked, id=6040, stack(0x000000a51a400000,0x000000a51a500000)]
  0x000001ad81d4fcb0 JavaThread "Unconstrained build operations Thread 11" [_thread_blocked, id=9904, stack(0x000000a51a500000,0x000000a51a600000)]
  0x000001ad81d501c0 JavaThread "Unconstrained build operations Thread 12" [_thread_blocked, id=27492, stack(0x000000a51a600000,0x000000a51a700000)]
  0x000001ad81d4d430 JavaThread "Unconstrained build operations Thread 13" [_thread_blocked, id=6176, stack(0x000000a51a700000,0x000000a51a800000)]
  0x000001ad81d4abb0 JavaThread "Unconstrained build operations Thread 14" [_thread_blocked, id=26040, stack(0x000000a51a800000,0x000000a51a900000)]
  0x000001ad81d4b0c0 JavaThread "Unconstrained build operations Thread 15" [_thread_blocked, id=24612, stack(0x000000a51a900000,0x000000a51aa00000)]
  0x000001ad81d506d0 JavaThread "Unconstrained build operations Thread 16" [_thread_blocked, id=20496, stack(0x000000a51aa00000,0x000000a51ab00000)]
  0x000001ad81d4ca10 JavaThread "Unconstrained build operations Thread 17" [_thread_blocked, id=19472, stack(0x000000a51ab00000,0x000000a51ac00000)]
  0x000001ad81d4d940 JavaThread "Unconstrained build operations Thread 18" [_thread_blocked, id=1628, stack(0x000000a51ac00000,0x000000a51ad00000)]
  0x000001ad81d51600 JavaThread "Unconstrained build operations Thread 19" [_thread_blocked, id=15092, stack(0x000000a51ad00000,0x000000a51ae00000)]
  0x000001ad81d4de50 JavaThread "Unconstrained build operations Thread 20" [_thread_blocked, id=12988, stack(0x000000a51ae00000,0x000000a51af00000)]
  0x000001ad81d4e360 JavaThread "Unconstrained build operations Thread 21" [_thread_blocked, id=24956, stack(0x000000a51af00000,0x000000a51b000000)]
  0x000001ad81d4e870 JavaThread "Unconstrained build operations Thread 22" [_thread_blocked, id=19824, stack(0x000000a51b000000,0x000000a51b100000)]
  0x000001ad8390ffe0 JavaThread "Unconstrained build operations Thread 23" [_thread_blocked, id=9356, stack(0x000000a51b100000,0x000000a51b200000)]
  0x000001ad83911420 JavaThread "Unconstrained build operations Thread 24" [_thread_blocked, id=15928, stack(0x000000a51b200000,0x000000a51b300000)]
  0x000001ad83913280 JavaThread "Unconstrained build operations Thread 25" [_thread_blocked, id=25708, stack(0x000000a51b300000,0x000000a51b400000)]
  0x000001ad8390fad0 JavaThread "Unconstrained build operations Thread 26" [_thread_blocked, id=10324, stack(0x000000a51b400000,0x000000a51b500000)]
  0x000001ad839141b0 JavaThread "Unconstrained build operations Thread 27" [_thread_blocked, id=23924, stack(0x000000a51b500000,0x000000a51b600000)]
  0x000001ad83910a00 JavaThread "Unconstrained build operations Thread 28" [_thread_blocked, id=8824, stack(0x000000a51b600000,0x000000a51b700000)]
  0x000001ad839155f0 JavaThread "Unconstrained build operations Thread 29" [_thread_blocked, id=9320, stack(0x000000a51b700000,0x000000a51b800000)]
  0x000001ad8390e690 JavaThread "Unconstrained build operations Thread 30" [_thread_blocked, id=22208, stack(0x000000a51b800000,0x000000a51b900000)]
  0x000001ad839104f0 JavaThread "Unconstrained build operations Thread 31" [_thread_blocked, id=23452, stack(0x000000a51b900000,0x000000a51ba00000)]
  0x000001ad83912860 JavaThread "Unconstrained build operations Thread 32" [_thread_blocked, id=22652, stack(0x000000a51ba00000,0x000000a51bb00000)]
  0x000001ad8390e180 JavaThread "Unconstrained build operations Thread 33" [_thread_blocked, id=25128, stack(0x000000a51bb00000,0x000000a51bc00000)]
  0x000001ad83910f10 JavaThread "Unconstrained build operations Thread 34" [_thread_blocked, id=16264, stack(0x000000a51bc00000,0x000000a51bd00000)]
  0x000001ad83914bd0 JavaThread "Unconstrained build operations Thread 35" [_thread_blocked, id=2952, stack(0x000000a51bd00000,0x000000a51be00000)]
  0x000001ad83911e40 JavaThread "Unconstrained build operations Thread 36" [_thread_blocked, id=6028, stack(0x000000a51be00000,0x000000a51bf00000)]
  0x000001ad83913790 JavaThread "Unconstrained build operations Thread 37" [_thread_blocked, id=21672, stack(0x000000a51bf00000,0x000000a51c000000)]
  0x000001ad83911930 JavaThread "Unconstrained build operations Thread 38" [_thread_blocked, id=22472, stack(0x000000a51c000000,0x000000a51c100000)]
  0x000001ad83912350 JavaThread "Unconstrained build operations Thread 39" [_thread_blocked, id=6200, stack(0x000000a51c100000,0x000000a51c200000)]
  0x000001ad83912d70 JavaThread "Unconstrained build operations Thread 40" [_thread_blocked, id=15952, stack(0x000000a51c200000,0x000000a51c300000)]
  0x000001ad839146c0 JavaThread "Unconstrained build operations Thread 41" [_thread_blocked, id=3364, stack(0x000000a51c300000,0x000000a51c400000)]
  0x000001ad83913ca0 JavaThread "Unconstrained build operations Thread 42" [_thread_blocked, id=12384, stack(0x000000a51c400000,0x000000a51c500000)]
  0x000001ad8390f5c0 JavaThread "Unconstrained build operations Thread 43" [_thread_blocked, id=7788, stack(0x000000a51c500000,0x000000a51c600000)]
  0x000001ad839150e0 JavaThread "Unconstrained build operations Thread 44" [_thread_blocked, id=1644, stack(0x000000a51c600000,0x000000a51c700000)]
  0x000001ad83915b00 JavaThread "Unconstrained build operations Thread 45" [_thread_blocked, id=23788, stack(0x000000a51c700000,0x000000a51c800000)]
  0x000001ad8390eba0 JavaThread "Memory manager" [_thread_blocked, id=20584, stack(0x000000a51c800000,0x000000a51c900000)]

Other Threads:
=>0x000001adf7aeeb30 VMThread "VM Thread" [stack: 0x000000a516800000,0x000000a516900000] [id=5444]
  0x000001adfacfe930 WatcherThread [stack: 0x000000a517600000,0x000000a517700000] [id=10652]
  0x000001adc094f1f0 GCTaskThread "GC Thread#0" [stack: 0x000000a516300000,0x000000a516400000] [id=16036]
  0x000001adff1a16d0 GCTaskThread "GC Thread#1" [stack: 0x000000a517700000,0x000000a517800000] [id=7464]
  0x000001adff2149f0 GCTaskThread "GC Thread#2" [stack: 0x000000a517800000,0x000000a517900000] [id=21120]
  0x000001adff4b8050 GCTaskThread "GC Thread#3" [stack: 0x000000a517900000,0x000000a517a00000] [id=14732]
  0x000001ad804e6750 GCTaskThread "GC Thread#4" [stack: 0x000000a517a00000,0x000000a517b00000] [id=28384]
  0x000001ad8105b220 GCTaskThread "GC Thread#5" [stack: 0x000000a517c00000,0x000000a517d00000] [id=16820]
  0x000001ad810c1030 GCTaskThread "GC Thread#6" [stack: 0x000000a517d00000,0x000000a517e00000] [id=7836]
  0x000001ad810d57f0 GCTaskThread "GC Thread#7" [stack: 0x000000a517e00000,0x000000a517f00000] [id=23068]
  0x000001ad811aff20 GCTaskThread "GC Thread#8" [stack: 0x000000a518800000,0x000000a518900000] [id=6064]
  0x000001ad811b01e0 GCTaskThread "GC Thread#9" [stack: 0x000000a518900000,0x000000a518a00000] [id=19800]
  0x000001ad811b04a0 GCTaskThread "GC Thread#10" [stack: 0x000000a518a00000,0x000000a518b00000] [id=15680]
  0x000001ad811b0760 GCTaskThread "GC Thread#11" [stack: 0x000000a518b00000,0x000000a518c00000] [id=27520]
  0x000001ad811b0ce0 GCTaskThread "GC Thread#12" [stack: 0x000000a518c00000,0x000000a518d00000] [id=4388]
  0x000001adf78f4090 ConcurrentGCThread "G1 Main Marker" [stack: 0x000000a516400000,0x000000a516500000] [id=3148]
  0x000001adf78f4950 ConcurrentGCThread "G1 Conc#0" [stack: 0x000000a516500000,0x000000a516600000] [id=15196]
  0x000001ad811af9a0 ConcurrentGCThread "G1 Conc#1" [stack: 0x000000a518d00000,0x000000a518e00000] [id=8672]
  0x000001ad811af160 ConcurrentGCThread "G1 Conc#2" [stack: 0x000000a518e00000,0x000000a518f00000] [id=20140]
  0x000001adf7974620 ConcurrentGCThread "G1 Refine#0" [stack: 0x000000a516600000,0x000000a516700000] [id=25964]
  0x000001adf7976f00 ConcurrentGCThread "G1 Service" [stack: 0x000000a516700000,0x000000a516800000] [id=9756]

Threads with active compile tasks:
C2 CompilerThread0     8522 4229       4       java.net.URLStreamHandler::toExternalForm (156 bytes)

VM state: at safepoint (normal execution)

VM Mutex/Monitor currently owned by a thread:  ([mutex/lock_event])
[0x000001adc089b950] Threads_lock - owner thread: 0x000001adf7aeeb30
[0x000001adc089afc0] Heap_lock - owner thread: 0x000001adff68e980

Heap address: 0x0000000600000000, size: 8192 MB, Compressed Oops mode: Zero based, Oop shift amount: 3

CDS archive(s) not mapped
Compressed class space mapped at: 0x0000000800000000-0x0000000840000000, reserved size: 1073741824
Narrow klass base: 0x0000000800000000, Narrow klass shift: 0, Narrow klass range: 0x40000000

GC Precious Log:
 CPUs: 16 total, 16 available
 Memory: 7489M
 Large Page Support: Disabled
 NUMA Support: Disabled
 Compressed Oops: Enabled (Zero based)
 Heap Region Size: 4M
 Heap Min Capacity: 8M
 Heap Initial Capacity: 120M
 Heap Max Capacity: 8G
 Pre-touch: Disabled
 Parallel Workers: 13
 Concurrent Workers: 3
 Concurrent Refinement Workers: 13
 Periodic GC: Disabled

Heap:
 garbage-first heap   total 131072K, used 49337K [0x0000000600000000, 0x0000000800000000)
  region size 4096K, 2 young (8192K), 2 survivors (8192K)
 Metaspace       used 63146K, committed 63616K, reserved 1114112K
  class space    used 8748K, committed 8960K, reserved 1048576K

Heap Regions: E=young(eden), S=young(survivor), O=old, HS=humongous(starts), HC=humongous(continues), CS=collection set, F=free, OA=open archive, CA=closed archive, TAMS=top-at-mark-start (previous, next)
|   0|0x0000000600000000, 0x0000000600400000, 0x0000000600400000|100%|HS|  |TAMS 0x0000000600400000, 0x0000000600000000| Complete 
|   1|0x0000000600400000, 0x0000000600800000, 0x0000000600800000|100%| O|  |TAMS 0x0000000600800000, 0x0000000600400000| Untracked 
|   2|0x0000000600800000, 0x0000000600c00000, 0x0000000600c00000|100%| O|  |TAMS 0x0000000600c00000, 0x0000000600800000| Untracked 
|   3|0x0000000600c00000, 0x0000000601000000, 0x0000000601000000|100%| O|  |TAMS 0x0000000601000000, 0x0000000600c00000| Untracked 
|   4|0x0000000601000000, 0x0000000601400000, 0x0000000601400000|100%| O|  |TAMS 0x0000000601400000, 0x0000000601000000| Untracked 
|   5|0x0000000601400000, 0x0000000601800000, 0x0000000601800000|100%| O|  |TAMS 0x0000000601800000, 0x0000000601400000| Untracked 
|   6|0x0000000601800000, 0x0000000601c00000, 0x0000000601c00000|100%| O|  |TAMS 0x0000000601800000, 0x0000000601800000| Untracked 
|   7|0x0000000601c00000, 0x0000000602000000, 0x0000000602000000|100%| O|  |TAMS 0x0000000602000000, 0x0000000601c00000| Untracked 
|   8|0x0000000602000000, 0x0000000602400000, 0x0000000602400000|100%| O|  |TAMS 0x00000006022a5e00, 0x0000000602000000| Untracked 
|   9|0x0000000602400000, 0x0000000602800000, 0x0000000602800000|100%|HS|  |TAMS 0x0000000602400000, 0x0000000602400000| Complete 
|  10|0x0000000602800000, 0x00000006029a3600, 0x0000000602c00000| 40%| O|  |TAMS 0x0000000602800000, 0x0000000602800000| Untracked 
|  11|0x0000000602c00000, 0x0000000602c00000, 0x0000000603000000|  0%| F|  |TAMS 0x0000000602c00000, 0x0000000602c00000| Untracked 
|  12|0x0000000603000000, 0x0000000603000000, 0x0000000603400000|  0%| F|  |TAMS 0x0000000603000000, 0x0000000603000000| Untracked 
|  13|0x0000000603400000, 0x000000060368b1a0, 0x0000000603800000| 63%| S|CS|TAMS 0x0000000603400000, 0x0000000603400000| Complete 
|  14|0x0000000603800000, 0x0000000603c00000, 0x0000000603c00000|100%| S|CS|TAMS 0x0000000603800000, 0x0000000603800000| Complete 
|  15|0x0000000603c00000, 0x0000000603c00000, 0x0000000604000000|  0%| F|  |TAMS 0x0000000603c00000, 0x0000000603c00000| Untracked 
|  16|0x0000000604000000, 0x0000000604000000, 0x0000000604400000|  0%| F|  |TAMS 0x0000000604000000, 0x0000000604000000| Untracked 
|  17|0x0000000604400000, 0x0000000604400000, 0x0000000604800000|  0%| F|  |TAMS 0x0000000604400000, 0x0000000604400000| Untracked 
|  18|0x0000000604800000, 0x0000000604800000, 0x0000000604c00000|  0%| F|  |TAMS 0x0000000604800000, 0x0000000604800000| Untracked 
|  19|0x0000000604c00000, 0x0000000604c00000, 0x0000000605000000|  0%| F|  |TAMS 0x0000000604c00000, 0x0000000604c00000| Untracked 
|  20|0x0000000605000000, 0x0000000605000000, 0x0000000605400000|  0%| F|  |TAMS 0x0000000605000000, 0x0000000605000000| Untracked 
|  21|0x0000000605400000, 0x0000000605400000, 0x0000000605800000|  0%| F|  |TAMS 0x0000000605400000, 0x0000000605400000| Untracked 
|  22|0x0000000605800000, 0x0000000605800000, 0x0000000605c00000|  0%| F|  |TAMS 0x0000000605800000, 0x0000000605800000| Untracked 
|  23|0x0000000605c00000, 0x0000000605c00000, 0x0000000606000000|  0%| F|  |TAMS 0x0000000605c00000, 0x0000000605c00000| Untracked 
|  24|0x0000000606000000, 0x0000000606000000, 0x0000000606400000|  0%| F|  |TAMS 0x0000000606000000, 0x0000000606000000| Untracked 
|  25|0x0000000606400000, 0x0000000606400000, 0x0000000606800000|  0%| F|  |TAMS 0x0000000606400000, 0x0000000606400000| Untracked 
|  26|0x0000000606800000, 0x0000000606800000, 0x0000000606c00000|  0%| F|  |TAMS 0x0000000606800000, 0x0000000606800000| Untracked 
|  27|0x0000000606c00000, 0x0000000606c00000, 0x0000000607000000|  0%| F|  |TAMS 0x0000000606c00000, 0x0000000606c00000| Untracked 
|  28|0x0000000607000000, 0x0000000607000000, 0x0000000607400000|  0%| F|  |TAMS 0x0000000607000000, 0x0000000607000000| Untracked 
|  29|0x0000000607400000, 0x0000000607400000, 0x0000000607800000|  0%| F|  |TAMS 0x0000000607400000, 0x0000000607400000| Untracked 
|  30|0x0000000607800000, 0x0000000607800000, 0x0000000607c00000|  0%| F|  |TAMS 0x0000000607800000, 0x0000000607800000| Untracked 
|  31|0x0000000607c00000, 0x0000000607c00000, 0x0000000608000000|  0%| F|  |TAMS 0x0000000607c00000, 0x0000000607c00000| Untracked 

Card table byte_map: [0x000001ade5820000,0x000001ade6820000] _byte_map_base: 0x000001ade2820000

Marking Bits (Prev, Next): (CMBitMap*) 0x000001adc094f6f0, (CMBitMap*) 0x000001adc094f6b0
 Prev Bits: [0x000001adef820000, 0x000001adf7820000)
 Next Bits: [0x000001ade7820000, 0x000001adef820000)

Polling page: 0x000001adc0060000

Metaspace:

Usage:
  Non-class:     53.12 MB used.
      Class:      8.54 MB used.
       Both:     61.67 MB used.

Virtual space:
  Non-class space:       64.00 MB reserved,      53.38 MB ( 83%) committed,  1 nodes.
      Class space:        1.00 GB reserved,       8.75 MB ( <1%) committed,  1 nodes.
             Both:        1.06 GB reserved,      62.12 MB (  6%) committed. 

Chunk freelists:
   Non-Class:  10.64 MB
       Class:  7.19 MB
        Both:  17.83 MB

MaxMetaspaceSize: 4.00 GB
CompressedClassSpaceSize: 1.00 GB
Initial GC threshold: 21.00 MB
Current GC threshold: 98.12 MB
CDS: off
MetaspaceReclaimPolicy: balanced
 - commit_granule_bytes: 65536.
 - commit_granule_words: 8192.
 - virtual_space_node_default_size: 8388608.
 - enlarge_chunks_in_place: 1.
 - new_chunks_are_fully_committed: 0.
 - uncommit_free_chunks: 1.
 - use_allocation_guard: 0.
 - handle_deallocations: 1.


Internal statistics:

num_allocs_failed_limit: 9.
num_arena_births: 678.
num_arena_deaths: 0.
num_vsnodes_births: 2.
num_vsnodes_deaths: 0.
num_space_committed: 994.
num_space_uncommitted: 0.
num_chunks_returned_to_freelist: 9.
num_chunks_taken_from_freelist: 2909.
num_chunk_merges: 9.
num_chunk_splits: 1892.
num_chunks_enlarged: 1274.
num_inconsistent_stats: 0.

CodeHeap 'non-profiled nmethods': size=258432Kb used=2948Kb max_used=2948Kb free=255483Kb
 bounds [0x000001add4120000, 0x000001add4410000, 0x000001ade3d80000]
CodeHeap 'profiled nmethods': size=258368Kb used=12344Kb max_used=12344Kb free=246023Kb
 bounds [0x000001adc3d80000, 0x000001adc4990000, 0x000001add39d0000]
CodeHeap 'non-nmethods': size=7488Kb used=2780Kb max_used=2822Kb free=4708Kb
 bounds [0x000001add39d0000, 0x000001add3ca0000, 0x000001add4120000]
 total_blobs=7159 nmethods=6425 adapters=644
 compilation: enabled
              stopped_count=0, restarted_count=0
 full_count=0

Compilation events (20 events):
Event: 8.428 Thread 0x000001adfaa9ee60 nmethod 4237 0x000001add43fda10 code [0x000001add43fdba0, 0x000001add43fdd28]
Event: 8.428 Thread 0x000001adfaa9ee60 4276       4       com.google.common.collect.AbstractIndexedListIterator::hasNext (17 bytes)
Event: 8.428 Thread 0x000001adfaa9ee60 nmethod 4276 0x000001add43fde90 code [0x000001add43fe000, 0x000001add43fe098]
Event: 8.428 Thread 0x000001adfaa9ee60 6555   !   4       java.util.jar.JarFile::isMultiRelease (33 bytes)
Event: 8.429 Thread 0x000001adfaa9ee60 nmethod 6555 0x000001add43fe190 code [0x000001add43fe320, 0x000001add43fe408]
Event: 8.429 Thread 0x000001adfaa9ee60 4277       4       org.gradle.internal.reflect.PropertyAccessorType::of (101 bytes)
Event: 8.435 Thread 0x000001adfaa9ee60 nmethod 4277 0x000001add43fe490 code [0x000001add43fe640, 0x000001add43fea38]
Event: 8.435 Thread 0x000001adfaa9ee60 5914       4       java.util.ArrayDeque::elementAt (4 bytes)
Event: 8.435 Thread 0x000001adfaa9ee60 nmethod 5914 0x000001add43fef90 code [0x000001add43ff100, 0x000001add43ff198]
Event: 8.435 Thread 0x000001adfaa9ee60 4301       4       java.lang.Class::getPackageName (81 bytes)
Event: 8.445 Thread 0x000001adfaa9ee60 nmethod 4301 0x000001add43ff290 code [0x000001add43ff440, 0x000001add43ffbf8]
Event: 8.445 Thread 0x000001adfaa9ee60 4596       4       java.util.LinkedHashMap::afterNodeAccess (116 bytes)
Event: 8.445 Thread 0x000001adfaa9ee60 nmethod 4596 0x000001add4400090 code [0x000001add4400200, 0x000001add4400298]
Event: 8.445 Thread 0x000001adfaa9ee60 4239       4       java.util.ArrayDeque::addLast (51 bytes)
Event: 8.447 Thread 0x000001adfaa9ee60 nmethod 4239 0x000001add4400390 code [0x000001add4400520, 0x000001add4400748]
Event: 8.447 Thread 0x000001adfaa9ee60 4257       4       java.util.ArrayDeque::add (7 bytes)
Event: 8.448 Thread 0x000001adfaa9ee60 nmethod 4257 0x000001add4400890 code [0x000001add4400a20, 0x000001add4400c48]
Event: 8.448 Thread 0x000001adfaa9ee60 6390       4       java.util.AbstractMap::<init> (5 bytes)
Event: 8.448 Thread 0x000001adfaa9ee60 nmethod 6390 0x000001add4400d90 code [0x000001add4400f00, 0x000001add4400f78]
Event: 8.448 Thread 0x000001adfaa9ee60 4229       4       java.net.URLStreamHandler::toExternalForm (156 bytes)

GC Heap History (20 events):
Event: 3.430 GC heap after
{Heap after GC invocations=7 (full 0):
 garbage-first heap   total 98304K, used 23383K [0x0000000600000000, 0x0000000800000000)
  region size 4096K, 1 young (4096K), 1 survivors (4096K)
 Metaspace       used 28980K, committed 29248K, reserved 1114112K
  class space    used 3778K, committed 3904K, reserved 1048576K
}
Event: 3.965 GC heap before
{Heap before GC invocations=7 (full 0):
 garbage-first heap   total 98304K, used 60247K [0x0000000600000000, 0x0000000800000000)
  region size 4096K, 10 young (40960K), 1 survivors (4096K)
 Metaspace       used 33723K, committed 34048K, reserved 1114112K
  class space    used 4502K, committed 4672K, reserved 1048576K
}
Event: 3.967 GC heap after
{Heap after GC invocations=8 (full 0):
 garbage-first heap   total 131072K, used 24597K [0x0000000600000000, 0x0000000800000000)
  region size 4096K, 1 young (4096K), 1 survivors (4096K)
 Metaspace       used 33723K, committed 34048K, reserved 1114112K
  class space    used 4502K, committed 4672K, reserved 1048576K
}
Event: 4.162 GC heap before
{Heap before GC invocations=8 (full 0):
 garbage-first heap   total 131072K, used 36885K [0x0000000600000000, 0x0000000800000000)
  region size 4096K, 5 young (20480K), 1 survivors (4096K)
 Metaspace       used 35593K, committed 35968K, reserved 1114112K
  class space    used 4770K, committed 4992K, reserved 1048576K
}
Event: 4.166 GC heap after
{Heap after GC invocations=9 (full 0):
 garbage-first heap   total 131072K, used 25474K [0x0000000600000000, 0x0000000800000000)
  region size 4096K, 1 young (4096K), 1 survivors (4096K)
 Metaspace       used 35593K, committed 35968K, reserved 1114112K
  class space    used 4770K, committed 4992K, reserved 1048576K
}
Event: 4.887 GC heap before
{Heap before GC invocations=10 (full 0):
 garbage-first heap   total 110592K, used 82818K [0x0000000600000000, 0x0000000800000000)
  region size 4096K, 16 young (65536K), 1 survivors (4096K)
 Metaspace       used 42816K, committed 43264K, reserved 1114112K
  class space    used 5504K, committed 5696K, reserved 1048576K
}
Event: 4.894 GC heap after
{Heap after GC invocations=11 (full 0):
 garbage-first heap   total 110592K, used 29658K [0x0000000600000000, 0x0000000800000000)
  region size 4096K, 2 young (8192K), 2 survivors (8192K)
 Metaspace       used 42816K, committed 43264K, reserved 1114112K
  class space    used 5504K, committed 5696K, reserved 1048576K
}
Event: 4.903 GC heap before
{Heap before GC invocations=11 (full 0):
 garbage-first heap   total 110592K, used 33754K [0x0000000600000000, 0x0000000800000000)
  region size 4096K, 3 young (12288K), 2 survivors (8192K)
 Metaspace       used 42816K, committed 43264K, reserved 1114112K
  class space    used 5504K, committed 5696K, reserved 1048576K
}
Event: 4.910 GC heap after
{Heap after GC invocations=12 (full 0):
 garbage-first heap   total 110592K, used 29554K [0x0000000600000000, 0x0000000800000000)
  region size 4096K, 1 young (4096K), 1 survivors (4096K)
 Metaspace       used 42816K, committed 43264K, reserved 1114112K
  class space    used 5504K, committed 5696K, reserved 1048576K
}
Event: 5.480 GC heap before
{Heap before GC invocations=12 (full 0):
 garbage-first heap   total 110592K, used 74610K [0x0000000600000000, 0x0000000800000000)
  region size 4096K, 12 young (49152K), 1 survivors (4096K)
 Metaspace       used 46276K, committed 46720K, reserved 1114112K
  class space    used 6078K, committed 6272K, reserved 1048576K
}
Event: 5.483 GC heap after
{Heap after GC invocations=13 (full 0):
 garbage-first heap   total 110592K, used 31521K [0x0000000600000000, 0x0000000800000000)
  region size 4096K, 1 young (4096K), 1 survivors (4096K)
 Metaspace       used 46276K, committed 46720K, reserved 1114112K
  class space    used 6078K, committed 6272K, reserved 1048576K
}
Event: 5.950 GC heap before
{Heap before GC invocations=13 (full 0):
 garbage-first heap   total 110592K, used 80673K [0x0000000600000000, 0x0000000800000000)
  region size 4096K, 13 young (53248K), 1 survivors (4096K)
 Metaspace       used 49581K, committed 50112K, reserved 1114112K
  class space    used 6595K, committed 6848K, reserved 1048576K
}
Event: 5.953 GC heap after
{Heap after GC invocations=14 (full 0):
 garbage-first heap   total 110592K, used 32675K [0x0000000600000000, 0x0000000800000000)
  region size 4096K, 1 young (4096K), 1 survivors (4096K)
 Metaspace       used 49581K, committed 50112K, reserved 1114112K
  class space    used 6595K, committed 6848K, reserved 1048576K
}
Event: 6.978 GC heap before
{Heap before GC invocations=14 (full 0):
 garbage-first heap   total 110592K, used 81827K [0x0000000600000000, 0x0000000800000000)
  region size 4096K, 13 young (53248K), 1 survivors (4096K)
 Metaspace       used 54062K, committed 54592K, reserved 1114112K
  class space    used 7342K, committed 7616K, reserved 1048576K
}
Event: 6.983 GC heap after
{Heap after GC invocations=15 (full 0):
 garbage-first heap   total 110592K, used 34748K [0x0000000600000000, 0x0000000800000000)
  region size 4096K, 2 young (8192K), 2 survivors (8192K)
 Metaspace       used 54062K, committed 54592K, reserved 1114112K
  class space    used 7342K, committed 7616K, reserved 1048576K
}
Event: 7.489 GC heap before
{Heap before GC invocations=15 (full 0):
 garbage-first heap   total 110592K, used 79804K [0x0000000600000000, 0x0000000800000000)
  region size 4096K, 13 young (53248K), 2 survivors (8192K)
 Metaspace       used 57044K, committed 57600K, reserved 1114112K
  class space    used 7810K, committed 8064K, reserved 1048576K
}
Event: 7.498 GC heap after
{Heap after GC invocations=16 (full 0):
 garbage-first heap   total 110592K, used 38763K [0x0000000600000000, 0x0000000800000000)
  region size 4096K, 2 young (8192K), 2 survivors (8192K)
 Metaspace       used 57044K, committed 57600K, reserved 1114112K
  class space    used 7810K, committed 8064K, reserved 1048576K
}
Event: 7.879 GC heap before
{Heap before GC invocations=16 (full 0):
 garbage-first heap   total 110592K, used 67435K [0x0000000600000000, 0x0000000800000000)
  region size 4096K, 10 young (40960K), 2 survivors (8192K)
 Metaspace       used 59664K, committed 60096K, reserved 1114112K
  class space    used 8241K, committed 8448K, reserved 1048576K
}
Event: 7.886 GC heap after
{Heap after GC invocations=17 (full 0):
 garbage-first heap   total 110592K, used 40217K [0x0000000600000000, 0x0000000800000000)
  region size 4096K, 2 young (8192K), 2 survivors (8192K)
 Metaspace       used 59664K, committed 60096K, reserved 1114112K
  class space    used 8241K, committed 8448K, reserved 1048576K
}
Event: 8.474 GC heap before
{Heap before GC invocations=18 (full 0):
 garbage-first heap   total 110592K, used 81177K [0x0000000600000000, 0x0000000800000000)
  region size 4096K, 12 young (49152K), 2 survivors (8192K)
 Metaspace       used 63146K, committed 63616K, reserved 1114112K
  class space    used 8748K, committed 8960K, reserved 1048576K
}

Dll operation events (3 events):
Event: 0.011 Loaded shared library C:\Program Files\Android\Android Studio\jbr\bin\java.dll
Event: 0.112 Loaded shared library C:\Program Files\Android\Android Studio\jbr\bin\zip.dll
Event: 0.493 Loaded shared library C:\Program Files\Android\Android Studio\jbr\bin\verify.dll

Deoptimization events (20 events):
Event: 7.851 Thread 0x000001adff68e980 DEOPT PACKING pc=0x000001add41bf8ac sp=0x000000a5184f46b0
Event: 7.851 Thread 0x000001adff68e980 DEOPT UNPACKING pc=0x000001add3a269a3 sp=0x000000a5184f4658 mode 2
Event: 7.984 Thread 0x000001adff68e980 Uncommon trap: trap_request=0xffffffde fr.pc=0x000001add43c8ad4 relative=0x0000000000000574
Event: 7.984 Thread 0x000001adff68e980 Uncommon trap: reason=class_check action=maybe_recompile pc=0x000001add43c8ad4 method=java.util.regex.Matcher.search(I)Z @ 121 c2
Event: 7.984 Thread 0x000001adff68e980 DEOPT PACKING pc=0x000001add43c8ad4 sp=0x000000a5184f4a20
Event: 7.984 Thread 0x000001adff68e980 DEOPT UNPACKING pc=0x000001add3a269a3 sp=0x000000a5184f49f0 mode 2
Event: 8.067 Thread 0x000001adff68e980 DEOPT PACKING pc=0x000001adc3e8d9db sp=0x000000a5184f30d0
Event: 8.067 Thread 0x000001adff68e980 DEOPT UNPACKING pc=0x000001add3a27143 sp=0x000000a5184f25f0 mode 0
Event: 8.088 Thread 0x000001adff68e980 DEOPT PACKING pc=0x000001adc3e868bd sp=0x000000a5184f2de0
Event: 8.088 Thread 0x000001adff68e980 DEOPT UNPACKING pc=0x000001add3a27143 sp=0x000000a5184f2268 mode 0
Event: 8.090 Thread 0x000001adff68e980 DEOPT PACKING pc=0x000001adc45c78cc sp=0x000000a5184f2ee0
Event: 8.090 Thread 0x000001adff68e980 DEOPT UNPACKING pc=0x000001add3a27143 sp=0x000000a5184f2438 mode 0
Event: 8.113 Thread 0x000001adff68e980 DEOPT PACKING pc=0x000001adc420a398 sp=0x000000a5184eb410
Event: 8.113 Thread 0x000001adff68e980 DEOPT UNPACKING pc=0x000001add3a27143 sp=0x000000a5184ea918 mode 0
Event: 8.169 Thread 0x000001adff68e980 DEOPT PACKING pc=0x000001adc3e868bd sp=0x000000a5184ea700
Event: 8.169 Thread 0x000001adff68e980 DEOPT UNPACKING pc=0x000001add3a27143 sp=0x000000a5184e9b88 mode 0
Event: 8.233 Thread 0x000001adff68e980 Uncommon trap: trap_request=0xffffff54 fr.pc=0x000001add41c8c90 relative=0x0000000000001830
Event: 8.233 Thread 0x000001adff68e980 Uncommon trap: reason=speculate_null_assert action=make_not_entrant pc=0x000001add41c8c90 method=java.util.jar.JarFile.getVersionedEntry(Ljava/lang/String;Ljava/util/jar/JarEntry;)Ljava/util/jar/JarEntry; @ 115 c2
Event: 8.233 Thread 0x000001adff68e980 DEOPT PACKING pc=0x000001add41c8c90 sp=0x000000a5184eff80
Event: 8.233 Thread 0x000001adff68e980 DEOPT UNPACKING pc=0x000001add3a269a3 sp=0x000000a5184efef8 mode 2

Classes unloaded (0 events):
No events

Classes redefined (0 events):
No events

Internal exceptions (20 events):
Event: 6.830 Thread 0x000001adff68e980 Exception <a 'java/lang/NoSuchMethodError'{0x0000000604426290}: 'java.lang.Object java.lang.invoke.DirectMethodHandle$Holder.invokeSpecial(java.lang.Object, java.lang.Object, java.lang.Object, int, java.lang.Object)'> (0x0000000604426290) 
thrown [s\src\hotspot\share\interpreter\linkResolver.cpp, line 771]
Event: 6.831 Thread 0x000001adff68e980 Exception <a 'java/lang/NoSuchMethodError'{0x000000060442fab0}: 'java.lang.Object java.lang.invoke.DirectMethodHandle$Holder.newInvokeSpecial(java.lang.Object, java.lang.Object, java.lang.Object, int, java.lang.Object)'> (0x000000060442fab0) 
thrown [s\src\hotspot\share\interpreter\linkResolver.cpp, line 771]
Event: 6.832 Thread 0x000001adff68e980 Exception <a 'java/lang/NoSuchMethodError'{0x0000000604434a38}: 'java.lang.Object java.lang.invoke.Invokers$Holder.linkToTargetMethod(java.lang.Object, java.lang.Object, int, java.lang.Object, java.lang.Object)'> (0x0000000604434a38) 
thrown [s\src\hotspot\share\interpreter\linkResolver.cpp, line 771]
Event: 6.881 Thread 0x000001adff68e980 Exception <a 'java/lang/NoSuchMethodError'{0x00000006047a77c8}: 'java.lang.Object java.lang.invoke.DirectMethodHandle$Holder.newInvokeSpecial(java.lang.Object, int, java.lang.Object)'> (0x00000006047a77c8) 
thrown [s\src\hotspot\share\interpreter\linkResolver.cpp, line 771]
Event: 6.968 Thread 0x000001adff68e980 Exception <a 'java/lang/NoSuchMethodError'{0x0000000603f22248}: 'java.lang.Object java.lang.invoke.DirectMethodHandle$Holder.newInvokeSpecial(java.lang.Object, java.lang.Object, java.lang.Object, int)'> (0x0000000603f22248) 
thrown [s\src\hotspot\share\interpreter\linkResolver.cpp, line 771]
Event: 6.968 Thread 0x000001adff68e980 Exception <a 'java/lang/NoSuchMethodError'{0x0000000603f27800}: 'java.lang.Object java.lang.invoke.DirectMethodHandle$Holder.invokeSpecial(java.lang.Object, java.lang.Object, java.lang.Object, java.lang.Object, int)'> (0x0000000603f27800) 
thrown [s\src\hotspot\share\interpreter\linkResolver.cpp, line 771]
Event: 6.968 Thread 0x000001adff68e980 Exception <a 'java/lang/NoSuchMethodError'{0x0000000603f2c718}: 'java.lang.Object java.lang.invoke.Invokers$Holder.linkToTargetMethod(java.lang.Object, java.lang.Object, int, java.lang.Object)'> (0x0000000603f2c718) 
thrown [s\src\hotspot\share\interpreter\linkResolver.cpp, line 771]
Event: 7.022 Thread 0x000001adff68e980 Exception <a 'java/lang/NoSuchMethodError'{0x0000000607e06c20}: 'int java.lang.invoke.DirectMethodHandle$Holder.invokeSpecialIFC(java.lang.Object, java.lang.Object, java.lang.Object)'> (0x0000000607e06c20) 
thrown [s\src\hotspot\share\interpreter\linkResolver.cpp, line 771]
Event: 7.083 Thread 0x000001adff68e980 Exception <a 'java/lang/NoSuchMethodError'{0x0000000606f58cd0}: 'java.lang.Object java.lang.invoke.DirectMethodHandle$Holder.newInvokeSpecial(java.lang.Object, java.lang.Object, long, java.lang.Object)'> (0x0000000606f58cd0) 
thrown [s\src\hotspot\share\interpreter\linkResolver.cpp, line 771]
Event: 7.084 Thread 0x000001adff68e980 Exception <a 'java/lang/NoSuchMethodError'{0x0000000606f5e298}: 'java.lang.Object java.lang.invoke.DirectMethodHandle$Holder.invokeSpecial(java.lang.Object, java.lang.Object, java.lang.Object, long, java.lang.Object)'> (0x0000000606f5e298) 
thrown [s\src\hotspot\share\interpreter\linkResolver.cpp, line 771]
Event: 7.084 Thread 0x000001adff68e980 Exception <a 'java/lang/NoSuchMethodError'{0x0000000606f63460}: 'java.lang.Object java.lang.invoke.Invokers$Holder.linkToTargetMethod(java.lang.Object, long, java.lang.Object, java.lang.Object)'> (0x0000000606f63460) 
thrown [s\src\hotspot\share\interpreter\linkResolver.cpp, line 771]
Event: 7.086 Thread 0x000001adff68e980 Exception <a 'java/lang/NoSuchMethodError'{0x0000000606f918e8}: 'void java.lang.invoke.DirectMethodHandle$Holder.invokeStatic(java.lang.Object, java.lang.Object, java.lang.Object, int, java.lang.Object)'> (0x0000000606f918e8) 
thrown [s\src\hotspot\share\interpreter\linkResolver.cpp, line 771]
Event: 7.107 Thread 0x000001adff68e980 Exception <a 'java/lang/NoSuchMethodError'{0x00000006061a29d8}: 'int java.lang.invoke.DirectMethodHandle$Holder.invokeInterface(java.lang.Object, java.lang.Object, java.lang.Object, java.lang.Object, java.lang.Object)'> (0x00000006061a29d8) 
thrown [s\src\hotspot\share\interpreter\linkResolver.cpp, line 771]
Event: 7.152 Thread 0x000001adff68e980 Exception <a 'java/lang/NoSuchMethodError'{0x0000000605c8eff8}: 'java.lang.Object java.lang.invoke.DirectMethodHandle$Holder.invokeSpecial(java.lang.Object, java.lang.Object, long, java.lang.Object, java.lang.Object)'> (0x0000000605c8eff8) 
thrown [s\src\hotspot\share\interpreter\linkResolver.cpp, line 771]
Event: 7.290 Thread 0x000001adff68e980 Exception <a 'java/lang/IncompatibleClassChangeError'{0x0000000605b201a0}: Found class java.lang.Object, but interface was expected> (0x0000000605b201a0) 
thrown [s\src\hotspot\share\interpreter\linkResolver.cpp, line 838]
Event: 7.308 Thread 0x000001ad81d4c500 Exception <a 'java/lang/NoSuchMethodError'{0x00000006054b0db8}: 'void java.lang.invoke.DirectMethodHandle$Holder.invokeVirtual(java.lang.Object, java.lang.Object)'> (0x00000006054b0db8) 
thrown [s\src\hotspot\share\interpreter\linkResolver.cpp, line 771]
Event: 7.349 Thread 0x000001adff68e980 Exception <a 'java/lang/NoSuchMethodError'{0x00000006057cae80}: 'java.lang.Object java.lang.invoke.DirectMethodHandle$Holder.newInvokeSpecial(java.lang.Object, java.lang.Object, java.lang.Object, java.lang.Object, int, java.lang.Object)'> (0x00000006057cae80) 
thrown [s\src\hotspot\share\interpreter\linkResolver.cpp, line 771]
Event: 7.349 Thread 0x000001adff68e980 Exception <a 'java/lang/NoSuchMethodError'{0x00000006057d4260}: 'java.lang.Object java.lang.invoke.Invokers$Holder.linkToTargetMethod(java.lang.Object, java.lang.Object, java.lang.Object, int, java.lang.Object, java.lang.Object)'> (0x00000006057d4260) 
thrown [s\src\hotspot\share\interpreter\linkResolver.cpp, line 771]
Event: 7.445 Thread 0x000001adff68e980 Exception <a 'java/lang/NoSuchMethodError'{0x0000000604a5f640}: 'java.lang.Object java.lang.invoke.DirectMethodHandle$Holder.invokeSpecialIFC(java.lang.Object, java.lang.Object, java.lang.Object)'> (0x0000000604a5f640) 
thrown [s\src\hotspot\share\interpreter\linkResolver.cpp, line 771]
Event: 7.932 Thread 0x000001adff68e980 Exception <a 'java/lang/NoSuchMethodError'{0x0000000607fea198}: 'int java.lang.invoke.DirectMethodHandle$Holder.invokeStatic(java.lang.Object, java.lang.Object, int)'> (0x0000000607fea198) 
thrown [s\src\hotspot\share\interpreter\linkResolver.cpp, line 771]

VM Operations (20 events):
Event: 7.327 Executing VM operation: HandshakeAllThreads done
Event: 7.327 Executing VM operation: ICBufferFull
Event: 7.327 Executing VM operation: ICBufferFull done
Event: 7.347 Executing VM operation: HandshakeAllThreads
Event: 7.347 Executing VM operation: HandshakeAllThreads done
Event: 7.453 Executing VM operation: ICBufferFull
Event: 7.454 Executing VM operation: ICBufferFull done
Event: 7.454 Executing VM operation: ICBufferFull
Event: 7.454 Executing VM operation: ICBufferFull done
Event: 7.489 Executing VM operation: G1CollectForAllocation
Event: 7.498 Executing VM operation: G1CollectForAllocation done
Event: 7.661 Executing VM operation: HandshakeAllThreads
Event: 7.662 Executing VM operation: HandshakeAllThreads done
Event: 7.879 Executing VM operation: CollectForMetadataAllocation
Event: 7.886 Executing VM operation: CollectForMetadataAllocation done
Event: 7.904 Executing VM operation: G1PauseRemark
Event: 7.906 Executing VM operation: G1PauseRemark done
Event: 7.913 Executing VM operation: G1PauseCleanup
Event: 7.914 Executing VM operation: G1PauseCleanup done
Event: 8.474 Executing VM operation: G1CollectForAllocation

Events (20 events):
Event: 7.650 loading class com/sun/org/apache/xerces/internal/utils/XMLSecurityManager done
Event: 7.650 loading class com/sun/org/apache/xerces/internal/utils/XMLSecurityManager$Limit
Event: 7.650 loading class com/sun/org/apache/xerces/internal/utils/XMLSecurityManager$Limit done
Event: 7.651 loading class com/sun/org/apache/xerces/internal/utils/XMLSecurityManager$NameMap
Event: 7.651 loading class com/sun/org/apache/xerces/internal/utils/XMLSecurityManager$NameMap done
Event: 7.651 loading class com/sun/org/apache/xerces/internal/utils/XMLSecurityPropertyManager
Event: 7.651 loading class com/sun/org/apache/xerces/internal/utils/XMLSecurityPropertyManager done
Event: 7.651 loading class com/sun/org/apache/xerces/internal/utils/XMLSecurityPropertyManager$State
Event: 7.651 loading class com/sun/org/apache/xerces/internal/utils/XMLSecurityPropertyManager$State done
Event: 7.651 loading class com/sun/org/apache/xerces/internal/utils/XMLSecurityPropertyManager$Property
Event: 7.651 loading class com/sun/org/apache/xerces/internal/utils/XMLSecurityPropertyManager$Property done
Event: 7.663 loading class java/util/ArrayList$SubList$1
Event: 7.663 loading class java/util/ArrayList$SubList$1 done
Event: 7.677 loading class java/util/regex/Pattern$SliceI
Event: 7.678 loading class java/util/regex/Pattern$SliceI done
Event: 7.729 Thread 0x000001ad8390eba0 Thread added: 0x000001ad8390eba0
Event: 7.928 loading class java/lang/Character$UnicodeBlock
Event: 7.930 loading class java/lang/Character$Subset
Event: 7.930 loading class java/lang/Character$Subset done
Event: 7.930 loading class java/lang/Character$UnicodeBlock done


Dynamic libraries:
0x00007ff72f490000 - 0x00007ff72f49a000 	C:\Program Files\Android\Android Studio\jbr\bin\java.exe
0x00007ffcd1720000 - 0x00007ffcd1929000 	C:\Windows\SYSTEM32\ntdll.dll
0x00007ffcd0c90000 - 0x00007ffcd0d4d000 	C:\Windows\System32\KERNEL32.DLL
0x00007ffccf040000 - 0x00007ffccf3c4000 	C:\Windows\System32\KERNELBASE.dll
0x00007ffccee60000 - 0x00007ffccef71000 	C:\Windows\System32\ucrtbase.dll
0x00007ffcb7c90000 - 0x00007ffcb7ca7000 	C:\Program Files\Android\Android Studio\jbr\bin\jli.dll
0x00007ffcb7c70000 - 0x00007ffcb7c8b000 	C:\Program Files\Android\Android Studio\jbr\bin\VCRUNTIME140.dll
0x00007ffcd0ae0000 - 0x00007ffcd0c8d000 	C:\Windows\System32\USER32.dll
0x00007ffccf540000 - 0x00007ffccf566000 	C:\Windows\System32\win32u.dll
0x00007ffcb4c50000 - 0x00007ffcb4ef5000 	C:\Windows\WinSxS\amd64_microsoft.windows.common-controls_6595b64144ccf1df_6.0.22000.120_none_9d947278b86cc467\COMCTL32.dll
0x00007ffcd1590000 - 0x00007ffcd15ba000 	C:\Windows\System32\GDI32.dll
0x00007ffcd15c0000 - 0x00007ffcd1663000 	C:\Windows\System32\msvcrt.dll
0x00007ffccebb0000 - 0x00007ffccecce000 	C:\Windows\System32\gdi32full.dll
0x00007ffccecd0000 - 0x00007ffcced6d000 	C:\Windows\System32\msvcp_win.dll
0x00007ffcd0dd0000 - 0x00007ffcd0e01000 	C:\Windows\System32\IMM32.DLL
0x00007ffcb67d0000 - 0x00007ffcb67dc000 	C:\Program Files\Android\Android Studio\jbr\bin\vcruntime140_1.dll
0x00007ffcb5160000 - 0x00007ffcb51ed000 	C:\Program Files\Android\Android Studio\jbr\bin\msvcp140.dll
0x00007ffbc02e0000 - 0x00007ffbc0f63000 	C:\Program Files\Android\Android Studio\jbr\bin\server\jvm.dll
0x00007ffccfb00000 - 0x00007ffccfbae000 	C:\Windows\System32\ADVAPI32.dll
0x00007ffcd0ef0000 - 0x00007ffcd0f8e000 	C:\Windows\System32\sechost.dll
0x00007ffcd0ff0000 - 0x00007ffcd1111000 	C:\Windows\System32\RPCRT4.dll
0x00007ffcaef90000 - 0x00007ffcaef99000 	C:\Windows\SYSTEM32\WSOCK32.dll
0x00007ffcce8e0000 - 0x00007ffcce92d000 	C:\Windows\SYSTEM32\POWRPROF.dll
0x00007ffcc7440000 - 0x00007ffcc7473000 	C:\Windows\SYSTEM32\WINMM.dll
0x00007ffcd1670000 - 0x00007ffcd16df000 	C:\Windows\System32\WS2_32.dll
0x00007ffcc53e0000 - 0x00007ffcc53ea000 	C:\Windows\SYSTEM32\VERSION.dll
0x00007ffcce8c0000 - 0x00007ffcce8d3000 	C:\Windows\SYSTEM32\UMPDC.dll
0x00007ffccdbe0000 - 0x00007ffccdbf8000 	C:\Windows\SYSTEM32\kernel.appcore.dll
0x00007ffcb5150000 - 0x00007ffcb515a000 	C:\Program Files\Android\Android Studio\jbr\bin\jimage.dll
0x00007ffccc6e0000 - 0x00007ffccc901000 	C:\Windows\SYSTEM32\DBGHELP.DLL
0x00007ffcb1530000 - 0x00007ffcb1561000 	C:\Windows\SYSTEM32\dbgcore.DLL
0x00007ffcced70000 - 0x00007ffccedef000 	C:\Windows\System32\bcryptPrimitives.dll
0x00007ffc90760000 - 0x00007ffc9076e000 	C:\Program Files\Android\Android Studio\jbr\bin\instrument.dll
0x00007ffc66950000 - 0x00007ffc66975000 	C:\Program Files\Android\Android Studio\jbr\bin\java.dll
0x00007ffcb42d0000 - 0x00007ffcb42e8000 	C:\Program Files\Android\Android Studio\jbr\bin\zip.dll
0x00007ffccfbc0000 - 0x00007ffcd0385000 	C:\Windows\System32\SHELL32.dll
0x00007ffcccc40000 - 0x00007ffccd4a2000 	C:\Windows\SYSTEM32\windows.storage.dll
0x00007ffcd05f0000 - 0x00007ffcd0966000 	C:\Windows\System32\combase.dll
0x00007ffcccad0000 - 0x00007ffcccc37000 	C:\Windows\SYSTEM32\wintypes.dll
0x00007ffccf570000 - 0x00007ffccf65a000 	C:\Windows\System32\SHCORE.dll
0x00007ffcd0d50000 - 0x00007ffcd0dad000 	C:\Windows\System32\shlwapi.dll
0x00007ffcceae0000 - 0x00007ffcceb05000 	C:\Windows\SYSTEM32\profapi.dll
0x00007ffca3f20000 - 0x00007ffca3f39000 	C:\Program Files\Android\Android Studio\jbr\bin\net.dll
0x00007ffcc86e0000 - 0x00007ffcc87f4000 	C:\Windows\SYSTEM32\WINHTTP.dll
0x00007ffcce080000 - 0x00007ffcce0e7000 	C:\Windows\system32\mswsock.dll
0x00007ffc8fac0000 - 0x00007ffc8fad6000 	C:\Program Files\Android\Android Studio\jbr\bin\nio.dll
0x00007ffcb5140000 - 0x00007ffcb5150000 	C:\Program Files\Android\Android Studio\jbr\bin\verify.dll
0x00007ffc66a90000 - 0x00007ffc66ab7000 	C:\Users\HP PROBOOK\.gradle\native\1def1411415f61bf3af743bc5b6707747c0891f09f0c88961ee8f79bc544acac\windows-amd64\native-platform.dll
0x00007ffc5f450000 - 0x00007ffc5f4c8000 	C:\Users\HP PROBOOK\.gradle\native\0.2.7\x86_64-windows-gnu\gradle-fileevents.dll
0x00007ffca59e0000 - 0x00007ffca59e9000 	C:\Program Files\Android\Android Studio\jbr\bin\management.dll
0x00007ffc99700000 - 0x00007ffc9970b000 	C:\Program Files\Android\Android Studio\jbr\bin\management_ext.dll
0x00007ffcd12e0000 - 0x00007ffcd12e8000 	C:\Windows\System32\PSAPI.DLL
0x00007ffccd6f0000 - 0x00007ffccd71d000 	C:\Windows\SYSTEM32\IPHLPAPI.DLL
0x00007ffccf660000 - 0x00007ffccf669000 	C:\Windows\System32\NSI.dll
0x00007ffcc8300000 - 0x00007ffcc8319000 	C:\Windows\SYSTEM32\dhcpcsvc6.DLL
0x00007ffcc8b10000 - 0x00007ffcc8b2e000 	C:\Windows\SYSTEM32\dhcpcsvc.DLL
0x00007ffccd720000 - 0x00007ffccd807000 	C:\Windows\SYSTEM32\DNSAPI.dll
0x00007ffc907d0000 - 0x00007ffc907d9000 	C:\Program Files\Android\Android Studio\jbr\bin\extnet.dll
0x00007ffcce350000 - 0x00007ffcce368000 	C:\Windows\SYSTEM32\CRYPTSP.dll
0x00007ffccdb40000 - 0x00007ffccdb75000 	C:\Windows\system32\rsaenh.dll
0x00007ffcce120000 - 0x00007ffcce14c000 	C:\Windows\SYSTEM32\USERENV.dll
0x00007ffcce500000 - 0x00007ffcce527000 	C:\Windows\SYSTEM32\bcrypt.dll
0x00007ffcce270000 - 0x00007ffcce27c000 	C:\Windows\SYSTEM32\CRYPTBASE.dll
0x00007ffc98ee0000 - 0x00007ffc98ee8000 	C:\Windows\system32\wshunix.dll

dbghelp: loaded successfully - version: 4.0.5 - missing functions: none
symbol engine: initialized successfully - sym options: 0x614 - pdb path: .;C:\Program Files\Android\Android Studio\jbr\bin;C:\Windows\SYSTEM32;C:\Windows\WinSxS\amd64_microsoft.windows.common-controls_6595b64144ccf1df_6.0.22000.120_none_9d947278b86cc467;C:\Program Files\Android\Android Studio\jbr\bin\server;C:\Users\HP PROBOOK\.gradle\native\1def1411415f61bf3af743bc5b6707747c0891f09f0c88961ee8f79bc544acac\windows-amd64;C:\Users\HP PROBOOK\.gradle\native\0.2.7\x86_64-windows-gnu

VM Arguments:
jvm_args: --add-opens=java.base/java.lang=ALL-UNNAMED --add-opens=java.base/java.lang.invoke=ALL-UNNAMED --add-opens=java.base/java.util=ALL-UNNAMED --add-opens=java.prefs/java.util.prefs=ALL-UNNAMED --add-exports=jdk.compiler/com.sun.tools.javac.api=ALL-UNNAMED --add-exports=jdk.compiler/com.sun.tools.javac.util=ALL-UNNAMED --add-opens=java.base/java.util=ALL-UNNAMED --add-opens=java.prefs/java.util.prefs=ALL-UNNAMED --add-opens=java.base/java.nio.charset=ALL-UNNAMED --add-opens=java.base/java.net=ALL-UNNAMED --add-opens=java.base/java.util.concurrent.atomic=ALL-UNNAMED --add-opens=java.xml/javax.xml.namespace=ALL-UNNAMED -XX:MaxMetaspaceSize=4G -XX:ReservedCodeCacheSize=512m -XX:+HeapDumpOnOutOfMemoryError -Xmx8G -Dfile.encoding=windows-1256 -Duser.country=US -Duser.language=en -Duser.variant -javaagent:C:\Users\HP PROBOOK\.gradle\wrapper\dists\gradle-8.14-all\c2qonpi39x1mddn7hk5gh9iqj\gradle-8.14\lib\agents\gradle-instrumentation-agent-8.14.jar 
java_command: org.gradle.launcher.daemon.bootstrap.GradleDaemon 8.14
java_class_path (initial): C:\Users\HP PROBOOK\.gradle\wrapper\dists\gradle-8.14-all\c2qonpi39x1mddn7hk5gh9iqj\gradle-8.14\lib\gradle-daemon-main-8.14.jar
Launcher Type: SUN_STANDARD

[Global flags]
     intx CICompilerCount                          = 12                                        {product} {ergonomic}
     uint ConcGCThreads                            = 3                                         {product} {ergonomic}
     uint G1ConcRefinementThreads                  = 13                                        {product} {ergonomic}
   size_t G1HeapRegionSize                         = 4194304                                   {product} {ergonomic}
    uintx GCDrainStackTargetSize                   = 64                                        {product} {ergonomic}
     bool HeapDumpOnOutOfMemoryError               = true                                   {manageable} {command line}
   size_t InitialHeapSize                          = 125829120                                 {product} {ergonomic}
   size_t MarkStackSize                            = 4194304                                   {product} {ergonomic}
   size_t MaxHeapSize                              = 8589934592                                {product} {command line}
   size_t MaxMetaspaceSize                         = 4294967296                                {product} {command line}
   size_t MaxNewSize                               = 5150605312                                {product} {ergonomic}
   size_t MinHeapDeltaBytes                        = 4194304                                   {product} {ergonomic}
   size_t MinHeapSize                              = 8388608                                   {product} {ergonomic}
    uintx NonNMethodCodeHeapSize                   = 7602480                                {pd product} {ergonomic}
    uintx NonProfiledCodeHeapSize                  = 264634216                              {pd product} {ergonomic}
    uintx ProfiledCodeHeapSize                     = 264634216                              {pd product} {ergonomic}
    uintx ReservedCodeCacheSize                    = 536870912                              {pd product} {command line}
     bool SegmentedCodeCache                       = true                                      {product} {ergonomic}
   size_t SoftMaxHeapSize                          = 8589934592                             {manageable} {ergonomic}
   double SweeperThreshold                         = 0.234375                                  {product} {ergonomic}
     bool UseCompressedClassPointers               = true                           {product lp64_product} {ergonomic}
     bool UseCompressedOops                        = true                           {product lp64_product} {ergonomic}
     bool UseG1GC                                  = true                                      {product} {ergonomic}
     bool UseLargePagesIndividualAllocation        = false                                  {pd product} {ergonomic}

Logging:
Log output configuration:
 #0: stdout all=warning uptime,level,tags
 #1: stderr all=off uptime,level,tags

Environment Variables:
JAVA_HOME=C:\Program Files\Android\Android Studio\jbr
CLASSPATH=C:\Users\HP PROBOOK\Desktop\smartcalm\android\\gradle\wrapper\gradle-wrapper.jar
PATH=C:\Program Files\Android\Android Studio\jbr\bin;C:\Users\HP PROBOOK\AppData\Local\Programs\Microsoft VS Code;C:\OracelDB\bin;C:\Program Files\Java\jdk-21.0.10\bin;C:\Windows\system32;C:\Windows;C:\Windows\System32\Wbem;C:\Windows\System32\WindowsPowerShell\v1.0\;C:\Windows\System32\OpenSSH\;C:\Program Files\Git\cmd;C:\Program Files\Git\mingw64\bin;C:\Program Files\Git\usr\bin;C:\Program Files\dotnet\;C:\Program Files\MATLAB\R2024b\bin;c:\Users\HP PROBOOK\Desktop\cursor\resources\app\bin;C:\Users\HP PROBOOK\AppData\Local\Programs\Eclipse Adoptium\jdk-25.0.2.10-hotspot\bin;C:\Users\HP PROBOOK\AppData\Local\Microsoft\WindowsApps;C:\src\flutter\bin;C:\Program Files\Android\Android Studio\bin;C:\Users\HP PROBOOK\AppData\Local\Programs\Microsoft VS Code\bin;C:\Users\HP PROBOOK\AppData\Local\Muse Hub\lib;C:\Users\HP PROBOOK\AppData\Local\Packages\PythonSoftwareFoundation.Python.3.13_qbz5n2kfra8p0\LocalCache\local-packages\Python313\Scripts;C:\Users\HP PROBOOK\Downloads\Redis-x64-3.2.100;C:\Users\HP PROBOOK\Desktop\cursor\resources\app\bin;C:\Users\HP PROBOOK\AppData\Local\Programs\cursor\resources\app\bin;C:\Users\HP PROBOOK\AppData\Local\Programs\Eclipse Adoptium\jdk-25.0.2.10-hotspot\bin;C:\Users\HP PROBOOK\AppData\Local\Microsoft\WindowsApps;C:\src\flutter\bin;C:\Program Files\Android\Android Studio\bin;C:\Users\HP PROBOOK\AppData\Local\Programs\Microsoft VS Code\bin;C:\Users\HP PROBOOK\AppData\Local\Muse Hub\lib;C:\Users\HP PROBOOK\AppData\Local\Packages\PythonSoftwareFoundation.Python.3.13_qbz5n2kfra8p0\LocalCache\local-packages\Python313\Scripts;C:\Users\HP PROBOOK\Downloads\Redis-x64-3.2.100;C:\Users\HP PROBOOK\Desktop\cursor\resources\app\bin;C:\Users\HP PROBOOK\AppData\Local\Programs\cursor\resources\app\bin;C:\Program Files\Java\latest\jdk-21\bin;;C:\src\flutter\bin\mingit\cmd;C:\src\flutter\bin\mingit\cmd
USERNAME=HP PROBOOK
OS=Windows_NT
PROCESSOR_IDENTIFIER=AMD64 Family 25 Model 80 Stepping 0, AuthenticAMD
TMP=C:\Users\HPPROB~1\AppData\Local\Temp
TEMP=C:\Users\HPPROB~1\AppData\Local\Temp



Periodic native trim disabled

JNI global refs:
JNI global refs: 34, weak refs: 0

JNI global refs memory usage: 843, weak refs: 1473

Process memory usage:
Resident Set Size: 319432K (4% of 7668804K total physical memory with 82492K free physical memory)

OOME stack traces (most recent first):
Classloader memory used:
Loader org.gradle.internal.classloader.VisitableURLClassLoader                         : 4011K
Loader bootstrap                                                                       : 2465K
Loader org.gradle.initialization.MixInLegacyTypesClassLoader                           : 1288K
Loader jdk.internal.loader.ClassLoaders$PlatformClassLoader                            : 66598B
Loader jdk.internal.loader.ClassLoaders$AppClassLoader                                 : 29438B
Loader org.gradle.internal.classloader.VisitableURLClassLoader$InstrumentingVisitableURLClassLoader: 19021B
Loader jdk.internal.reflect.DelegatingClassLoader                                      : 10705B
Loader org.gradle.internal.classloader.VisitableURLClassLoader                         : 4801B

Classes loaded by more than one classloader:
Class Program                                                                         : loaded 3 times (x 72B)
Class org.gradle.internal.classpath.ClassPath                                         : loaded 2 times (x 68B)
Class org.gradle.api.internal.classpath.DefaultModuleRegistry                         : loaded 2 times (x 84B)
Class Settings_gradle$1$1                                                             : loaded 2 times (x 72B)
Class org.gradle.api.Action                                                           : loaded 2 times (x 68B)
Class org.gradle.api.internal.DefaultClassPathProvider                                : loaded 2 times (x 74B)
Class org.gradle.internal.installation.GradleInstallation$1                           : loaded 2 times (x 73B)
Class org.gradle.internal.classloader.FilteringClassLoader                            : loaded 2 times (x 103B)
Class org.gradle.internal.classpath.DefaultClassPath$ImmutableUniqueList$Builder      : loaded 2 times (x 73B)
Class org.gradle.internal.classloader.ClassLoaderVisitor                              : loaded 2 times (x 74B)
Class org.gradle.internal.service.DefaultServiceLocator                               : loaded 2 times (x 81B)
Class org.gradle.internal.service.UnknownServiceException                             : loaded 2 times (x 81B)
Class org.gradle.internal.classloader.DefaultClassLoaderFactory                       : loaded 2 times (x 80B)
Class org.gradle.internal.classloader.VisitableURLClassLoader$Spec                    : loaded 2 times (x 72B)
Class org.gradle.api.GradleException                                                  : loaded 2 times (x 80B)
Class org.gradle.api.internal.classpath.ModuleRegistry                                : loaded 2 times (x 68B)
Class org.gradle.api.internal.ClassPathProvider                                       : loaded 2 times (x 68B)
Class org.gradle.internal.classloader.ClasspathUtil$1                                 : loaded 2 times (x 74B)
Class org.gradle.internal.classloader.ClassLoaderFactory                              : loaded 2 times (x 68B)
Class org.gradle.api.internal.classpath.ManifestUtil                                  : loaded 2 times (x 69B)
Class org.gradle.api.specs.Spec                                                       : loaded 2 times (x 68B)
Class org.gradle.internal.IoActions                                                   : loaded 2 times (x 69B)
Class org.gradle.api.internal.classpath.EffectiveClassPath                            : loaded 2 times (x 88B)
Class org.gradle.internal.installation.CurrentGradleInstallation                      : loaded 2 times (x 71B)
Class org.gradle.internal.installation.CurrentGradleInstallationLocator               : loaded 2 times (x 69B)
Class org.gradle.api.internal.classpath.Module                                        : loaded 2 times (x 68B)
Class org.gradle.internal.service.CachingServiceLocator                               : loaded 2 times (x 80B)
Class org.gradle.internal.classpath.DefaultClassPath                                  : loaded 2 times (x 88B)
Class org.gradle.internal.classloader.SystemClassLoaderSpec                           : loaded 2 times (x 69B)
Class org.gradle.api.UncheckedIOException                                             : loaded 2 times (x 80B)
Class org.gradle.internal.installation.GradleInstallation                             : loaded 2 times (x 73B)
Class org.gradle.api.internal.classpath.GlobalCacheRootsProvider                      : loaded 2 times (x 68B)
Class org.gradle.internal.classloader.ClasspathUtil                                   : loaded 2 times (x 69B)
Class org.gradle.api.internal.DefaultClassPathRegistry                                : loaded 2 times (x 74B)
Class org.gradle.api.internal.classpath.DefaultModuleRegistry$DefaultModule           : loaded 2 times (x 84B)
Class org.gradle.api.internal.classpath.UnknownModuleException                        : loaded 2 times (x 80B)
Class org.gradle.internal.service.ServiceLookupException                              : loaded 2 times (x 80B)
Class [Lorg.gradle.api.internal.ClassPathProvider;                                    : loaded 2 times (x 67B)
Class org.gradle.util.internal.GUtil                                                  : loaded 2 times (x 69B)
Class org.gradle.internal.classloader.ClassLoaderSpec                                 : loaded 2 times (x 69B)
Class org.gradle.internal.classloader.InstrumentingClassLoader                        : loaded 2 times (x 68B)
Class org.gradle.internal.classloader.VisitableURLClassLoader                         : loaded 2 times (x 115B)
Class org.gradle.internal.Cast                                                        : loaded 2 times (x 69B)
Class org.gradle.api.internal.ClassPathRegistry                                       : loaded 2 times (x 68B)
Class org.gradle.internal.classloader.VisitableURLClassLoader$InstrumentingVisitableURLClassLoader: loaded 2 times (x 121B)
Class org.gradle.internal.classloader.ClassLoaderHierarchy                            : loaded 2 times (x 68B)
Class org.gradle.internal.InternalTransformer                                         : loaded 2 times (x 68B)
Class org.gradle.internal.service.ServiceLocator                                      : loaded 2 times (x 68B)
Class Settings_gradle$1                                                               : loaded 2 times (x 72B)
Class org.gradle.internal.classpath.DefaultClassPath$ImmutableUniqueList              : loaded 2 times (x 159B)
Class org.gradle.internal.classpath.TransformedClassPath                              : loaded 2 times (x 94B)
Class Settings_gradle                                                                 : loaded 2 times (x 126B)


---------------  S Y S T E M  ---------------

OS:
 Windows 11 , 64 bit Build 22000 (10.0.22000.2538)
OS uptime: 15 days 19:34 hours
Hyper-V role detected

CPU: total 16 (initial active 16) (16 cores per cpu, 2 threads per core) family 25 model 80 stepping 0 microcode 0x0, cx8, cmov, fxsr, ht, mmx, 3dnowpref, sse, sse2, sse3, ssse3, sse4a, sse4.1, sse4.2, popcnt, lzcnt, tsc, tscinvbit, avx, avx2, aes, erms, clmul, bmi1, bmi2, adx, sha, fma, vzeroupper, clflush, clflushopt, hv
Processor Information for all 16 processors :
  Max Mhz: 2000, Current Mhz: 2000, Mhz Limit: 2000

Memory: 4k page, system-wide physical 7489M (80M free)
TotalPageFile size 30017M (AvailPageFile size 58M)
current process WorkingSet (physical memory assigned to process): 311M, peak: 313M
current process commit charge ("private bytes"): 376M, peak: 465M

vm_info: OpenJDK 64-Bit Server VM (17.0.11+0--11852314) for windows-amd64 JRE (17.0.11+0--11852314), built on May 16 2024 21:29:20 by "androidbuild" with MS VC++ 16.10 / 16.11 (VS2019)

END.
