#
# There is insufficient memory for the Java Runtime Environment to continue.
# Native memory allocation (malloc) failed to allocate 1577680 bytes. Error detail: Chunk::new
# Possible reasons:
#   The system is out of physical RAM or swap space
#   This process is running with CompressedOops enabled, and the Java Heap may be blocking the growth of the native heap
# Possible solutions:
#   Reduce memory load on the system
#   Increase physical memory or swap space
#   Check if swap backing store is full
#   Decrease Java heap size (-Xmx/-Xms)
#   Decrease number of Java threads
#   Decrease Java thread stack sizes (-Xss)
#   Set larger code cache with -XX:ReservedCodeCacheSize=
#   JVM is running with Zero Based Compressed Oops mode in which the Java heap is
#     placed in the first 32GB address space. The Java Heap base address is the
#     maximum limit for the native heap growth. Please use -XX:HeapBaseMinAddress
#     to set the Java Heap base and to place the Java Heap above 32GB virtual address.
# This output file may be truncated or incomplete.
#
#  Out of Memory Error (arena.cpp:191), pid=13332, tid=26656
#
# JRE version: OpenJDK Runtime Environment (17.0.11) (build 17.0.11+0--11852314)
# Java VM: OpenJDK 64-Bit Server VM (17.0.11+0--11852314, mixed mode, tiered, compressed oops, compressed class ptrs, g1 gc, windows-amd64)
# No core dump will be written. Minidumps are not enabled by default on client versions of Windows
#

---------------  S U M M A R Y ------------

Command Line: --add-opens=java.base/java.lang=ALL-UNNAMED --add-opens=java.base/java.lang.invoke=ALL-UNNAMED --add-opens=java.base/java.util=ALL-UNNAMED --add-opens=java.prefs/java.util.prefs=ALL-UNNAMED --add-exports=jdk.compiler/com.sun.tools.javac.api=ALL-UNNAMED --add-exports=jdk.compiler/com.sun.tools.javac.util=ALL-UNNAMED --add-opens=java.base/java.util=ALL-UNNAMED --add-opens=java.prefs/java.util.prefs=ALL-UNNAMED --add-opens=java.base/java.nio.charset=ALL-UNNAMED --add-opens=java.base/java.net=ALL-UNNAMED --add-opens=java.base/java.util.concurrent.atomic=ALL-UNNAMED --add-opens=java.xml/javax.xml.namespace=ALL-UNNAMED -XX:MaxMetaspaceSize=4G -XX:ReservedCodeCacheSize=512m -XX:+HeapDumpOnOutOfMemoryError -Xmx8G -Dfile.encoding=windows-1256 -Duser.country=US -Duser.language=en -Duser.variant -javaagent:C:\Users\HP PROBOOK\.gradle\wrapper\dists\gradle-8.14-all\c2qonpi39x1mddn7hk5gh9iqj\gradle-8.14\lib\agents\gradle-instrumentation-agent-8.14.jar org.gradle.launcher.daemon.bootstrap.GradleDaemon 8.14

Host: AMD Ryzen 7 5825U with Radeon Graphics         , 16 cores, 7G,  Windows 11 , 64 bit Build 22000 (10.0.22000.2538)
Time: Fri May 15 19:15:13 2026 Jordan Standard Time elapsed time: 3.736638 seconds (0d 0h 0m 3s)

---------------  T H R E A D  ---------------

Current thread (0x0000020077a89f30):  JavaThread "C2 CompilerThread0" daemon [_thread_in_native, id=26656, stack(0x000000f893a00000,0x000000f893b00000)]


Current CompileTask:
C2:   3737 2666   !   4       java.lang.ClassLoader::loadClass (121 bytes)

Stack: [0x000000f893a00000,0x000000f893b00000]
Native frames: (J=compiled Java code, j=interpreted, Vv=VM code, C=native code)
V  [jvm.dll+0x687bb9]
V  [jvm.dll+0x84142a]
V  [jvm.dll+0x8430ae]
V  [jvm.dll+0x843713]
V  [jvm.dll+0x24a35f]
V  [jvm.dll+0xac544]
V  [jvm.dll+0xacb8c]
V  [jvm.dll+0x369c37]
V  [jvm.dll+0x1be126]
V  [jvm.dll+0x21c029]
V  [jvm.dll+0x21b311]
V  [jvm.dll+0x1a63ed]
V  [jvm.dll+0x22b1ee]
V  [jvm.dll+0x229375]
V  [jvm.dll+0x7f5647]
V  [jvm.dll+0x7efa4a]
V  [jvm.dll+0x686a35]
C  [ucrtbase.dll+0x26c0c]
C  [KERNEL32.DLL+0x153e0]
C  [ntdll.dll+0x485b]


---------------  P R O C E S S  ---------------

Threads class SMR info:
_java_thread_list=0x0000020000c25fa0, length=26, elements={
0x000002003d8d0ee0, 0x0000020077a71020, 0x0000020077a73bf0, 0x0000020077a87450,
0x0000020077a87e10, 0x0000020077a887d0, 0x0000020077a89190, 0x0000020077a89f30,
0x0000020077a8aff0, 0x0000020077aaddf0, 0x0000020077bba810, 0x0000020077d10800,
0x000002007d39c600, 0x000002007d90ccb0, 0x000002007d5e10a0, 0x000002007d8e1060,
0x000002007d95ee20, 0x000002007cb532c0, 0x000002007cb51460, 0x000002007cb537d0,
0x000002007cb50f50, 0x000002007cb51970, 0x000002007cb51e80, 0x000002007cb528a0,
0x000002007cb52db0, 0x000002007cb50a40
}

Java Threads: ( => current thread )
  0x000002003d8d0ee0 JavaThread "main" [_thread_blocked, id=8900, stack(0x000000f892d00000,0x000000f892e00000)]
  0x0000020077a71020 JavaThread "Reference Handler" daemon [_thread_blocked, id=10680, stack(0x000000f893400000,0x000000f893500000)]
  0x0000020077a73bf0 JavaThread "Finalizer" daemon [_thread_blocked, id=21408, stack(0x000000f893500000,0x000000f893600000)]
  0x0000020077a87450 JavaThread "Signal Dispatcher" daemon [_thread_blocked, id=19444, stack(0x000000f893600000,0x000000f893700000)]
  0x0000020077a87e10 JavaThread "Attach Listener" daemon [_thread_blocked, id=4708, stack(0x000000f893700000,0x000000f893800000)]
  0x0000020077a887d0 JavaThread "Service Thread" daemon [_thread_blocked, id=27296, stack(0x000000f893800000,0x000000f893900000)]
  0x0000020077a89190 JavaThread "Monitor Deflation Thread" daemon [_thread_blocked, id=5604, stack(0x000000f893900000,0x000000f893a00000)]
=>0x0000020077a89f30 JavaThread "C2 CompilerThread0" daemon [_thread_in_native, id=26656, stack(0x000000f893a00000,0x000000f893b00000)]
  0x0000020077a8aff0 JavaThread "C1 CompilerThread0" daemon [_thread_blocked, id=18472, stack(0x000000f893b00000,0x000000f893c00000)]
  0x0000020077aaddf0 JavaThread "Sweeper thread" daemon [_thread_blocked, id=14656, stack(0x000000f893c00000,0x000000f893d00000)]
  0x0000020077bba810 JavaThread "Common-Cleaner" daemon [_thread_blocked, id=6064, stack(0x000000f893d00000,0x000000f893e00000)]
  0x0000020077d10800 JavaThread "Notification Thread" daemon [_thread_blocked, id=23800, stack(0x000000f893e00000,0x000000f893f00000)]
  0x000002007d39c600 JavaThread "Daemon health stats" [_thread_blocked, id=21840, stack(0x000000f894500000,0x000000f894600000)]
  0x000002007d90ccb0 JavaThread "Incoming local TCP Connector on port 57724" [_thread_in_native, id=24372, stack(0x000000f894600000,0x000000f894700000)]
  0x000002007d5e10a0 JavaThread "Daemon periodic checks" [_thread_blocked, id=10436, stack(0x000000f894700000,0x000000f894800000)]
  0x000002007d8e1060 JavaThread "Daemon" [_thread_blocked, id=5796, stack(0x000000f894800000,0x000000f894900000)]
  0x000002007d95ee20 JavaThread "Handler for socket connection from /127.0.0.1:57724 to /127.0.0.1:57725" [_thread_in_native, id=6788, stack(0x000000f894900000,0x000000f894a00000)]
  0x000002007cb532c0 JavaThread "Cancel handler" [_thread_blocked, id=8212, stack(0x000000f894a00000,0x000000f894b00000)]
  0x000002007cb51460 JavaThread "Daemon worker" [_thread_in_native, id=3580, stack(0x000000f894b00000,0x000000f894c00000)]
  0x000002007cb537d0 JavaThread "Asynchronous log dispatcher for DefaultDaemonConnection: socket connection from /127.0.0.1:57724 to /127.0.0.1:57725" [_thread_blocked, id=24144, stack(0x000000f894c00000,0x000000f894d00000)]
  0x000002007cb50f50 JavaThread "Stdin handler" [_thread_blocked, id=10264, stack(0x000000f894d00000,0x000000f894e00000)]
  0x000002007cb51970 JavaThread "Daemon client event forwarder" [_thread_blocked, id=17188, stack(0x000000f894e00000,0x000000f894f00000)]
  0x000002007cb51e80 JavaThread "Cache worker for journal cache (C:\Users\HP PROBOOK\.gradle\caches\journal-1)" [_thread_blocked, id=25840, stack(0x000000f895800000,0x000000f895900000)]
  0x000002007cb528a0 JavaThread "File lock request listener" [_thread_in_native, id=15308, stack(0x000000f895900000,0x000000f895a00000)]
  0x000002007cb52db0 JavaThread "Cache worker for file hash cache (C:\Users\HP PROBOOK\.gradle\caches\8.14\fileHashes)" [_thread_blocked, id=14156, stack(0x000000f895a00000,0x000000f895b00000)]
  0x000002007cb50a40 JavaThread "Cache worker for file hash cache (C:\Users\HP PROBOOK\Desktop\smartcalm\android\.gradle\8.14\fileHashes)" [_thread_blocked, id=8640, stack(0x000000f895b00000,0x000000f895c00000)]

Other Threads:
  0x0000020074b1ebc0 VMThread "VM Thread" [stack: 0x000000f893300000,0x000000f893400000] [id=15508]
  0x0000020077e17bd0 WatcherThread [stack: 0x000000f893f00000,0x000000f894000000] [id=16820]
  0x000002003d981df0 GCTaskThread "GC Thread#0" [stack: 0x000000f892e00000,0x000000f892f00000] [id=17072]
  0x0000020077e1dea0 GCTaskThread "GC Thread#1" [stack: 0x000000f894000000,0x000000f894100000] [id=11072]
  0x000002007c0817f0 GCTaskThread "GC Thread#2" [stack: 0x000000f894100000,0x000000f894200000] [id=23616]
  0x000002007cb55c40 GCTaskThread "GC Thread#3" [stack: 0x000000f894200000,0x000000f894300000] [id=5680]
  0x000002007cb95c90 GCTaskThread "GC Thread#4" [stack: 0x000000f894300000,0x000000f894400000] [id=24264]
  0x000002007d1deca0 GCTaskThread "GC Thread#5" [stack: 0x000000f894400000,0x000000f894500000] [id=6692]
  0x000002007dab34a0 GCTaskThread "GC Thread#6" [stack: 0x000000f894f00000,0x000000f895000000] [id=14544]
  0x000002007dd29380 GCTaskThread "GC Thread#7" [stack: 0x000000f895000000,0x000000f895100000] [id=23068]
  0x000002007dd27ac0 GCTaskThread "GC Thread#8" [stack: 0x000000f895100000,0x000000f895200000] [id=28636]
  0x000002007dd28300 GCTaskThread "GC Thread#9" [stack: 0x000000f895200000,0x000000f895300000] [id=3356]
  0x000002007dd285c0 GCTaskThread "GC Thread#10" [stack: 0x000000f895300000,0x000000f895400000] [id=12576]
  0x000002007dd27d80 GCTaskThread "GC Thread#11" [stack: 0x000000f895400000,0x000000f895500000] [id=7836]
  0x000002007dd28040 GCTaskThread "GC Thread#12" [stack: 0x000000f895500000,0x000000f895600000] [id=25212]
  0x000002003d98ebd0 ConcurrentGCThread "G1 Main Marker" [stack: 0x000000f892f00000,0x000000f893000000] [id=21860]
  0x0000020074924580 ConcurrentGCThread "G1 Conc#0" [stack: 0x000000f893000000,0x000000f893100000] [id=10596]
  0x000002007dd27800 ConcurrentGCThread "G1 Conc#1" [stack: 0x000000f895600000,0x000000f895700000] [id=24428]
  0x000002007dd28880 ConcurrentGCThread "G1 Conc#2" [stack: 0x000000f895700000,0x000000f895800000] [id=3260]
  0x00000200749a2480 ConcurrentGCThread "G1 Refine#0" [stack: 0x000000f893100000,0x000000f893200000] [id=18944]
  0x00000200749a2d50 ConcurrentGCThread "G1 Service" [stack: 0x000000f893200000,0x000000f893300000] [id=20628]

Threads with active compile tasks:
C2 CompilerThread0     3922 2666   !   4       java.lang.ClassLoader::loadClass (121 bytes)

VM state: not at safepoint (normal execution)

VM Mutex/Monitor currently owned by a thread: None

Heap address: 0x0000000600000000, size: 8192 MB, Compressed Oops mode: Zero based, Oop shift amount: 3

CDS archive(s) not mapped
Compressed class space mapped at: 0x0000000800000000-0x0000000840000000, reserved size: 1073741824
Narrow klass base: 0x0000000800000000, Narrow klass shift: 0, Narrow klass range: 0x40000000

GC Precious Log:
 CPUs: 16 total, 16 available
 Memory: 7489M
 Large Page Support: Disabled
 NUMA Support: Disabled
 Compressed Oops: Enabled (Zero based)
 Heap Region Size: 4M
 Heap Min Capacity: 8M
 Heap Initial Capacity: 120M
 Heap Max Capacity: 8G
 Pre-touch: Disabled
 Parallel Workers: 13
 Concurrent Workers: 3
 Concurrent Refinement Workers: 13
 Periodic GC: Disabled

Heap:
 garbage-first heap   total 98304K, used 39934K [0x0000000600000000, 0x0000000800000000)
  region size 4096K, 6 young (24576K), 1 survivors (4096K)
 Metaspace       used 30183K, committed 30464K, reserved 1114112K
  class space    used 3952K, committed 4096K, reserved 1048576K

Heap Regions: E=young(eden), S=young(survivor), O=old, HS=humongous(starts), HC=humongous(continues), CS=collection set, F=free, OA=open archive, CA=closed archive, TAMS=top-at-mark-start (previous, next)
|   0|0x0000000600000000, 0x0000000600400000, 0x0000000600400000|100%|HS|  |TAMS 0x0000000600400000, 0x0000000600000000| Complete 
|   1|0x0000000600400000, 0x0000000600800000, 0x0000000600800000|100%| O|  |TAMS 0x0000000600800000, 0x0000000600400000| Untracked 
|   2|0x0000000600800000, 0x0000000600800000, 0x0000000600c00000|  0%| F|  |TAMS 0x0000000600800000, 0x0000000600800000| Untracked 
|   3|0x0000000600c00000, 0x0000000601000000, 0x0000000601000000|100%| O|  |TAMS 0x0000000600c00000, 0x0000000600c00000| Untracked 
|   4|0x0000000601000000, 0x0000000601400000, 0x0000000601400000|100%| O|  |TAMS 0x0000000601000000, 0x0000000601000000| Untracked 
|   5|0x0000000601400000, 0x0000000601800000, 0x0000000601800000|100%| O|  |TAMS 0x0000000601400000, 0x0000000601400000| Untracked 
|   6|0x0000000601800000, 0x00000006019e2e00, 0x0000000601c00000| 47%| O|  |TAMS 0x0000000601800000, 0x0000000601800000| Untracked 
|   7|0x0000000601c00000, 0x0000000601c00000, 0x0000000602000000|  0%| F|  |TAMS 0x0000000601c00000, 0x0000000601c00000| Untracked 
|   8|0x0000000602000000, 0x0000000602000000, 0x0000000602400000|  0%| F|  |TAMS 0x0000000602000000, 0x0000000602000000| Untracked 
|   9|0x0000000602400000, 0x0000000602400000, 0x0000000602800000|  0%| F|  |TAMS 0x0000000602400000, 0x0000000602400000| Untracked 
|  10|0x0000000602800000, 0x0000000602800000, 0x0000000602c00000|  0%| F|  |TAMS 0x0000000602800000, 0x0000000602800000| Untracked 
|  11|0x0000000602c00000, 0x0000000602c00000, 0x0000000603000000|  0%| F|  |TAMS 0x0000000602c00000, 0x0000000602c00000| Untracked 
|  12|0x0000000603000000, 0x0000000603000000, 0x0000000603400000|  0%| F|  |TAMS 0x0000000603000000, 0x0000000603000000| Untracked 
|  13|0x0000000603400000, 0x0000000603400000, 0x0000000603800000|  0%| F|  |TAMS 0x0000000603400000, 0x0000000603400000| Untracked 
|  14|0x0000000603800000, 0x0000000603800000, 0x0000000603c00000|  0%| F|  |TAMS 0x0000000603800000, 0x0000000603800000| Untracked 
|  15|0x0000000603c00000, 0x0000000603c00000, 0x0000000604000000|  0%| F|  |TAMS 0x0000000603c00000, 0x0000000603c00000| Untracked 
|  16|0x0000000604000000, 0x0000000604000000, 0x0000000604400000|  0%| F|  |TAMS 0x0000000604000000, 0x0000000604000000| Untracked 
|  17|0x0000000604400000, 0x0000000604400000, 0x0000000604800000|  0%| F|  |TAMS 0x0000000604400000, 0x0000000604400000| Untracked 
|  18|0x0000000604800000, 0x00000006049307b8, 0x0000000604c00000| 29%| E|  |TAMS 0x0000000604800000, 0x0000000604800000| Complete 
|  19|0x0000000604c00000, 0x0000000605000000, 0x0000000605000000|100%| E|CS|TAMS 0x0000000604c00000, 0x0000000604c00000| Complete 
|  20|0x0000000605000000, 0x0000000605400000, 0x0000000605400000|100%| E|CS|TAMS 0x0000000605000000, 0x0000000605000000| Complete 
|  21|0x0000000605400000, 0x0000000605800000, 0x0000000605800000|100%| E|CS|TAMS 0x0000000605400000, 0x0000000605400000| Complete 
|  22|0x0000000605800000, 0x000000060591ca60, 0x0000000605c00000| 27%| S|CS|TAMS 0x0000000605800000, 0x0000000605800000| Complete 
|  29|0x0000000607400000, 0x0000000607800000, 0x0000000607800000|100%| E|CS|TAMS 0x0000000607400000, 0x0000000607400000| Complete 

Card table byte_map: [0x0000020062850000,0x0000020063850000] _byte_map_base: 0x000002005f850000

Marking Bits (Prev, Next): (CMBitMap*) 0x000002003d9822f0, (CMBitMap*) 0x000002003d9822b0
 Prev Bits: [0x000002006c850000, 0x0000020074850000)
 Next Bits: [0x0000020064850000, 0x000002006c850000)

Polling page: 0x000002003d090000

Metaspace:

Usage:
  Non-class:     25.62 MB used.
      Class:      3.86 MB used.
       Both:     29.48 MB used.

Virtual space:
  Non-class space:       64.00 MB reserved,      25.75 MB ( 40%) committed,  1 nodes.
      Class space:        1.00 GB reserved,       4.00 MB ( <1%) committed,  1 nodes.
             Both:        1.06 GB reserved,      29.75 MB (  3%) committed. 

Chunk freelists:
   Non-Class:  5.89 MB
       Class:  11.91 MB
        Both:  17.80 MB

MaxMetaspaceSize: 4.00 GB
CompressedClassSpaceSize: 1.00 GB
Initial GC threshold: 21.00 MB
Current GC threshold: 35.12 MB
CDS: off
MetaspaceReclaimPolicy: balanced
 - commit_granule_bytes: 65536.
 - commit_granule_words: 8192.
 - virtual_space_node_default_size: 8388608.
 - enlarge_chunks_in_place: 1.
 - new_chunks_are_fully_committed: 0.
 - uncommit_free_chunks: 1.
 - use_allocation_guard: 0.
 - handle_deallocations: 1.


Internal statistics:

num_allocs_failed_limit: 3.
num_arena_births: 222.
num_arena_deaths: 0.
num_vsnodes_births: 2.
num_vsnodes_deaths: 0.
num_space_committed: 476.
num_space_uncommitted: 0.
num_chunks_returned_to_freelist: 3.
num_chunks_taken_from_freelist: 1008.
num_chunk_merges: 3.
num_chunk_splits: 647.
num_chunks_enlarged: 454.
num_inconsistent_stats: 0.

CodeHeap 'non-profiled nmethods': size=258432Kb used=1434Kb max_used=1434Kb free=256997Kb
 bounds [0x0000020051150000, 0x00000200513c0000, 0x0000020060db0000]
CodeHeap 'profiled nmethods': size=258368Kb used=6120Kb max_used=6120Kb free=252247Kb
 bounds [0x0000020040db0000, 0x00000200413b0000, 0x0000020050a00000]
CodeHeap 'non-nmethods': size=7488Kb used=1240Kb max_used=1292Kb free=6247Kb
 bounds [0x0000020050a00000, 0x0000020050c70000, 0x0000020051150000]
 total_blobs=3417 nmethods=2870 adapters=459
 compilation: enabled
              stopped_count=0, restarted_count=0
 full_count=0

Compilation events (20 events):
Event: 3.611 Thread 0x0000020077a8aff0 2819       3       jdk.internal.jimage.ImageLocation::verifyName (161 bytes)
Event: 3.613 Thread 0x0000020077a8aff0 nmethod 2819 0x0000020041378c90 code [0x0000020041378fc0, 0x000002004137a5b8]
Event: 3.620 Thread 0x0000020077a8aff0 2821       3       jdk.internal.org.objectweb.asm.ClassReader::readUTF8 (23 bytes)
Event: 3.621 Thread 0x0000020077a8aff0 nmethod 2821 0x000002004137af10 code [0x000002004137b0c0, 0x000002004137b318]
Event: 3.621 Thread 0x0000020077a8aff0 2822       3       jdk.internal.org.objectweb.asm.ClassReader::readUtf (44 bytes)
Event: 3.621 Thread 0x0000020077a8aff0 nmethod 2822 0x000002004137b410 code [0x000002004137b5e0, 0x000002004137b9f8]
Event: 3.627 Thread 0x0000020077a8aff0 2823   !   3       jdk.internal.reflect.NativeMethodAccessorImpl::invoke (137 bytes)
Event: 3.629 Thread 0x0000020077a8aff0 nmethod 2823 0x000002004137bb90 code [0x000002004137bde0, 0x000002004137ca88]
Event: 3.664 Thread 0x0000020077a8aff0 2825   !   3       org.gradle.internal.service.DefaultServiceRegistry$FactoryService::bind (297 bytes)
Event: 3.666 Thread 0x0000020077a8aff0 nmethod 2825 0x000002004137d010 code [0x000002004137d680, 0x00000200413817e8]
Event: 3.669 Thread 0x0000020077a8aff0 2827       3       org.gradle.internal.service.DefaultServiceRegistry$FactoryService::assembleParameters (58 bytes)
Event: 3.670 Thread 0x0000020077a8aff0 nmethod 2827 0x0000020041382c90 code [0x0000020041382e80, 0x00000200413834c8]
Event: 3.670 Thread 0x0000020077a8aff0 2826       3       org.gradle.internal.service.DefaultServiceRegistry$FactoryService::createServiceInstance (18 bytes)
Event: 3.670 Thread 0x0000020077a8aff0 nmethod 2826 0x0000020041383710 code [0x00000200413838c0, 0x0000020041383af8]
Event: 3.688 Thread 0x0000020077a8aff0 2828       3       java.util.concurrent.locks.AbstractQueuedSynchronizer::signalNext (34 bytes)
Event: 3.689 Thread 0x0000020077a8aff0 nmethod 2828 0x0000020041383c10 code [0x0000020041383de0, 0x00000200413840b8]
Event: 3.700 Thread 0x0000020077a8aff0 2829       3       java.lang.AbstractStringBuilder::appendChars (130 bytes)
Event: 3.701 Thread 0x0000020077a8aff0 nmethod 2829 0x0000020041384210 code [0x0000020041384400, 0x00000200413849a8]
Event: 3.701 Thread 0x0000020077a8aff0 2831       1       com.google.common.io.LineReader::access$000 (5 bytes)
Event: 3.701 Thread 0x0000020077a8aff0 nmethod 2831 0x00000200512b5110 code [0x00000200512b52a0, 0x00000200512b5358]

GC Heap History (12 events):
Event: 0.372 GC heap before
{Heap before GC invocations=0 (full 0):
 garbage-first heap   total 122880K, used 20480K [0x0000000600000000, 0x0000000800000000)
  region size 4096K, 5 young (20480K), 0 survivors (0K)
 Metaspace       used 7122K, committed 7296K, reserved 1114112K
  class space    used 622K, committed 704K, reserved 1048576K
}
Event: 0.375 GC heap after
{Heap after GC invocations=1 (full 0):
 garbage-first heap   total 122880K, used 1664K [0x0000000600000000, 0x0000000800000000)
  region size 4096K, 1 young (4096K), 1 survivors (4096K)
 Metaspace       used 7122K, committed 7296K, reserved 1114112K
  class space    used 622K, committed 704K, reserved 1048576K
}
Event: 0.984 GC heap before
{Heap before GC invocations=1 (full 0):
 garbage-first heap   total 122880K, used 46720K [0x0000000600000000, 0x0000000800000000)
  region size 4096K, 11 young (45056K), 1 survivors (4096K)
 Metaspace       used 11918K, committed 12096K, reserved 1114112K
  class space    used 1258K, committed 1344K, reserved 1048576K
}
Event: 0.992 GC heap after
{Heap after GC invocations=2 (full 0):
 garbage-first heap   total 122880K, used 11717K [0x0000000600000000, 0x0000000800000000)
  region size 4096K, 2 young (8192K), 2 survivors (8192K)
 Metaspace       used 11918K, committed 12096K, reserved 1114112K
  class space    used 1258K, committed 1344K, reserved 1048576K
}
Event: 1.728 GC heap before
{Heap before GC invocations=2 (full 0):
 garbage-first heap   total 122880K, used 64965K [0x0000000600000000, 0x0000000800000000)
  region size 4096K, 15 young (61440K), 2 survivors (8192K)
 Metaspace       used 12712K, committed 12928K, reserved 1114112K
  class space    used 1407K, committed 1536K, reserved 1048576K
}
Event: 1.752 GC heap after
{Heap after GC invocations=3 (full 0):
 garbage-first heap   total 122880K, used 17230K [0x0000000600000000, 0x0000000800000000)
  region size 4096K, 2 young (8192K), 2 survivors (8192K)
 Metaspace       used 12712K, committed 12928K, reserved 1114112K
  class space    used 1407K, committed 1536K, reserved 1048576K
}
Event: 2.545 GC heap before
{Heap before GC invocations=3 (full 0):
 garbage-first heap   total 122880K, used 45902K [0x0000000600000000, 0x0000000800000000)
  region size 4096K, 10 young (40960K), 2 survivors (8192K)
 Metaspace       used 21322K, committed 21504K, reserved 1114112K
  class space    used 2503K, committed 2624K, reserved 1048576K
}
Event: 2.551 GC heap after
{Heap after GC invocations=4 (full 0):
 garbage-first heap   total 122880K, used 20214K [0x0000000600000000, 0x0000000800000000)
  region size 4096K, 3 young (12288K), 3 survivors (12288K)
 Metaspace       used 21322K, committed 21504K, reserved 1114112K
  class space    used 2503K, committed 2624K, reserved 1048576K
}
Event: 3.332 GC heap before
{Heap before GC invocations=5 (full 0):
 garbage-first heap   total 98304K, used 65270K [0x0000000600000000, 0x0000000800000000)
  region size 4096K, 14 young (57344K), 3 survivors (12288K)
 Metaspace       used 27731K, committed 28032K, reserved 1114112K
  class space    used 3560K, committed 3712K, reserved 1048576K
}
Event: 3.340 GC heap after
{Heap after GC invocations=6 (full 0):
 garbage-first heap   total 98304K, used 22980K [0x0000000600000000, 0x0000000800000000)
  region size 4096K, 2 young (8192K), 2 survivors (8192K)
 Metaspace       used 27731K, committed 28032K, reserved 1114112K
  class space    used 3560K, committed 3712K, reserved 1048576K
}
Event: 3.398 GC heap before
{Heap before GC invocations=6 (full 0):
 garbage-first heap   total 98304K, used 27076K [0x0000000600000000, 0x0000000800000000)
  region size 4096K, 3 young (12288K), 2 survivors (8192K)
 Metaspace       used 28192K, committed 28480K, reserved 1114112K
  class space    used 3631K, committed 3776K, reserved 1048576K
}
Event: 3.405 GC heap after
{Heap after GC invocations=7 (full 0):
 garbage-first heap   total 98304K, used 23550K [0x0000000600000000, 0x0000000800000000)
  region size 4096K, 1 young (4096K), 1 survivors (4096K)
 Metaspace       used 28192K, committed 28480K, reserved 1114112K
  class space    used 3631K, committed 3776K, reserved 1048576K
}

Dll operation events (3 events):
Event: 0.011 Loaded shared library C:\Program Files\Android\Android Studio\jbr\bin\java.dll
Event: 0.124 Loaded shared library C:\Program Files\Android\Android Studio\jbr\bin\zip.dll
Event: 0.521 Loaded shared library C:\Program Files\Android\Android Studio\jbr\bin\verify.dll

Deoptimization events (20 events):
Event: 3.022 Thread 0x000002007cb51460 Uncommon trap: trap_request=0xffffff45 fr.pc=0x00000200511d4b78 relative=0x00000000000000d8
Event: 3.022 Thread 0x000002007cb51460 Uncommon trap: reason=unstable_if action=reinterpret pc=0x00000200511d4b78 method=java.util.HashMap.hash(Ljava/lang/Object;)I @ 1 c2
Event: 3.022 Thread 0x000002007cb51460 DEOPT PACKING pc=0x00000200511d4b78 sp=0x000000f894bfbda0
Event: 3.022 Thread 0x000002007cb51460 DEOPT UNPACKING pc=0x0000020050a569a3 sp=0x000000f894bfbce0 mode 2
Event: 3.054 Thread 0x000002007cb51460 Uncommon trap: trap_request=0xffffff45 fr.pc=0x000002005120d490 relative=0x0000000000000770
Event: 3.054 Thread 0x000002007cb51460 Uncommon trap: reason=unstable_if action=reinterpret pc=0x000002005120d490 method=java.util.ArrayList.grow(I)[Ljava/lang/Object; @ 17 c2
Event: 3.054 Thread 0x000002007cb51460 DEOPT PACKING pc=0x000002005120d490 sp=0x000000f894bfcce0
Event: 3.054 Thread 0x000002007cb51460 DEOPT UNPACKING pc=0x0000020050a569a3 sp=0x000000f894bfcb78 mode 2
Event: 3.163 Thread 0x000002007cb51460 DEOPT PACKING pc=0x000002004121e21e sp=0x000000f894bfba70
Event: 3.163 Thread 0x000002007cb51460 DEOPT UNPACKING pc=0x0000020050a57143 sp=0x000000f894bfaf80 mode 0
Event: 3.186 Thread 0x000002007cb51460 DEOPT PACKING pc=0x000002004121e21e sp=0x000000f894bfbbb0
Event: 3.186 Thread 0x000002007cb51460 DEOPT UNPACKING pc=0x0000020050a57143 sp=0x000000f894bfb0c0 mode 0
Event: 3.200 Thread 0x000002007cb51460 DEOPT PACKING pc=0x000002004121e21e sp=0x000000f894bfbc80
Event: 3.200 Thread 0x000002007cb51460 DEOPT UNPACKING pc=0x0000020050a57143 sp=0x000000f894bfb190 mode 0
Event: 3.468 Thread 0x000002007cb51460 DEOPT PACKING pc=0x000002004121e1fd sp=0x000000f894bfbf70
Event: 3.468 Thread 0x000002007cb51460 DEOPT UNPACKING pc=0x0000020050a57143 sp=0x000000f894bfb480 mode 0
Event: 3.540 Thread 0x000002007cb51460 Uncommon trap: trap_request=0xffffff45 fr.pc=0x00000200512aea18 relative=0x0000000000000558
Event: 3.540 Thread 0x000002007cb51460 Uncommon trap: reason=unstable_if action=reinterpret pc=0x00000200512aea18 method=java.util.HashMap.getNode(Ljava/lang/Object;)Ljava/util/HashMap$Node; @ 131 c2
Event: 3.540 Thread 0x000002007cb51460 DEOPT PACKING pc=0x00000200512aea18 sp=0x000000f894bfa930
Event: 3.540 Thread 0x000002007cb51460 DEOPT UNPACKING pc=0x0000020050a569a3 sp=0x000000f894bfa8b0 mode 2

Classes unloaded (0 events):
No events

Classes redefined (0 events):
No events

Internal exceptions (20 events):
Event: 2.630 Thread 0x000002007cb51460 Exception <a 'java/lang/NoSuchMethodError'{0x000000060592f278}: 'java.lang.Object java.lang.invoke.DirectMethodHandle$Holder.newInvokeSpecial(java.lang.Object, java.lang.Object, java.lang.Object, java.lang.Object, java.lang.Object, java.lang.Object)'> (0x000000060592f278) 
thrown [s\src\hotspot\share\interpreter\linkResolver.cpp, line 771]
Event: 2.680 Thread 0x000002007cb51460 Exception <a 'java/lang/NoSuchMethodError'{0x0000000604839990}: 'void java.lang.invoke.DelegatingMethodHandle$Holder.reinvoke_L(java.lang.Object, java.lang.Object, java.lang.Object, java.lang.Object, java.lang.Object, java.lang.Object, java.lang.Object, java.lang.Object, java.lang.Object, java.lang.Object)'> (0x0000000604839990) 
thrown [s\src\hotspot\share\interpreter\linkResolver.cpp, line 771]
Event: 2.681 Thread 0x000002007cb51460 Exception <a 'java/lang/NoSuchMethodError'{0x0000000604844f90}: 'java.lang.Object java.lang.invoke.DirectMethodHandle$Holder.invokeSpecial(java.lang.Object, java.lang.Object, java.lang.Object, java.lang.Object, java.lang.Object, java.lang.Object, java.lang.Object, java.lang.Object, java.lang.Object, java.lang.Object)'> (0x0000000604844f90) 
thrown [s\src\hotspot\share\interpreter\linkResolver.cpp, line 771]
Event: 2.681 Thread 0x000002007cb51460 Exception <a 'java/lang/NoSuchMethodError'{0x0000000604849860}: 'java.lang.Object java.lang.invoke.Invokers$Holder.invoker(java.lang.Object, java.lang.Object, java.lang.Object, java.lang.Object, java.lang.Object, java.lang.Object, java.lang.Object, java.lang.Object, java.lang.Object, java.lang.Object)'> (0x0000000604849860) 
thrown [s\src\hotspot\share\interpreter\linkResolver.cpp, line 771]
Event: 2.682 Thread 0x000002007cb51460 Exception <a 'java/lang/NoSuchMethodError'{0x000000060484f468}: 'java.lang.Object java.lang.invoke.DirectMethodHandle$Holder.invokeSpecial(java.lang.Object, java.lang.Object, java.lang.Object, java.lang.Object, java.lang.Object, java.lang.Object, java.lang.Object, java.lang.Object, java.lang.Object, java.lang.Object, java.lang.Object)'> (0x000000060484f468) 
thrown [s\src\hotspot\share\interpreter\linkResolver.cpp, line 771]
Event: 2.824 Thread 0x000002007cb51460 Exception <a 'java/lang/NoSuchMethodError'{0x000000060408d8b0}: 'java.lang.Object java.lang.invoke.DirectMethodHandle$Holder.newInvokeSpecial(java.lang.Object, java.lang.Object, int)'> (0x000000060408d8b0) 
thrown [s\src\hotspot\share\interpreter\linkResolver.cpp, line 771]
Event: 2.979 Thread 0x000002007cb51460 Exception <a 'java/lang/NoSuchMethodError'{0x0000000603d521d0}: 'void java.lang.invoke.DirectMethodHandle$Holder.invokeStatic(java.lang.Object, java.lang.Object, java.lang.Object, java.lang.Object)'> (0x0000000603d521d0) 
thrown [s\src\hotspot\share\interpreter\linkResolver.cpp, line 771]
Event: 2.979 Thread 0x000002007cb51460 Exception <a 'java/lang/NoSuchMethodError'{0x0000000603d56670}: 'void java.lang.invoke.DirectMethodHandle$Holder.invokeStaticInit(java.lang.Object, java.lang.Object, java.lang.Object, java.lang.Object)'> (0x0000000603d56670) 
thrown [s\src\hotspot\share\interpreter\linkResolver.cpp, line 771]
Event: 2.986 Thread 0x000002007cb51460 Exception <a 'java/lang/NoSuchMethodError'{0x0000000603db5948}: 'java.lang.Object java.lang.invoke.DirectMethodHandle$Holder.invokeInterface(java.lang.Object, java.lang.Object, java.lang.Object)'> (0x0000000603db5948) 
thrown [s\src\hotspot\share\interpreter\linkResolver.cpp, line 771]
Event: 2.999 Thread 0x000002007cb51460 Exception <a 'java/lang/NoSuchMethodError'{0x0000000603e9dde8}: 'int java.lang.invoke.DirectMethodHandle$Holder.invokeSpecialIFC(java.lang.Object, java.lang.Object, java.lang.Object, java.lang.Object)'> (0x0000000603e9dde8) 
thrown [s\src\hotspot\share\interpreter\linkResolver.cpp, line 771]
Event: 3.001 Thread 0x000002007cb51460 Exception <a 'java/lang/IncompatibleClassChangeError'{0x0000000603eacc00}: Found class java.lang.Object, but interface was expected> (0x0000000603eacc00) 
thrown [s\src\hotspot\share\interpreter\linkResolver.cpp, line 838]
Event: 3.022 Thread 0x000002007cb51460 Implicit null exception at 0x00000200511d4ad8 to 0x00000200511d4b6e
Event: 3.034 Thread 0x000002007cb51460 Exception <a 'java/lang/NoSuchMethodError'{0x00000006038b9830}: 'int java.lang.invoke.DirectMethodHandle$Holder.invokeStatic(java.lang.Object, java.lang.Object, java.lang.Object, java.lang.Object)'> (0x00000006038b9830) 
thrown [s\src\hotspot\share\interpreter\linkResolver.cpp, line 771]
Event: 3.034 Thread 0x000002007cb51460 Exception <a 'java/lang/NoSuchMethodError'{0x00000006038bd700}: 'java.lang.Object java.lang.invoke.Invokers$Holder.invokeExact_MT(java.lang.Object, java.lang.Object, java.lang.Object, java.lang.Object, java.lang.Object, java.lang.Object)'> (0x00000006038bd700) 
thrown [s\src\hotspot\share\interpreter\linkResolver.cpp, line 771]
Event: 3.270 Thread 0x000002007cb51460 Exception <a 'java/lang/NoSuchMethodError'{0x0000000602851678}: 'int java.lang.invoke.DirectMethodHandle$Holder.invokeStaticInit(java.lang.Object, java.lang.Object, java.lang.Object)'> (0x0000000602851678) 
thrown [s\src\hotspot\share\interpreter\linkResolver.cpp, line 771]
Event: 3.458 Thread 0x000002007cb51460 Exception <a 'java/lang/NoSuchMethodError'{0x000000060775dca8}: 'void java.lang.invoke.DirectMethodHandle$Holder.invokeSpecial(java.lang.Object, java.lang.Object, java.lang.Object, java.lang.Object, java.lang.Object)'> (0x000000060775dca8) 
thrown [s\src\hotspot\share\interpreter\linkResolver.cpp, line 771]
Event: 3.459 Thread 0x000002007cb51460 Exception <a 'java/lang/NoSuchMethodError'{0x0000000607765608}: 'java.lang.Object java.lang.invoke.Invokers$Holder.invoker(java.lang.Object, java.lang.Object, java.lang.Object, java.lang.Object)'> (0x0000000607765608) 
thrown [s\src\hotspot\share\interpreter\linkResolver.cpp, line 771]
Event: 3.520 Thread 0x000002007cb51460 Exception <a 'java/lang/NoSuchMethodError'{0x000000060573f7b0}: 'java.lang.Object java.lang.invoke.DirectMethodHandle$Holder.invokeVirtual(java.lang.Object, java.lang.Object, java.lang.Object, java.lang.Object)'> (0x000000060573f7b0) 
thrown [s\src\hotspot\share\interpreter\linkResolver.cpp, line 771]
Event: 3.548 Thread 0x000002007cb51460 Exception <a 'java/lang/NoSuchMethodError'{0x0000000605128980}: 'java.lang.Object java.lang.invoke.DirectMethodHandle$Holder.newInvokeSpecial(java.lang.Object, java.lang.Object, java.lang.Object, java.lang.Object, java.lang.Object, java.lang.Object, java.lang.Object)'> (0x0000000605128980) 
thrown [s\src\hotspot\share\interpreter\linkResolver.cpp, line 771]
Event: 3.548 Thread 0x000002007cb51460 Exception <a 'java/lang/NoSuchMethodError'{0x000000060512d650}: 'java.lang.Object java.lang.invoke.Invokers$Holder.linkToTargetMethod(java.lang.Object, java.lang.Object, java.lang.Object, java.lang.Object, java.lang.Object, java.lang.Object, java.lang.Object)'> (0x000000060512d650) 
thrown [s\src\hotspot\share\interpreter\linkResolver.cpp, line 771]

VM Operations (20 events):
Event: 2.149 Executing VM operation: HandshakeAllThreads
Event: 2.149 Executing VM operation: HandshakeAllThreads done
Event: 2.257 Executing VM operation: HandshakeAllThreads
Event: 2.257 Executing VM operation: HandshakeAllThreads done
Event: 2.414 Executing VM operation: ICBufferFull
Event: 2.415 Executing VM operation: ICBufferFull done
Event: 2.545 Executing VM operation: CollectForMetadataAllocation
Event: 2.551 Executing VM operation: CollectForMetadataAllocation done
Event: 2.560 Executing VM operation: G1PauseRemark
Event: 2.561 Executing VM operation: G1PauseRemark done
Event: 2.563 Executing VM operation: G1PauseCleanup
Event: 2.563 Executing VM operation: G1PauseCleanup done
Event: 3.074 Executing VM operation: HandshakeAllThreads
Event: 3.074 Executing VM operation: HandshakeAllThreads done
Event: 3.074 Executing VM operation: HandshakeAllThreads
Event: 3.074 Executing VM operation: HandshakeAllThreads done
Event: 3.332 Executing VM operation: G1CollectForAllocation
Event: 3.340 Executing VM operation: G1CollectForAllocation done
Event: 3.398 Executing VM operation: G1CollectForAllocation
Event: 3.405 Executing VM operation: G1CollectForAllocation done

Events (20 events):
Event: 3.241 loading class java/io/ObjectStreamConstants done
Event: 3.242 loading class java/io/ObjectOutputStream done
Event: 3.242 loading class java/io/ObjectInputStream
Event: 3.243 loading class java/io/ObjectInput
Event: 3.243 loading class java/io/ObjectInput done
Event: 3.243 loading class java/io/ObjectInputStream done
Event: 3.487 loading class javax/xml/parsers/ParserConfigurationException
Event: 3.488 loading class javax/xml/parsers/ParserConfigurationException done
Event: 3.488 loading class org/xml/sax/SAXException
Event: 3.488 loading class org/xml/sax/SAXException done
Event: 3.488 loading class javax/xml/xpath/XPathExpressionException
Event: 3.489 loading class javax/xml/xpath/XPathException
Event: 3.489 loading class javax/xml/xpath/XPathException done
Event: 3.489 loading class javax/xml/xpath/XPathExpressionException done
Event: 3.489 loading class org/xml/sax/ErrorHandler
Event: 3.490 loading class org/xml/sax/ErrorHandler done
Event: 3.494 loading class java/nio/file/AtomicMoveNotSupportedException
Event: 3.494 loading class java/nio/file/AtomicMoveNotSupportedException done
Event: 3.578 loading class java/lang/ThreadLocal$SuppliedThreadLocal
Event: 3.578 loading class java/lang/ThreadLocal$SuppliedThreadLocal done


Dynamic libraries:
0x00007ff7c3fa0000 - 0x00007ff7c3faa000 	C:\Program Files\Android\Android Studio\jbr\bin\java.exe
0x00007ffcd1720000 - 0x00007ffcd1929000 	C:\Windows\SYSTEM32\ntdll.dll
0x00007ffcd0c90000 - 0x00007ffcd0d4d000 	C:\Windows\System32\KERNEL32.DLL
0x00007ffccf040000 - 0x00007ffccf3c4000 	C:\Windows\System32\KERNELBASE.dll
0x00007ffccee60000 - 0x00007ffccef71000 	C:\Windows\System32\ucrtbase.dll
0x00007ffcb67d0000 - 0x00007ffcb67e7000 	C:\Program Files\Android\Android Studio\jbr\bin\jli.dll
0x00007ffcb4200000 - 0x00007ffcb421b000 	C:\Program Files\Android\Android Studio\jbr\bin\VCRUNTIME140.dll
0x00007ffcd0ae0000 - 0x00007ffcd0c8d000 	C:\Windows\System32\USER32.dll
0x00007ffccf540000 - 0x00007ffccf566000 	C:\Windows\System32\win32u.dll
0x00007ffcb4c50000 - 0x00007ffcb4ef5000 	C:\Windows\WinSxS\amd64_microsoft.windows.common-controls_6595b64144ccf1df_6.0.22000.120_none_9d947278b86cc467\COMCTL32.dll
0x00007ffcd1590000 - 0x00007ffcd15ba000 	C:\Windows\System32\GDI32.dll
0x00007ffccebb0000 - 0x00007ffccecce000 	C:\Windows\System32\gdi32full.dll
0x00007ffcd15c0000 - 0x00007ffcd1663000 	C:\Windows\System32\msvcrt.dll
0x00007ffccecd0000 - 0x00007ffcced6d000 	C:\Windows\System32\msvcp_win.dll
0x00007ffcd0dd0000 - 0x00007ffcd0e01000 	C:\Windows\System32\IMM32.DLL
0x00007ffca59e0000 - 0x00007ffca59ec000 	C:\Program Files\Android\Android Studio\jbr\bin\vcruntime140_1.dll
0x00007ffbfed20000 - 0x00007ffbfedad000 	C:\Program Files\Android\Android Studio\jbr\bin\msvcp140.dll
0x00007ffbeaec0000 - 0x00007ffbebb43000 	C:\Program Files\Android\Android Studio\jbr\bin\server\jvm.dll
0x00007ffccfb00000 - 0x00007ffccfbae000 	C:\Windows\System32\ADVAPI32.dll
0x00007ffcd0ef0000 - 0x00007ffcd0f8e000 	C:\Windows\System32\sechost.dll
0x00007ffcd0ff0000 - 0x00007ffcd1111000 	C:\Windows\System32\RPCRT4.dll
0x00007ffcce8e0000 - 0x00007ffcce92d000 	C:\Windows\SYSTEM32\POWRPROF.dll
0x00007ffcc7440000 - 0x00007ffcc7473000 	C:\Windows\SYSTEM32\WINMM.dll
0x00007ffcaef90000 - 0x00007ffcaef99000 	C:\Windows\SYSTEM32\WSOCK32.dll
0x00007ffcc53e0000 - 0x00007ffcc53ea000 	C:\Windows\SYSTEM32\VERSION.dll
0x00007ffcd1670000 - 0x00007ffcd16df000 	C:\Windows\System32\WS2_32.dll
0x00007ffcce8c0000 - 0x00007ffcce8d3000 	C:\Windows\SYSTEM32\UMPDC.dll
0x00007ffccdbe0000 - 0x00007ffccdbf8000 	C:\Windows\SYSTEM32\kernel.appcore.dll
0x00007ffca3f30000 - 0x00007ffca3f3a000 	C:\Program Files\Android\Android Studio\jbr\bin\jimage.dll
0x00007ffccc6e0000 - 0x00007ffccc901000 	C:\Windows\SYSTEM32\DBGHELP.DLL
0x00007ffcb1530000 - 0x00007ffcb1561000 	C:\Windows\SYSTEM32\dbgcore.DLL
0x00007ffcced70000 - 0x00007ffccedef000 	C:\Windows\System32\bcryptPrimitives.dll
0x00007ffc8fb30000 - 0x00007ffc8fb3e000 	C:\Program Files\Android\Android Studio\jbr\bin\instrument.dll
0x00007ffc66950000 - 0x00007ffc66975000 	C:\Program Files\Android\Android Studio\jbr\bin\java.dll
0x00007ffc8fac0000 - 0x00007ffc8fad8000 	C:\Program Files\Android\Android Studio\jbr\bin\zip.dll
0x00007ffccfbc0000 - 0x00007ffcd0385000 	C:\Windows\System32\SHELL32.dll
0x00007ffcccc40000 - 0x00007ffccd4a2000 	C:\Windows\SYSTEM32\windows.storage.dll
0x00007ffcd05f0000 - 0x00007ffcd0966000 	C:\Windows\System32\combase.dll
0x00007ffcccad0000 - 0x00007ffcccc37000 	C:\Windows\SYSTEM32\wintypes.dll
0x00007ffccf570000 - 0x00007ffccf65a000 	C:\Windows\System32\SHCORE.dll
0x00007ffcd0d50000 - 0x00007ffcd0dad000 	C:\Windows\System32\shlwapi.dll
0x00007ffcceae0000 - 0x00007ffcceb05000 	C:\Windows\SYSTEM32\profapi.dll
0x00007ffc67a10000 - 0x00007ffc67a29000 	C:\Program Files\Android\Android Studio\jbr\bin\net.dll
0x00007ffcc86e0000 - 0x00007ffcc87f4000 	C:\Windows\SYSTEM32\WINHTTP.dll
0x00007ffcce080000 - 0x00007ffcce0e7000 	C:\Windows\system32\mswsock.dll
0x00007ffc66b90000 - 0x00007ffc66ba6000 	C:\Program Files\Android\Android Studio\jbr\bin\nio.dll
0x00007ffca3f20000 - 0x00007ffca3f30000 	C:\Program Files\Android\Android Studio\jbr\bin\verify.dll
0x00007ffc66a90000 - 0x00007ffc66ab7000 	C:\Users\HP PROBOOK\.gradle\native\1def1411415f61bf3af743bc5b6707747c0891f09f0c88961ee8f79bc544acac\windows-amd64\native-platform.dll
0x00007ffc5f450000 - 0x00007ffc5f4c8000 	C:\Users\HP PROBOOK\.gradle\native\0.2.7\x86_64-windows-gnu\gradle-fileevents.dll
0x00007ffc99700000 - 0x00007ffc99709000 	C:\Program Files\Android\Android Studio\jbr\bin\management.dll
0x00007ffc907d0000 - 0x00007ffc907db000 	C:\Program Files\Android\Android Studio\jbr\bin\management_ext.dll
0x00007ffcd12e0000 - 0x00007ffcd12e8000 	C:\Windows\System32\PSAPI.DLL
0x00007ffccd6f0000 - 0x00007ffccd71d000 	C:\Windows\SYSTEM32\IPHLPAPI.DLL
0x00007ffccf660000 - 0x00007ffccf669000 	C:\Windows\System32\NSI.dll
0x00007ffcc8300000 - 0x00007ffcc8319000 	C:\Windows\SYSTEM32\dhcpcsvc6.DLL
0x00007ffcc8b10000 - 0x00007ffcc8b2e000 	C:\Windows\SYSTEM32\dhcpcsvc.DLL
0x00007ffccd720000 - 0x00007ffccd807000 	C:\Windows\SYSTEM32\DNSAPI.dll
0x00007ffc90760000 - 0x00007ffc90769000 	C:\Program Files\Android\Android Studio\jbr\bin\extnet.dll
0x00007ffcce350000 - 0x00007ffcce368000 	C:\Windows\SYSTEM32\CRYPTSP.dll
0x00007ffccdb40000 - 0x00007ffccdb75000 	C:\Windows\system32\rsaenh.dll
0x00007ffcce120000 - 0x00007ffcce14c000 	C:\Windows\SYSTEM32\USERENV.dll
0x00007ffcce500000 - 0x00007ffcce527000 	C:\Windows\SYSTEM32\bcrypt.dll
0x00007ffcce270000 - 0x00007ffcce27c000 	C:\Windows\SYSTEM32\CRYPTBASE.dll
0x00007ffc98ee0000 - 0x00007ffc98ee8000 	C:\Windows\system32\wshunix.dll

dbghelp: loaded successfully - version: 4.0.5 - missing functions: none
symbol engine: initialized successfully - sym options: 0x614 - pdb path: .;C:\Program Files\Android\Android Studio\jbr\bin;C:\Windows\SYSTEM32;C:\Windows\WinSxS\amd64_microsoft.windows.common-controls_6595b64144ccf1df_6.0.22000.120_none_9d947278b86cc467;C:\Program Files\Android\Android Studio\jbr\bin\server;C:\Users\HP PROBOOK\.gradle\native\1def1411415f61bf3af743bc5b6707747c0891f09f0c88961ee8f79bc544acac\windows-amd64;C:\Users\HP PROBOOK\.gradle\native\0.2.7\x86_64-windows-gnu

VM Arguments:
jvm_args: --add-opens=java.base/java.lang=ALL-UNNAMED --add-opens=java.base/java.lang.invoke=ALL-UNNAMED --add-opens=java.base/java.util=ALL-UNNAMED --add-opens=java.prefs/java.util.prefs=ALL-UNNAMED --add-exports=jdk.compiler/com.sun.tools.javac.api=ALL-UNNAMED --add-exports=jdk.compiler/com.sun.tools.javac.util=ALL-UNNAMED --add-opens=java.base/java.util=ALL-UNNAMED --add-opens=java.prefs/java.util.prefs=ALL-UNNAMED --add-opens=java.base/java.nio.charset=ALL-UNNAMED --add-opens=java.base/java.net=ALL-UNNAMED --add-opens=java.base/java.util.concurrent.atomic=ALL-UNNAMED --add-opens=java.xml/javax.xml.namespace=ALL-UNNAMED -XX:MaxMetaspaceSize=4G -XX:ReservedCodeCacheSize=512m -XX:+HeapDumpOnOutOfMemoryError -Xmx8G -Dfile.encoding=windows-1256 -Duser.country=US -Duser.language=en -Duser.variant -javaagent:C:\Users\HP PROBOOK\.gradle\wrapper\dists\gradle-8.14-all\c2qonpi39x1mddn7hk5gh9iqj\gradle-8.14\lib\agents\gradle-instrumentation-agent-8.14.jar 
java_command: org.gradle.launcher.daemon.bootstrap.GradleDaemon 8.14
java_class_path (initial): C:\Users\HP PROBOOK\.gradle\wrapper\dists\gradle-8.14-all\c2qonpi39x1mddn7hk5gh9iqj\gradle-8.14\lib\gradle-daemon-main-8.14.jar
Launcher Type: SUN_STANDARD

[Global flags]
     intx CICompilerCount                          = 12                                        {product} {ergonomic}
     uint ConcGCThreads                            = 3                                         {product} {ergonomic}
     uint G1ConcRefinementThreads                  = 13                                        {product} {ergonomic}
   size_t G1HeapRegionSize                         = 4194304                                   {product} {ergonomic}
    uintx GCDrainStackTargetSize                   = 64                                        {product} {ergonomic}
     bool HeapDumpOnOutOfMemoryError               = true                                   {manageable} {command line}
   size_t InitialHeapSize                          = 125829120                                 {product} {ergonomic}
   size_t MarkStackSize                            = 4194304                                   {product} {ergonomic}
   size_t MaxHeapSize                              = 8589934592                                {product} {command line}
   size_t MaxMetaspaceSize                         = 4294967296                                {product} {command line}
   size_t MaxNewSize                               = 5150605312                                {product} {ergonomic}
   size_t MinHeapDeltaBytes                        = 4194304                                   {product} {ergonomic}
   size_t MinHeapSize                              = 8388608                                   {product} {ergonomic}
    uintx NonNMethodCodeHeapSize                   = 7602480                                {pd product} {ergonomic}
    uintx NonProfiledCodeHeapSize                  = 264634216                              {pd product} {ergonomic}
    uintx ProfiledCodeHeapSize                     = 264634216                              {pd product} {ergonomic}
    uintx ReservedCodeCacheSize                    = 536870912                              {pd product} {command line}
     bool SegmentedCodeCache                       = true                                      {product} {ergonomic}
   size_t SoftMaxHeapSize                          = 8589934592                             {manageable} {ergonomic}
   double SweeperThreshold                         = 0.234375                                  {product} {ergonomic}
     bool UseCompressedClassPointers               = true                           {product lp64_product} {ergonomic}
     bool UseCompressedOops                        = true                           {product lp64_product} {ergonomic}
     bool UseG1GC                                  = true                                      {product} {ergonomic}
     bool UseLargePagesIndividualAllocation        = false                                  {pd product} {ergonomic}

Logging:
Log output configuration:
 #0: stdout all=warning uptime,level,tags
 #1: stderr all=off uptime,level,tags

Environment Variables:
JAVA_HOME=C:\Program Files\Android\Android Studio\jbr
CLASSPATH=C:\Users\HP PROBOOK\Desktop\smartcalm\android\\gradle\wrapper\gradle-wrapper.jar
PATH=C:\Program Files\Android\Android Studio\jbr\bin;C:\Users\HP PROBOOK\AppData\Local\Programs\Microsoft VS Code;C:\OracelDB\bin;C:\Program Files\Java\jdk-21.0.10\bin;C:\Windows\system32;C:\Windows;C:\Windows\System32\Wbem;C:\Windows\System32\WindowsPowerShell\v1.0\;C:\Windows\System32\OpenSSH\;C:\Program Files\Git\cmd;C:\Program Files\Git\mingw64\bin;C:\Program Files\Git\usr\bin;C:\Program Files\dotnet\;C:\Program Files\MATLAB\R2024b\bin;c:\Users\HP PROBOOK\Desktop\cursor\resources\app\bin;C:\Users\HP PROBOOK\AppData\Local\Programs\Eclipse Adoptium\jdk-25.0.2.10-hotspot\bin;C:\Users\HP PROBOOK\AppData\Local\Microsoft\WindowsApps;C:\src\flutter\bin;C:\Program Files\Android\Android Studio\bin;C:\Users\HP PROBOOK\AppData\Local\Programs\Microsoft VS Code\bin;C:\Users\HP PROBOOK\AppData\Local\Muse Hub\lib;C:\Users\HP PROBOOK\AppData\Local\Packages\PythonSoftwareFoundation.Python.3.13_qbz5n2kfra8p0\LocalCache\local-packages\Python313\Scripts;C:\Users\HP PROBOOK\Downloads\Redis-x64-3.2.100;C:\Users\HP PROBOOK\Desktop\cursor\resources\app\bin;C:\Users\HP PROBOOK\AppData\Local\Programs\cursor\resources\app\bin;C:\Users\HP PROBOOK\AppData\Local\Programs\Eclipse Adoptium\jdk-25.0.2.10-hotspot\bin;C:\Users\HP PROBOOK\AppData\Local\Microsoft\WindowsApps;C:\src\flutter\bin;C:\Program Files\Android\Android Studio\bin;C:\Users\HP PROBOOK\AppData\Local\Programs\Microsoft VS Code\bin;C:\Users\HP PROBOOK\AppData\Local\Muse Hub\lib;C:\Users\HP PROBOOK\AppData\Local\Packages\PythonSoftwareFoundation.Python.3.13_qbz5n2kfra8p0\LocalCache\local-packages\Python313\Scripts;C:\Users\HP PROBOOK\Downloads\Redis-x64-3.2.100;C:\Users\HP PROBOOK\Desktop\cursor\resources\app\bin;C:\Users\HP PROBOOK\AppData\Local\Programs\cursor\resources\app\bin;C:\Program Files\Java\latest\jdk-21\bin;;C:\src\flutter\bin\mingit\cmd;C:\src\flutter\bin\mingit\cmd
USERNAME=HP PROBOOK
OS=Windows_NT
PROCESSOR_IDENTIFIER=AMD64 Family 25 Model 80 Stepping 0, AuthenticAMD
TMP=C:\Users\HPPROB~1\AppData\Local\Temp
TEMP=C:\Users\HPPROB~1\AppData\Local\Temp



Periodic native trim disabled

JNI global refs:
JNI global refs: 32, weak refs: 3

JNI global refs memory usage: 843, weak refs: 841

Process memory usage:
Resident Set Size: 212400K (2% of 7668804K total physical memory with 81656K free physical memory)

OOME stack traces (most recent first):
Classloader memory used:
Loader bootstrap                                                                       : 1929K
Loader org.gradle.internal.classloader.VisitableURLClassLoader                         : 1587K
Loader org.gradle.initialization.MixInLegacyTypesClassLoader                           : 225K
Loader jdk.internal.loader.ClassLoaders$AppClassLoader                                 : 29438B
Loader jdk.internal.loader.ClassLoaders$PlatformClassLoader                            : 14913B
Loader jdk.internal.reflect.DelegatingClassLoader                                      : 3742B

Classes loaded by more than one classloader:
Class org.gradle.internal.installation.GradleInstallation                             : loaded 2 times (x 73B)
Class org.gradle.internal.classpath.ClassPath                                         : loaded 2 times (x 68B)
Class org.gradle.api.internal.classpath.DefaultModuleRegistry                         : loaded 2 times (x 84B)
Class org.gradle.api.Action                                                           : loaded 2 times (x 68B)
Class org.gradle.api.internal.DefaultClassPathProvider                                : loaded 2 times (x 74B)
Class org.gradle.internal.installation.GradleInstallation$1                           : loaded 2 times (x 73B)
Class org.gradle.internal.classloader.FilteringClassLoader                            : loaded 2 times (x 103B)
Class org.gradle.internal.classpath.DefaultClassPath$ImmutableUniqueList$Builder      : loaded 2 times (x 73B)
Class org.gradle.internal.classloader.ClassLoaderVisitor                              : loaded 2 times (x 74B)
Class org.gradle.internal.service.DefaultServiceLocator                               : loaded 2 times (x 81B)
Class org.gradle.internal.service.UnknownServiceException                             : loaded 2 times (x 81B)
Class org.gradle.internal.classloader.DefaultClassLoaderFactory                       : loaded 2 times (x 80B)
Class org.gradle.internal.classloader.VisitableURLClassLoader$Spec                    : loaded 2 times (x 72B)
Class org.gradle.api.GradleException                                                  : loaded 2 times (x 80B)
Class org.gradle.api.internal.classpath.ModuleRegistry                                : loaded 2 times (x 68B)
Class org.gradle.api.internal.ClassPathProvider                                       : loaded 2 times (x 68B)
Class org.gradle.internal.classloader.ClasspathUtil$1                                 : loaded 2 times (x 74B)
Class org.gradle.internal.classloader.ClassLoaderFactory                              : loaded 2 times (x 68B)
Class org.gradle.api.internal.classpath.ManifestUtil                                  : loaded 2 times (x 69B)
Class org.gradle.api.specs.Spec                                                       : loaded 2 times (x 68B)
Class org.gradle.internal.IoActions                                                   : loaded 2 times (x 69B)
Class org.gradle.api.internal.classpath.EffectiveClassPath                            : loaded 2 times (x 88B)
Class org.gradle.internal.installation.CurrentGradleInstallation                      : loaded 2 times (x 71B)
Class org.gradle.internal.installation.CurrentGradleInstallationLocator               : loaded 2 times (x 69B)
Class org.gradle.api.internal.classpath.Module                                        : loaded 2 times (x 68B)
Class org.gradle.internal.service.CachingServiceLocator                               : loaded 2 times (x 80B)
Class org.gradle.internal.classpath.DefaultClassPath                                  : loaded 2 times (x 88B)
Class org.gradle.internal.classloader.SystemClassLoaderSpec                           : loaded 2 times (x 69B)
Class org.gradle.api.UncheckedIOException                                             : loaded 2 times (x 80B)
Class org.gradle.api.internal.classpath.GlobalCacheRootsProvider                      : loaded 2 times (x 68B)
Class org.gradle.internal.classloader.ClasspathUtil                                   : loaded 2 times (x 69B)
Class org.gradle.api.internal.DefaultClassPathRegistry                                : loaded 2 times (x 74B)
Class org.gradle.api.internal.classpath.DefaultModuleRegistry$DefaultModule           : loaded 2 times (x 84B)
Class org.gradle.api.internal.classpath.UnknownModuleException                        : loaded 2 times (x 80B)
Class org.gradle.internal.service.ServiceLookupException                              : loaded 2 times (x 80B)
Class [Lorg.gradle.api.internal.ClassPathProvider;                                    : loaded 2 times (x 67B)
Class org.gradle.util.internal.GUtil                                                  : loaded 2 times (x 69B)
Class org.gradle.internal.classloader.ClassLoaderSpec                                 : loaded 2 times (x 69B)
Class org.gradle.internal.classloader.InstrumentingClassLoader                        : loaded 2 times (x 68B)
Class org.gradle.internal.classloader.VisitableURLClassLoader                         : loaded 2 times (x 115B)
Class org.gradle.internal.Cast                                                        : loaded 2 times (x 69B)
Class org.gradle.api.internal.ClassPathRegistry                                       : loaded 2 times (x 68B)
Class org.gradle.internal.classloader.VisitableURLClassLoader$InstrumentingVisitableURLClassLoader: loaded 2 times (x 121B)
Class org.gradle.internal.classloader.ClassLoaderHierarchy                            : loaded 2 times (x 68B)
Class org.gradle.internal.InternalTransformer                                         : loaded 2 times (x 68B)
Class org.gradle.internal.service.ServiceLocator                                      : loaded 2 times (x 68B)
Class org.gradle.internal.classpath.DefaultClassPath$ImmutableUniqueList              : loaded 2 times (x 159B)
Class org.gradle.internal.classpath.TransformedClassPath                              : loaded 2 times (x 94B)


---------------  S Y S T E M  ---------------

OS:
 Windows 11 , 64 bit Build 22000 (10.0.22000.2538)
OS uptime: 15 days 19:33 hours
Hyper-V role detected

CPU: total 16 (initial active 16) (16 cores per cpu, 2 threads per core) family 25 model 80 stepping 0 microcode 0x0, cx8, cmov, fxsr, ht, mmx, 3dnowpref, sse, sse2, sse3, ssse3, sse4a, sse4.1, sse4.2, popcnt, lzcnt, tsc, tscinvbit, avx, avx2, aes, erms, clmul, bmi1, bmi2, adx, sha, fma, vzeroupper, clflush, clflushopt, hv
Processor Information for all 16 processors :
  Max Mhz: 2000, Current Mhz: 2000, Mhz Limit: 2000

Memory: 4k page, system-wide physical 7489M (78M free)
TotalPageFile size 30017M (AvailPageFile size 4M)
current process WorkingSet (physical memory assigned to process): 207M, peak: 208M
current process commit charge ("private bytes"): 268M, peak: 269M

vm_info: OpenJDK 64-Bit Server VM (17.0.11+0--11852314) for windows-amd64 JRE (17.0.11+0--11852314), built on May 16 2024 21:29:20 by "androidbuild" with MS VC++ 16.10 / 16.11 (VS2019)

END.
