#
# There is insufficient memory for the Java Runtime Environment to continue.
# Native memory allocation (mmap) failed to map 104857600 bytes. Error detail: G1 virtual space
# Possible reasons:
#   The system is out of physical RAM or swap space
#   This process is running with CompressedOops enabled, and the Java Heap may be blocking the growth of the native heap
# Possible solutions:
#   Reduce memory load on the system
#   Increase physical memory or swap space
#   Check if swap backing store is full
#   Decrease Java heap size (-Xmx/-Xms)
#   Decrease number of Java threads
#   Decrease Java thread stack sizes (-Xss)
#   Set larger code cache with -XX:ReservedCodeCacheSize=
#   JVM is running with Zero Based Compressed Oops mode in which the Java heap is
#     placed in the first 32GB address space. The Java Heap base address is the
#     maximum limit for the native heap growth. Please use -XX:HeapBaseMinAddress
#     to set the Java Heap base and to place the Java Heap above 32GB virtual address.
# This output file may be truncated or incomplete.
#
#  Out of Memory Error (os_windows.cpp:3825), pid=25688, tid=8672
#
# JRE version: OpenJDK Runtime Environment (17.0.11) (build 17.0.11+0--11852314)
# Java VM: OpenJDK 64-Bit Server VM (17.0.11+0--11852314, mixed mode, tiered, compressed oops, compressed class ptrs, g1 gc, windows-amd64)
# No core dump will be written. Minidumps are not enabled by default on client versions of Windows
#

---------------  S U M M A R Y ------------

Command Line: --add-opens=java.base/java.lang=ALL-UNNAMED --add-opens=java.base/java.lang.invoke=ALL-UNNAMED --add-opens=java.base/java.util=ALL-UNNAMED --add-opens=java.prefs/java.util.prefs=ALL-UNNAMED --add-exports=jdk.compiler/com.sun.tools.javac.api=ALL-UNNAMED --add-exports=jdk.compiler/com.sun.tools.javac.util=ALL-UNNAMED --add-opens=java.base/java.util=ALL-UNNAMED --add-opens=java.prefs/java.util.prefs=ALL-UNNAMED --add-opens=java.base/java.nio.charset=ALL-UNNAMED --add-opens=java.base/java.net=ALL-UNNAMED --add-opens=java.base/java.util.concurrent.atomic=ALL-UNNAMED --add-opens=java.xml/javax.xml.namespace=ALL-UNNAMED -XX:MaxMetaspaceSize=4G -XX:ReservedCodeCacheSize=512m -XX:+HeapDumpOnOutOfMemoryError -Xmx8G -Dfile.encoding=windows-1256 -Duser.country=US -Duser.language=en -Duser.variant -javaagent:C:\Users\HP PROBOOK\.gradle\wrapper\dists\gradle-8.14-all\c2qonpi39x1mddn7hk5gh9iqj\gradle-8.14\lib\agents\gradle-instrumentation-agent-8.14.jar org.gradle.launcher.daemon.bootstrap.GradleDaemon 8.14

Host: AMD Ryzen 7 5825U with Radeon Graphics         , 16 cores, 7G,  Windows 11 , 64 bit Build 22000 (10.0.22000.2538)
Time: Fri May 15 19:18:56 2026 Jordan Standard Time elapsed time: 9.258645 seconds (0d 0h 0m 9s)

---------------  T H R E A D  ---------------

Current thread (0x0000023f5c24e3a0):  VMThread "VM Thread" [stack: 0x0000004edc900000,0x0000004edca00000] [id=8672]

Stack: [0x0000004edc900000,0x0000004edca00000]
Native frames: (J=compiled Java code, j=interpreted, Vv=VM code, C=native code)
V  [jvm.dll+0x687bb9]
V  [jvm.dll+0x84142a]
V  [jvm.dll+0x8430ae]
V  [jvm.dll+0x843713]
V  [jvm.dll+0x24a35f]
V  [jvm.dll+0x684989]
V  [jvm.dll+0x67923a]
V  [jvm.dll+0x30af0b]
V  [jvm.dll+0x3123b6]
V  [jvm.dll+0x361dfe]
V  [jvm.dll+0x36202f]
V  [jvm.dll+0x2e0d38]
V  [jvm.dll+0x2df144]
V  [jvm.dll+0x2de74c]
V  [jvm.dll+0x32305b]
V  [jvm.dll+0x847e0b]
V  [jvm.dll+0x848b42]
V  [jvm.dll+0x84905d]
V  [jvm.dll+0x849434]
V  [jvm.dll+0x849500]
V  [jvm.dll+0x7efa4a]
V  [jvm.dll+0x686a35]
C  [ucrtbase.dll+0x26c0c]
C  [KERNEL32.DLL+0x153e0]
C  [ntdll.dll+0x485b]

VM_Operation (0x0000004ede5f14e0): G1CollectForAllocation, mode: safepoint, requested by thread 0x0000023f652db880


---------------  P R O C E S S  ---------------

Threads class SMR info:
_java_thread_list=0x0000023f67de5b20, length=83, elements={
0x0000023f250cf440, 0x0000023f5f1b0020, 0x0000023f5f1b2a00, 0x0000023f5f1c2750,
0x0000023f5f1c3020, 0x0000023f5f1c38f0, 0x0000023f5f1c65e0, 0x0000023f5f1c71e0,
0x0000023f5f1c7ba0, 0x0000023f5f1e7890, 0x0000023f5f32f160, 0x0000023f5f3aacb0,
0x0000023f5f3ab280, 0x0000023f5f4d9f40, 0x0000023f6494f7e0, 0x0000023f64c46510,
0x0000023f64441540, 0x0000023f642a7040, 0x0000023f65289020, 0x0000023f652d9510,
0x0000023f652db880, 0x0000023f652dc7b0, 0x0000023f652dbd90, 0x0000023f652d9a20,
0x0000023f652d9000, 0x0000023f652d9f30, 0x0000023f652da440, 0x0000023f652dc2a0,
0x0000023f652dae60, 0x0000023f652db370, 0x0000023f66d1b220, 0x0000023f66d189a0,
0x0000023f66d193c0, 0x0000023f66d19de0, 0x0000023f66d198d0, 0x0000023f66d1c150,
0x0000023f66d1d590, 0x0000023f66d1daa0, 0x0000023f66d1dfb0, 0x0000023f66d1e4c0,
0x0000023f66d17a70, 0x0000023f66d17f80, 0x0000023f66d18eb0, 0x0000023f66d1e9d0,
0x0000023f66d1c660, 0x0000023f66d1a2f0, 0x0000023f66d18490, 0x0000023f66d1bc40,
0x0000023f66d17560, 0x0000023f66d1a800, 0x0000023f66d1eee0, 0x0000023f66e00910,
0x0000023f66e00e20, 0x0000023f66e02c80, 0x0000023f66e01840, 0x0000023f66e03190,
0x0000023f66e036a0, 0x0000023f66e02260, 0x0000023f66e03bb0, 0x0000023f66e00400,
0x0000023f66e02770, 0x0000023f66e01330, 0x0000023f66e01d50, 0x0000023f64580f30,
0x0000023f64581440, 0x0000023f645841d0, 0x0000023f645846e0, 0x0000023f6457e6b0,
0x0000023f64580510, 0x0000023f64582880, 0x0000023f645832a0, 0x0000023f64581950,
0x0000023f64582370, 0x0000023f6457faf0, 0x0000023f6457d270, 0x0000023f6457f5e0,
0x0000023f64580a20, 0x0000023f64582d90, 0x0000023f64584bf0, 0x0000023f645837b0,
0x0000023f6457d780, 0x0000023f64581e60, 0x0000023f64583cc0
}

Java Threads: ( => current thread )
  0x0000023f250cf440 JavaThread "main" [_thread_blocked, id=11140, stack(0x0000004edc300000,0x0000004edc400000)]
  0x0000023f5f1b0020 JavaThread "Reference Handler" daemon [_thread_blocked, id=25412, stack(0x0000004edca00000,0x0000004edcb00000)]
  0x0000023f5f1b2a00 JavaThread "Finalizer" daemon [_thread_blocked, id=10592, stack(0x0000004edcb00000,0x0000004edcc00000)]
  0x0000023f5f1c2750 JavaThread "Signal Dispatcher" daemon [_thread_blocked, id=6172, stack(0x0000004edcc00000,0x0000004edcd00000)]
  0x0000023f5f1c3020 JavaThread "Attach Listener" daemon [_thread_blocked, id=1800, stack(0x0000004edcd00000,0x0000004edce00000)]
  0x0000023f5f1c38f0 JavaThread "Service Thread" daemon [_thread_blocked, id=5112, stack(0x0000004edce00000,0x0000004edcf00000)]
  0x0000023f5f1c65e0 JavaThread "Monitor Deflation Thread" daemon [_thread_blocked, id=5640, stack(0x0000004edcf00000,0x0000004edd000000)]
  0x0000023f5f1c71e0 JavaThread "C2 CompilerThread0" daemon [_thread_blocked, id=2340, stack(0x0000004edd000000,0x0000004edd100000)]
  0x0000023f5f1c7ba0 JavaThread "C1 CompilerThread0" daemon [_thread_blocked, id=15516, stack(0x0000004edd100000,0x0000004edd200000)]
  0x0000023f5f1e7890 JavaThread "Sweeper thread" daemon [_thread_blocked, id=22644, stack(0x0000004edd200000,0x0000004edd300000)]
  0x0000023f5f32f160 JavaThread "Common-Cleaner" daemon [_thread_blocked, id=22792, stack(0x0000004edd300000,0x0000004edd400000)]
  0x0000023f5f3aacb0 JavaThread "C1 CompilerThread1" daemon [_thread_blocked, id=4324, stack(0x0000004edd400000,0x0000004edd500000)]
  0x0000023f5f3ab280 JavaThread "C1 CompilerThread2" daemon [_thread_blocked, id=15508, stack(0x0000004edd500000,0x0000004edd600000)]
  0x0000023f5f4d9f40 JavaThread "Notification Thread" daemon [_thread_blocked, id=13744, stack(0x0000004edd600000,0x0000004edd700000)]
  0x0000023f6494f7e0 JavaThread "Daemon health stats" [_thread_blocked, id=5240, stack(0x0000004eddc00000,0x0000004eddd00000)]
  0x0000023f64c46510 JavaThread "Incoming local TCP Connector on port 58392" [_thread_in_native, id=27892, stack(0x0000004ede000000,0x0000004ede100000)]
  0x0000023f64441540 JavaThread "Daemon periodic checks" [_thread_blocked, id=25544, stack(0x0000004ede100000,0x0000004ede200000)]
  0x0000023f642a7040 JavaThread "Daemon" [_thread_blocked, id=17524, stack(0x0000004ede200000,0x0000004ede300000)]
  0x0000023f65289020 JavaThread "Handler for socket connection from /127.0.0.1:58392 to /127.0.0.1:58393" [_thread_in_native, id=21476, stack(0x0000004ede300000,0x0000004ede400000)]
  0x0000023f652d9510 JavaThread "Cancel handler" [_thread_blocked, id=23000, stack(0x0000004ede400000,0x0000004ede500000)]
  0x0000023f652db880 JavaThread "Daemon worker" [_thread_blocked, id=24784, stack(0x0000004ede500000,0x0000004ede600000)]
  0x0000023f652dc7b0 JavaThread "Asynchronous log dispatcher for DefaultDaemonConnection: socket connection from /127.0.0.1:58392 to /127.0.0.1:58393" [_thread_blocked, id=25260, stack(0x0000004ede600000,0x0000004ede700000)]
  0x0000023f652dbd90 JavaThread "Stdin handler" [_thread_blocked, id=7036, stack(0x0000004ede700000,0x0000004ede800000)]
  0x0000023f652d9a20 JavaThread "Daemon client event forwarder" [_thread_blocked, id=4840, stack(0x0000004ede800000,0x0000004ede900000)]
  0x0000023f652d9000 JavaThread "Cache worker for journal cache (C:\Users\HP PROBOOK\.gradle\caches\journal-1)" [_thread_blocked, id=14228, stack(0x0000004edf000000,0x0000004edf100000)]
  0x0000023f652d9f30 JavaThread "File lock request listener" [_thread_in_native, id=14492, stack(0x0000004edf100000,0x0000004edf200000)]
  0x0000023f652da440 JavaThread "Cache worker for file hash cache (C:\Users\HP PROBOOK\.gradle\caches\8.14\fileHashes)" [_thread_blocked, id=23620, stack(0x0000004edf200000,0x0000004edf300000)]
  0x0000023f652dc2a0 JavaThread "Cache worker for file hash cache (C:\Users\HP PROBOOK\Desktop\smartcalm\android\.gradle\8.14\fileHashes)" [_thread_blocked, id=22004, stack(0x0000004edf300000,0x0000004edf400000)]
  0x0000023f652dae60 JavaThread "Cache worker for Build Output Cleanup Cache (C:\Users\HP PROBOOK\Desktop\smartcalm\android\.gradle\buildOutputCleanup)" [_thread_blocked, id=4692, stack(0x0000004edf400000,0x0000004edf500000)]
  0x0000023f652db370 JavaThread "File watcher server" daemon [_thread_in_native, id=7560, stack(0x0000004edf500000,0x0000004edf600000)]
  0x0000023f66d1b220 JavaThread "File watcher consumer" daemon [_thread_blocked, id=19332, stack(0x0000004edf600000,0x0000004edf700000)]
  0x0000023f66d189a0 JavaThread "Cache worker for checksums cache (C:\Users\HP PROBOOK\Desktop\smartcalm\android\.gradle\8.14\checksums)" [_thread_blocked, id=1100, stack(0x0000004edf700000,0x0000004edf800000)]
  0x0000023f66d193c0 JavaThread "Cache worker for file content cache (C:\Users\HP PROBOOK\.gradle\caches\8.14\fileContent)" [_thread_blocked, id=11376, stack(0x0000004edf800000,0x0000004edf900000)]
  0x0000023f66d19de0 JavaThread "Cache worker for cache directory md-supplier (C:\Users\HP PROBOOK\.gradle\caches\8.14\md-supplier)" [_thread_blocked, id=19244, stack(0x0000004edf900000,0x0000004edfa00000)]
  0x0000023f66d198d0 JavaThread "Cache worker for cache directory md-rule (C:\Users\HP PROBOOK\.gradle\caches\8.14\md-rule)" [_thread_blocked, id=12568, stack(0x0000004edfa00000,0x0000004edfb00000)]
  0x0000023f66d1c150 JavaThread "Cache worker for Build Output Cleanup Cache (C:\src\flutter\packages\flutter_tools\gradle\.gradle\buildOutputCleanup)" [_thread_blocked, id=25740, stack(0x0000004edfb00000,0x0000004edfc00000)]
  0x0000023f66d1d590 JavaThread "Unconstrained build operations" [_thread_blocked, id=23616, stack(0x0000004edfc00000,0x0000004edfd00000)]
  0x0000023f66d1daa0 JavaThread "Unconstrained build operations Thread 2" [_thread_blocked, id=14636, stack(0x0000004edfd00000,0x0000004edfe00000)]
  0x0000023f66d1dfb0 JavaThread "Unconstrained build operations Thread 3" [_thread_blocked, id=16728, stack(0x0000004edfe00000,0x0000004edff00000)]
  0x0000023f66d1e4c0 JavaThread "Unconstrained build operations Thread 4" [_thread_blocked, id=26452, stack(0x0000004edff00000,0x0000004ee0000000)]
  0x0000023f66d17a70 JavaThread "Unconstrained build operations Thread 5" [_thread_blocked, id=17292, stack(0x0000004ee0000000,0x0000004ee0100000)]
  0x0000023f66d17f80 JavaThread "Unconstrained build operations Thread 6" [_thread_blocked, id=12240, stack(0x0000004ee0100000,0x0000004ee0200000)]
  0x0000023f66d18eb0 JavaThread "Unconstrained build operations Thread 7" [_thread_blocked, id=10216, stack(0x0000004ee0200000,0x0000004ee0300000)]
  0x0000023f66d1e9d0 JavaThread "Unconstrained build operations Thread 8" [_thread_blocked, id=12912, stack(0x0000004ee0300000,0x0000004ee0400000)]
  0x0000023f66d1c660 JavaThread "Unconstrained build operations Thread 9" [_thread_blocked, id=22732, stack(0x0000004ee0400000,0x0000004ee0500000)]
  0x0000023f66d1a2f0 JavaThread "Unconstrained build operations Thread 10" [_thread_blocked, id=10140, stack(0x0000004ee0500000,0x0000004ee0600000)]
  0x0000023f66d18490 JavaThread "Unconstrained build operations Thread 11" [_thread_blocked, id=23604, stack(0x0000004ee0600000,0x0000004ee0700000)]
  0x0000023f66d1bc40 JavaThread "Unconstrained build operations Thread 12" [_thread_blocked, id=7432, stack(0x0000004ee0700000,0x0000004ee0800000)]
  0x0000023f66d17560 JavaThread "Unconstrained build operations Thread 13" [_thread_blocked, id=13584, stack(0x0000004ee0800000,0x0000004ee0900000)]
  0x0000023f66d1a800 JavaThread "Unconstrained build operations Thread 14" [_thread_blocked, id=20372, stack(0x0000004ee0900000,0x0000004ee0a00000)]
  0x0000023f66d1eee0 JavaThread "Unconstrained build operations Thread 15" [_thread_blocked, id=21468, stack(0x0000004ee0a00000,0x0000004ee0b00000)]
  0x0000023f66e00910 JavaThread "Unconstrained build operations Thread 16" [_thread_blocked, id=19632, stack(0x0000004ee0b00000,0x0000004ee0c00000)]
  0x0000023f66e00e20 JavaThread "Unconstrained build operations Thread 17" [_thread_blocked, id=15152, stack(0x0000004ee0c00000,0x0000004ee0d00000)]
  0x0000023f66e02c80 JavaThread "Unconstrained build operations Thread 18" [_thread_blocked, id=14824, stack(0x0000004ee0d00000,0x0000004ee0e00000)]
  0x0000023f66e01840 JavaThread "Unconstrained build operations Thread 19" [_thread_blocked, id=12608, stack(0x0000004ee0e00000,0x0000004ee0f00000)]
  0x0000023f66e03190 JavaThread "Unconstrained build operations Thread 20" [_thread_blocked, id=24656, stack(0x0000004ee0f00000,0x0000004ee1000000)]
  0x0000023f66e036a0 JavaThread "Unconstrained build operations Thread 21" [_thread_blocked, id=9180, stack(0x0000004ee1000000,0x0000004ee1100000)]
  0x0000023f66e02260 JavaThread "Unconstrained build operations Thread 22" [_thread_blocked, id=1660, stack(0x0000004ee1100000,0x0000004ee1200000)]
  0x0000023f66e03bb0 JavaThread "Unconstrained build operations Thread 23" [_thread_blocked, id=9312, stack(0x0000004ee1200000,0x0000004ee1300000)]
  0x0000023f66e00400 JavaThread "Unconstrained build operations Thread 24" [_thread_blocked, id=21248, stack(0x0000004ee1300000,0x0000004ee1400000)]
  0x0000023f66e02770 JavaThread "Unconstrained build operations Thread 25" [_thread_blocked, id=16824, stack(0x0000004ee1400000,0x0000004ee1500000)]
  0x0000023f66e01330 JavaThread "Unconstrained build operations Thread 26" [_thread_blocked, id=13712, stack(0x0000004ee1500000,0x0000004ee1600000)]
  0x0000023f66e01d50 JavaThread "Unconstrained build operations Thread 27" [_thread_blocked, id=21276, stack(0x0000004ee1600000,0x0000004ee1700000)]
  0x0000023f64580f30 JavaThread "Unconstrained build operations Thread 28" [_thread_blocked, id=8, stack(0x0000004ee1700000,0x0000004ee1800000)]
  0x0000023f64581440 JavaThread "Unconstrained build operations Thread 29" [_thread_blocked, id=11936, stack(0x0000004ee1800000,0x0000004ee1900000)]
  0x0000023f645841d0 JavaThread "Unconstrained build operations Thread 30" [_thread_blocked, id=7836, stack(0x0000004ee1900000,0x0000004ee1a00000)]
  0x0000023f645846e0 JavaThread "Unconstrained build operations Thread 31" [_thread_blocked, id=7888, stack(0x0000004ee1a00000,0x0000004ee1b00000)]
  0x0000023f6457e6b0 JavaThread "Unconstrained build operations Thread 32" [_thread_blocked, id=9940, stack(0x0000004ee1b00000,0x0000004ee1c00000)]
  0x0000023f64580510 JavaThread "Unconstrained build operations Thread 33" [_thread_blocked, id=13972, stack(0x0000004ee1c00000,0x0000004ee1d00000)]
  0x0000023f64582880 JavaThread "Unconstrained build operations Thread 34" [_thread_blocked, id=21656, stack(0x0000004ee1d00000,0x0000004ee1e00000)]
  0x0000023f645832a0 JavaThread "Unconstrained build operations Thread 35" [_thread_blocked, id=6948, stack(0x0000004ee1e00000,0x0000004ee1f00000)]
  0x0000023f64581950 JavaThread "Unconstrained build operations Thread 36" [_thread_blocked, id=21308, stack(0x0000004ee1f00000,0x0000004ee2000000)]
  0x0000023f64582370 JavaThread "Unconstrained build operations Thread 37" [_thread_blocked, id=9248, stack(0x0000004ee2000000,0x0000004ee2100000)]
  0x0000023f6457faf0 JavaThread "Unconstrained build operations Thread 38" [_thread_blocked, id=23844, stack(0x0000004ee2100000,0x0000004ee2200000)]
  0x0000023f6457d270 JavaThread "Unconstrained build operations Thread 39" [_thread_blocked, id=28296, stack(0x0000004ee2200000,0x0000004ee2300000)]
  0x0000023f6457f5e0 JavaThread "Unconstrained build operations Thread 40" [_thread_blocked, id=26408, stack(0x0000004ee2300000,0x0000004ee2400000)]
  0x0000023f64580a20 JavaThread "Unconstrained build operations Thread 41" [_thread_blocked, id=10920, stack(0x0000004ee2400000,0x0000004ee2500000)]
  0x0000023f64582d90 JavaThread "Unconstrained build operations Thread 42" [_thread_blocked, id=20144, stack(0x0000004ee2500000,0x0000004ee2600000)]
  0x0000023f64584bf0 JavaThread "Unconstrained build operations Thread 43" [_thread_blocked, id=13120, stack(0x0000004ee2600000,0x0000004ee2700000)]
  0x0000023f645837b0 JavaThread "Unconstrained build operations Thread 44" [_thread_blocked, id=10452, stack(0x0000004ee2700000,0x0000004ee2800000)]
  0x0000023f6457d780 JavaThread "Unconstrained build operations Thread 45" [_thread_blocked, id=12688, stack(0x0000004ee2800000,0x0000004ee2900000)]
  0x0000023f64581e60 JavaThread "Memory manager" [_thread_blocked, id=15700, stack(0x0000004ee2900000,0x0000004ee2a00000)]
  0x0000023f64583cc0 JavaThread "build event listener" [_thread_blocked, id=17744, stack(0x0000004ee2a00000,0x0000004ee2b00000)]

Other Threads:
=>0x0000023f5c24e3a0 VMThread "VM Thread" [stack: 0x0000004edc900000,0x0000004edca00000] [id=8672]
  0x0000023f5f4e42e0 WatcherThread [stack: 0x0000004edd700000,0x0000004edd800000] [id=5788]
  0x0000023f251801f0 GCTaskThread "GC Thread#0" [stack: 0x0000004edc400000,0x0000004edc500000] [id=10476]
  0x0000023f5f939590 GCTaskThread "GC Thread#1" [stack: 0x0000004edd800000,0x0000004edd900000] [id=9388]
  0x0000023f5f8be960 GCTaskThread "GC Thread#2" [stack: 0x0000004edd900000,0x0000004edda00000] [id=19732]
  0x0000023f5fa1f940 GCTaskThread "GC Thread#3" [stack: 0x0000004edda00000,0x0000004eddb00000] [id=24188]
  0x0000023f5fa1fc00 GCTaskThread "GC Thread#4" [stack: 0x0000004eddb00000,0x0000004eddc00000] [id=12120]
  0x0000023f644202b0 GCTaskThread "GC Thread#5" [stack: 0x0000004eddd00000,0x0000004edde00000] [id=22012]
  0x0000023f64451390 GCTaskThread "GC Thread#6" [stack: 0x0000004edde00000,0x0000004eddf00000] [id=12988]
  0x0000023f64451650 GCTaskThread "GC Thread#7" [stack: 0x0000004eddf00000,0x0000004ede000000] [id=2320]
  0x0000023f64fc9490 GCTaskThread "GC Thread#8" [stack: 0x0000004ede900000,0x0000004edea00000] [id=15952]
  0x0000023f652a0c00 GCTaskThread "GC Thread#9" [stack: 0x0000004edea00000,0x0000004edeb00000] [id=25428]
  0x0000023f6441a080 GCTaskThread "GC Thread#10" [stack: 0x0000004edeb00000,0x0000004edec00000] [id=3580]
  0x0000023f6442b630 GCTaskThread "GC Thread#11" [stack: 0x0000004edec00000,0x0000004eded00000] [id=23936]
  0x0000023f65110850 GCTaskThread "GC Thread#12" [stack: 0x0000004eded00000,0x0000004edee00000] [id=26424]
  0x0000023f2518def0 ConcurrentGCThread "G1 Main Marker" [stack: 0x0000004edc500000,0x0000004edc600000] [id=22268]
  0x0000023f2518e6c0 ConcurrentGCThread "G1 Conc#0" [stack: 0x0000004edc600000,0x0000004edc700000] [id=1624]
  0x0000023f64fcd1a0 ConcurrentGCThread "G1 Conc#1" [stack: 0x0000004edee00000,0x0000004edef00000] [id=4288]
  0x0000023f65482420 ConcurrentGCThread "G1 Conc#2" [stack: 0x0000004edef00000,0x0000004edf000000] [id=4252]
  0x0000023f5c0d5710 ConcurrentGCThread "G1 Refine#0" [stack: 0x0000004edc700000,0x0000004edc800000] [id=25284]
  0x0000023f5c0d5df0 ConcurrentGCThread "G1 Service" [stack: 0x0000004edc800000,0x0000004edc900000] [id=19504]

Threads with active compile tasks:
C2 CompilerThread0     9303 6977       4       org.gradle.internal.reflect.MethodSet::add (50 bytes)

VM state: at safepoint (normal execution)

VM Mutex/Monitor currently owned by a thread:  ([mutex/lock_event])
[0x0000023f250caa30] Threads_lock - owner thread: 0x0000023f5c24e3a0
[0x0000023f250c9950] Heap_lock - owner thread: 0x0000023f652db880

Heap address: 0x0000000600000000, size: 8192 MB, Compressed Oops mode: Zero based, Oop shift amount: 3

CDS archive(s) not mapped
Compressed class space mapped at: 0x0000000800000000-0x0000000840000000, reserved size: 1073741824
Narrow klass base: 0x0000000800000000, Narrow klass shift: 0, Narrow klass range: 0x40000000

GC Precious Log:
 CPUs: 16 total, 16 available
 Memory: 7489M
 Large Page Support: Disabled
 NUMA Support: Disabled
 Compressed Oops: Enabled (Zero based)
 Heap Region Size: 4M
 Heap Min Capacity: 8M
 Heap Initial Capacity: 120M
 Heap Max Capacity: 8G
 Pre-touch: Disabled
 Parallel Workers: 13
 Concurrent Workers: 3
 Concurrent Refinement Workers: 13
 Periodic GC: Disabled

Heap:
 garbage-first heap   total 135168K, used 50371K [0x0000000600000000, 0x0000000800000000)
  region size 4096K, 1 young (4096K), 1 survivors (4096K)
 Metaspace       used 67323K, committed 67904K, reserved 1114112K
  class space    used 9340K, committed 9600K, reserved 1048576K

Heap Regions: E=young(eden), S=young(survivor), O=old, HS=humongous(starts), HC=humongous(continues), CS=collection set, F=free, OA=open archive, CA=closed archive, TAMS=top-at-mark-start (previous, next)
|   0|0x0000000600000000, 0x0000000600400000, 0x0000000600400000|100%|HS|  |TAMS 0x0000000600400000, 0x0000000600000000| Complete 
|   1|0x0000000600400000, 0x0000000600800000, 0x0000000600800000|100%| O|  |TAMS 0x0000000600800000, 0x0000000600400000| Untracked 
|   2|0x0000000600800000, 0x0000000600c00000, 0x0000000600c00000|100%| O|  |TAMS 0x0000000600c00000, 0x0000000600800000| Untracked 
|   3|0x0000000600c00000, 0x0000000601000000, 0x0000000601000000|100%| O|  |TAMS 0x0000000601000000, 0x0000000600c00000| Untracked 
|   4|0x0000000601000000, 0x0000000601400000, 0x0000000601400000|100%| O|  |TAMS 0x0000000601400000, 0x0000000601000000| Untracked 
|   5|0x0000000601400000, 0x0000000601800000, 0x0000000601800000|100%| O|  |TAMS 0x0000000601800000, 0x0000000601400000| Untracked 
|   6|0x0000000601800000, 0x0000000601c00000, 0x0000000601c00000|100%| O|  |TAMS 0x0000000601800000, 0x0000000601800000| Untracked 
|   7|0x0000000601c00000, 0x0000000602000000, 0x0000000602000000|100%| O|  |TAMS 0x0000000602000000, 0x0000000601c00000| Untracked 
|   8|0x0000000602000000, 0x0000000602400000, 0x0000000602400000|100%| O|  |TAMS 0x00000006022e9400, 0x0000000602000000| Untracked 
|   9|0x0000000602400000, 0x0000000602800000, 0x0000000602800000|100%|HS|  |TAMS 0x0000000602400000, 0x0000000602400000| Complete 
|  10|0x0000000602800000, 0x0000000602c00000, 0x0000000602c00000|100%| O|  |TAMS 0x0000000602800000, 0x0000000602800000| Untracked 
|  11|0x0000000602c00000, 0x0000000602fe3200, 0x0000000603000000| 97%| O|  |TAMS 0x0000000602c00000, 0x0000000602c00000| Untracked 
|  12|0x0000000603000000, 0x0000000603000000, 0x0000000603400000|  0%| F|  |TAMS 0x0000000603000000, 0x0000000603000000| Untracked 
|  13|0x0000000603400000, 0x0000000603400000, 0x0000000603800000|  0%| F|  |TAMS 0x0000000603400000, 0x0000000603400000| Untracked 
|  14|0x0000000603800000, 0x0000000603800000, 0x0000000603c00000|  0%| F|  |TAMS 0x0000000603800000, 0x0000000603800000| Untracked 
|  15|0x0000000603c00000, 0x0000000603c00000, 0x0000000604000000|  0%| F|  |TAMS 0x0000000603c00000, 0x0000000603c00000| Untracked 
|  16|0x0000000604000000, 0x0000000604000000, 0x0000000604400000|  0%| F|  |TAMS 0x0000000604000000, 0x0000000604000000| Untracked 
|  17|0x0000000604400000, 0x0000000604400000, 0x0000000604800000|  0%| F|  |TAMS 0x0000000604400000, 0x0000000604400000| Untracked 
|  18|0x0000000604800000, 0x000000060494da58, 0x0000000604c00000| 32%| S|CS|TAMS 0x0000000604800000, 0x0000000604800000| Complete 
|  19|0x0000000604c00000, 0x0000000604c00000, 0x0000000605000000|  0%| F|  |TAMS 0x0000000604c00000, 0x0000000604c00000| Untracked 
|  20|0x0000000605000000, 0x0000000605000000, 0x0000000605400000|  0%| F|  |TAMS 0x0000000605000000, 0x0000000605000000| Untracked 
|  21|0x0000000605400000, 0x0000000605400000, 0x0000000605800000|  0%| F|  |TAMS 0x0000000605400000, 0x0000000605400000| Untracked 
|  22|0x0000000605800000, 0x0000000605800000, 0x0000000605c00000|  0%| F|  |TAMS 0x0000000605800000, 0x0000000605800000| Untracked 
|  23|0x0000000605c00000, 0x0000000605c00000, 0x0000000606000000|  0%| F|  |TAMS 0x0000000605c00000, 0x0000000605c00000| Untracked 
|  24|0x0000000606000000, 0x0000000606000000, 0x0000000606400000|  0%| F|  |TAMS 0x0000000606000000, 0x0000000606000000| Untracked 
|  25|0x0000000606400000, 0x0000000606400000, 0x0000000606800000|  0%| F|  |TAMS 0x0000000606400000, 0x0000000606400000| Untracked 
|  26|0x0000000606800000, 0x0000000606800000, 0x0000000606c00000|  0%| F|  |TAMS 0x0000000606800000, 0x0000000606800000| Untracked 
|  27|0x0000000606c00000, 0x0000000606c00000, 0x0000000607000000|  0%| F|  |TAMS 0x0000000606c00000, 0x0000000606c00000| Untracked 
|  28|0x0000000607000000, 0x0000000607000000, 0x0000000607400000|  0%| F|  |TAMS 0x0000000607000000, 0x0000000607000000| Untracked 
|  29|0x0000000607400000, 0x0000000607400000, 0x0000000607800000|  0%| F|  |TAMS 0x0000000607400000, 0x0000000607400000| Untracked 
|  30|0x0000000607800000, 0x0000000607800000, 0x0000000607c00000|  0%| F|  |TAMS 0x0000000607800000, 0x0000000607800000| Untracked 
|  31|0x0000000607c00000, 0x0000000607c00000, 0x0000000608000000|  0%| F|  |TAMS 0x0000000607c00000, 0x0000000607c00000| Untracked 
|  32|0x0000000608000000, 0x0000000608000000, 0x0000000608400000|  0%| F|  |TAMS 0x0000000608000000, 0x0000000608000000| Untracked 

Card table byte_map: [0x0000023f4a050000,0x0000023f4b050000] _byte_map_base: 0x0000023f47050000

Marking Bits (Prev, Next): (CMBitMap*) 0x0000023f25180600, (CMBitMap*) 0x0000023f251805c0
 Prev Bits: [0x0000023f54050000, 0x0000023f5c050000)
 Next Bits: [0x0000023f4c050000, 0x0000023f54050000)

Polling page: 0x0000023f23060000

Metaspace:

Usage:
  Non-class:     56.62 MB used.
      Class:      9.12 MB used.
       Both:     65.75 MB used.

Virtual space:
  Non-class space:       64.00 MB reserved,      56.94 MB ( 89%) committed,  1 nodes.
      Class space:        1.00 GB reserved,       9.38 MB ( <1%) committed,  1 nodes.
             Both:        1.06 GB reserved,      66.31 MB (  6%) committed. 

Chunk freelists:
   Non-Class:  6.16 MB
       Class:  6.50 MB
        Both:  12.66 MB

MaxMetaspaceSize: 4.00 GB
CompressedClassSpaceSize: 1.00 GB
Initial GC threshold: 21.00 MB
Current GC threshold: 98.25 MB
CDS: off
MetaspaceReclaimPolicy: balanced
 - commit_granule_bytes: 65536.
 - commit_granule_words: 8192.
 - virtual_space_node_default_size: 8388608.
 - enlarge_chunks_in_place: 1.
 - new_chunks_are_fully_committed: 0.
 - uncommit_free_chunks: 1.
 - use_allocation_guard: 0.
 - handle_deallocations: 1.


Internal statistics:

num_allocs_failed_limit: 9.
num_arena_births: 764.
num_arena_deaths: 0.
num_vsnodes_births: 2.
num_vsnodes_deaths: 0.
num_space_committed: 1061.
num_space_uncommitted: 0.
num_chunks_returned_to_freelist: 9.
num_chunks_taken_from_freelist: 3170.
num_chunk_merges: 9.
num_chunk_splits: 2045.
num_chunks_enlarged: 1334.
num_inconsistent_stats: 0.

CodeHeap 'non-profiled nmethods': size=258432Kb used=2572Kb max_used=3085Kb free=255859Kb
 bounds [0x0000023f38950000, 0x0000023f38c60000, 0x0000023f485b0000]
CodeHeap 'profiled nmethods': size=258368Kb used=12176Kb max_used=13542Kb free=246191Kb
 bounds [0x0000023f285b0000, 0x0000023f292f0000, 0x0000023f38200000]
CodeHeap 'non-nmethods': size=7488Kb used=2798Kb max_used=2819Kb free=4689Kb
 bounds [0x0000023f38200000, 0x0000023f384d0000, 0x0000023f38950000]
 total_blobs=6781 nmethods=6025 adapters=666
 compilation: enabled
              stopped_count=0, restarted_count=0
 full_count=0

Compilation events (20 events):
Event: 9.220 Thread 0x0000023f5f1c7ba0 6972       3       com.google.common.collect.ImmutableCollection::toArray (8 bytes)
Event: 9.220 Thread 0x0000023f5f1c7ba0 nmethod 6972 0x0000023f28aa8910 code [0x0000023f28aa8ac0, 0x0000023f28aa8c08]
Event: 9.220 Thread 0x0000023f5f1c71e0 nmethod 6969 0x0000023f38b54110 code [0x0000023f38b542a0, 0x0000023f38b543d8]
Event: 9.220 Thread 0x0000023f5f1c71e0 6970       4       org.objectweb.asm.AnnotationWriter::computeAnnotationsSize (66 bytes)
Event: 9.221 Thread 0x0000023f5f1c7ba0 6973       3       org.gradle.api.internal.project.DefaultProject::onMutableStateAccess (11 bytes)
Event: 9.221 Thread 0x0000023f5f3ab280 6974       3       org.gradle.internal.cc.impl.services.DefaultIsolatedProjectEvaluationListenerProvider::executeBeforeProjectFor (23 bytes)
Event: 9.221 Thread 0x0000023f5f1c7ba0 nmethod 6973 0x0000023f28a7f310 code [0x0000023f28a7f4c0, 0x0000023f28a7f768]
Event: 9.222 Thread 0x0000023f5f3ab280 nmethod 6974 0x0000023f28a7e810 code [0x0000023f28a7ea20, 0x0000023f28a7f048]
Event: 9.222 Thread 0x0000023f5f1c71e0 nmethod 6970 0x0000023f38b53c10 code [0x0000023f38b53da0, 0x0000023f38b53f38]
Event: 9.222 Thread 0x0000023f5f1c71e0 6971       4       org.objectweb.asm.Attribute::putAttributes (78 bytes)
Event: 9.222 Thread 0x0000023f5f3aacb0 6976       3       org.gradle.internal.event.ListenerBroadcast::dispatch (9 bytes)
Event: 9.222 Thread 0x0000023f5f1c7ba0 6975       3       org.gradle.internal.event.ListenerBroadcast::dispatch (9 bytes)
Event: 9.222 Thread 0x0000023f5f3aacb0 nmethod 6976 0x0000023f28b2aa10 code [0x0000023f28b2abc0, 0x0000023f28b2ada8]
Event: 9.222 Thread 0x0000023f5f1c7ba0 nmethod 6975 0x0000023f28b2a390 code [0x0000023f28b2a540, 0x0000023f28b2a8e8]
Event: 9.227 Thread 0x0000023f5f1c71e0 nmethod 6971 0x0000023f38984510 code [0x0000023f38984700, 0x0000023f38984d00]
Event: 9.227 Thread 0x0000023f5f1c71e0 6977       4       org.gradle.internal.reflect.MethodSet::add (50 bytes)
Event: 9.232 Thread 0x0000023f5f1c7ba0 6979   !   3       org.gradle.internal.event.DefaultListenerManager::getBroadcasterInternal (177 bytes)
Event: 9.233 Thread 0x0000023f5f1c7ba0 nmethod 6979 0x0000023f2873b510 code [0x0000023f2873b900, 0x0000023f2873da78]
Event: 9.243 Thread 0x0000023f5f3aacb0 6983   !   3       org.gradle.internal.classloader.TransformReplacer::getInstrumentedClass (34 bytes)
Event: 9.244 Thread 0x0000023f5f3aacb0 nmethod 6983 0x0000023f28b62710 code [0x0000023f28b62900, 0x0000023f28b62e38]

GC Heap History (20 events):
Event: 4.653 GC heap after
{Heap after GC invocations=8 (full 0):
 garbage-first heap   total 135168K, used 24975K [0x0000000600000000, 0x0000000800000000)
  region size 4096K, 1 young (4096K), 1 survivors (4096K)
 Metaspace       used 34278K, committed 34624K, reserved 1114112K
  class space    used 4577K, committed 4736K, reserved 1048576K
}
Event: 4.785 GC heap before
{Heap before GC invocations=8 (full 0):
 garbage-first heap   total 135168K, used 33167K [0x0000000600000000, 0x0000000800000000)
  region size 4096K, 4 young (16384K), 1 survivors (4096K)
 Metaspace       used 35575K, committed 35968K, reserved 1114112K
  class space    used 4772K, committed 4992K, reserved 1048576K
}
Event: 4.790 GC heap after
{Heap after GC invocations=9 (full 0):
 garbage-first heap   total 135168K, used 25645K [0x0000000600000000, 0x0000000800000000)
  region size 4096K, 1 young (4096K), 1 survivors (4096K)
 Metaspace       used 35575K, committed 35968K, reserved 1114112K
  class space    used 4772K, committed 4992K, reserved 1048576K
}
Event: 5.475 GC heap before
{Heap before GC invocations=10 (full 0):
 garbage-first heap   total 110592K, used 82989K [0x0000000600000000, 0x0000000800000000)
  region size 4096K, 16 young (65536K), 1 survivors (4096K)
 Metaspace       used 42836K, committed 43264K, reserved 1114112K
  class space    used 5502K, committed 5696K, reserved 1048576K
}
Event: 5.481 GC heap after
{Heap after GC invocations=11 (full 0):
 garbage-first heap   total 110592K, used 29860K [0x0000000600000000, 0x0000000800000000)
  region size 4096K, 2 young (8192K), 2 survivors (8192K)
 Metaspace       used 42836K, committed 43264K, reserved 1114112K
  class space    used 5502K, committed 5696K, reserved 1048576K
}
Event: 5.490 GC heap before
{Heap before GC invocations=11 (full 0):
 garbage-first heap   total 110592K, used 33956K [0x0000000600000000, 0x0000000800000000)
  region size 4096K, 3 young (12288K), 2 survivors (8192K)
 Metaspace       used 42837K, committed 43264K, reserved 1114112K
  class space    used 5502K, committed 5696K, reserved 1048576K
}
Event: 5.500 GC heap after
{Heap after GC invocations=12 (full 0):
 garbage-first heap   total 110592K, used 29543K [0x0000000600000000, 0x0000000800000000)
  region size 4096K, 1 young (4096K), 1 survivors (4096K)
 Metaspace       used 42837K, committed 43264K, reserved 1114112K
  class space    used 5502K, committed 5696K, reserved 1048576K
}
Event: 6.070 GC heap before
{Heap before GC invocations=12 (full 0):
 garbage-first heap   total 110592K, used 78695K [0x0000000600000000, 0x0000000800000000)
  region size 4096K, 13 young (53248K), 1 survivors (4096K)
 Metaspace       used 46768K, committed 47168K, reserved 1114112K
  class space    used 6143K, committed 6336K, reserved 1048576K
}
Event: 6.073 GC heap after
{Heap after GC invocations=13 (full 0):
 garbage-first heap   total 110592K, used 31819K [0x0000000600000000, 0x0000000800000000)
  region size 4096K, 1 young (4096K), 1 survivors (4096K)
 Metaspace       used 46768K, committed 47168K, reserved 1114112K
  class space    used 6143K, committed 6336K, reserved 1048576K
}
Event: 6.759 GC heap before
{Heap before GC invocations=13 (full 0):
 garbage-first heap   total 110592K, used 80971K [0x0000000600000000, 0x0000000800000000)
  region size 4096K, 13 young (53248K), 1 survivors (4096K)
 Metaspace       used 49816K, committed 50304K, reserved 1114112K
  class space    used 6631K, committed 6848K, reserved 1048576K
}
Event: 6.763 GC heap after
{Heap after GC invocations=14 (full 0):
 garbage-first heap   total 110592K, used 33138K [0x0000000600000000, 0x0000000800000000)
  region size 4096K, 1 young (4096K), 1 survivors (4096K)
 Metaspace       used 49816K, committed 50304K, reserved 1114112K
  class space    used 6631K, committed 6848K, reserved 1048576K
}
Event: 7.429 GC heap before
{Heap before GC invocations=14 (full 0):
 garbage-first heap   total 110592K, used 82290K [0x0000000600000000, 0x0000000800000000)
  region size 4096K, 13 young (53248K), 1 survivors (4096K)
 Metaspace       used 54648K, committed 55232K, reserved 1114112K
  class space    used 7417K, committed 7680K, reserved 1048576K
}
Event: 7.434 GC heap after
{Heap after GC invocations=15 (full 0):
 garbage-first heap   total 110592K, used 35113K [0x0000000600000000, 0x0000000800000000)
  region size 4096K, 2 young (8192K), 2 survivors (8192K)
 Metaspace       used 54648K, committed 55232K, reserved 1114112K
  class space    used 7417K, committed 7680K, reserved 1048576K
}
Event: 7.877 GC heap before
{Heap before GC invocations=15 (full 0):
 garbage-first heap   total 110592K, used 80169K [0x0000000600000000, 0x0000000800000000)
  region size 4096K, 13 young (53248K), 2 survivors (8192K)
 Metaspace       used 57061K, committed 57600K, reserved 1114112K
  class space    used 7781K, committed 8064K, reserved 1048576K
}
Event: 7.886 GC heap after
{Heap after GC invocations=16 (full 0):
 garbage-first heap   total 110592K, used 38806K [0x0000000600000000, 0x0000000800000000)
  region size 4096K, 2 young (8192K), 2 survivors (8192K)
 Metaspace       used 57061K, committed 57600K, reserved 1114112K
  class space    used 7781K, committed 8064K, reserved 1048576K
}
Event: 8.240 GC heap before
{Heap before GC invocations=16 (full 0):
 garbage-first heap   total 110592K, used 63382K [0x0000000600000000, 0x0000000800000000)
  region size 4096K, 9 young (36864K), 2 survivors (8192K)
 Metaspace       used 59657K, committed 60160K, reserved 1114112K
  class space    used 8229K, committed 8448K, reserved 1048576K
}
Event: 8.249 GC heap after
{Heap after GC invocations=17 (full 0):
 garbage-first heap   total 110592K, used 40135K [0x0000000600000000, 0x0000000800000000)
  region size 4096K, 2 young (8192K), 2 survivors (8192K)
 Metaspace       used 59657K, committed 60160K, reserved 1114112K
  class space    used 8229K, committed 8448K, reserved 1048576K
}
Event: 8.812 GC heap before
{Heap before GC invocations=18 (full 0):
 garbage-first heap   total 110592K, used 89287K [0x0000000600000000, 0x0000000800000000)
  region size 4096K, 13 young (53248K), 2 survivors (8192K)
 Metaspace       used 63750K, committed 64192K, reserved 1114112K
  class space    used 8821K, committed 9024K, reserved 1048576K
}
Event: 8.819 GC heap after
{Heap after GC invocations=19 (full 0):
 garbage-first heap   total 110592K, used 50078K [0x0000000600000000, 0x0000000800000000)
  region size 4096K, 2 young (8192K), 2 survivors (8192K)
 Metaspace       used 63750K, committed 64192K, reserved 1114112K
  class space    used 8821K, committed 9024K, reserved 1048576K
}
Event: 9.250 GC heap before
{Heap before GC invocations=19 (full 0):
 garbage-first heap   total 110592K, used 82846K [0x0000000600000000, 0x0000000800000000)
  region size 4096K, 10 young (40960K), 2 survivors (8192K)
 Metaspace       used 67323K, committed 67904K, reserved 1114112K
  class space    used 9340K, committed 9600K, reserved 1048576K
}

Dll operation events (3 events):
Event: 0.009 Loaded shared library C:\Program Files\Android\Android Studio\jbr\bin\java.dll
Event: 0.113 Loaded shared library C:\Program Files\Android\Android Studio\jbr\bin\zip.dll
Event: 0.475 Loaded shared library C:\Program Files\Android\Android Studio\jbr\bin\verify.dll

Deoptimization events (20 events):
Event: 8.389 Thread 0x0000023f652db880 DEOPT PACKING pc=0x0000023f38bd5a28 sp=0x0000004ede5f3b90
Event: 8.389 Thread 0x0000023f652db880 DEOPT UNPACKING pc=0x0000023f382569a3 sp=0x0000004ede5f3b30 mode 2
Event: 8.420 Thread 0x0000023f652db880 DEOPT PACKING pc=0x0000023f286b68bd sp=0x0000004ede5f2fc0
Event: 8.420 Thread 0x0000023f652db880 DEOPT UNPACKING pc=0x0000023f38257143 sp=0x0000004ede5f2448 mode 0
Event: 8.467 Thread 0x0000023f652db880 DEOPT PACKING pc=0x0000023f286b68bd sp=0x0000004ede5eabd0
Event: 8.467 Thread 0x0000023f652db880 DEOPT UNPACKING pc=0x0000023f38257143 sp=0x0000004ede5ea058 mode 0
Event: 8.532 Thread 0x0000023f652db880 Uncommon trap: trap_request=0xffffff54 fr.pc=0x0000023f389f8cdc relative=0x000000000000177c
Event: 8.532 Thread 0x0000023f652db880 Uncommon trap: reason=speculate_null_assert action=make_not_entrant pc=0x0000023f389f8cdc method=java.util.jar.JarFile.getVersionedEntry(Ljava/lang/String;Ljava/util/jar/JarEntry;)Ljava/util/jar/JarEntry; @ 115 c2
Event: 8.532 Thread 0x0000023f652db880 DEOPT PACKING pc=0x0000023f389f8cdc sp=0x0000004ede5effc0
Event: 8.532 Thread 0x0000023f652db880 DEOPT UNPACKING pc=0x0000023f382569a3 sp=0x0000004ede5eff38 mode 2
Event: 9.173 Thread 0x0000023f652db880 DEOPT PACKING pc=0x0000023f2916d7fd sp=0x0000004ede5f0a70
Event: 9.173 Thread 0x0000023f652db880 DEOPT UNPACKING pc=0x0000023f38257143 sp=0x0000004ede5eff80 mode 0
Event: 9.187 Thread 0x0000023f652db880 Uncommon trap: trap_request=0xfffffff4 fr.pc=0x0000023f38bfefb0 relative=0x00000000000006d0
Event: 9.187 Thread 0x0000023f652db880 Uncommon trap: reason=null_check action=make_not_entrant pc=0x0000023f38bfefb0 method=org.gradle.util.internal.SimpleMapInterner.intern(Ljava/lang/Object;)Ljava/lang/Object; @ 2 c2
Event: 9.187 Thread 0x0000023f652db880 DEOPT PACKING pc=0x0000023f38bfefb0 sp=0x0000004ede5f3260
Event: 9.187 Thread 0x0000023f652db880 DEOPT UNPACKING pc=0x0000023f382569a3 sp=0x0000004ede5f3228 mode 2
Event: 9.187 Thread 0x0000023f652db880 Uncommon trap: trap_request=0xffffff45 fr.pc=0x0000023f38c023ac relative=0x00000000000006cc
Event: 9.187 Thread 0x0000023f652db880 Uncommon trap: reason=unstable_if action=reinterpret pc=0x0000023f38c023ac method=org.gradle.util.internal.SimpleMapInterner.intern(Ljava/lang/String;)Ljava/lang/String; @ 1 c2
Event: 9.187 Thread 0x0000023f652db880 DEOPT PACKING pc=0x0000023f38c023ac sp=0x0000004ede5f31f0
Event: 9.187 Thread 0x0000023f652db880 DEOPT UNPACKING pc=0x0000023f382569a3 sp=0x0000004ede5f31b8 mode 2

Classes unloaded (0 events):
No events

Classes redefined (0 events):
No events

Internal exceptions (20 events):
Event: 7.796 Thread 0x0000023f652db880 Exception <a 'java/lang/NoSuchMethodError'{0x0000000604cd0510}: 'java.lang.Object java.lang.invoke.DirectMethodHandle$Holder.invokeSpecialIFC(java.lang.Object, java.lang.Object, java.lang.Object)'> (0x0000000604cd0510) 
thrown [s\src\hotspot\share\interpreter\linkResolver.cpp, line 771]
Event: 8.301 Thread 0x0000023f652db880 Exception <a 'java/lang/NoSuchMethodError'{0x00000006081f8310}: 'int java.lang.invoke.DirectMethodHandle$Holder.invokeStatic(java.lang.Object, java.lang.Object, int)'> (0x00000006081f8310) 
thrown [s\src\hotspot\share\interpreter\linkResolver.cpp, line 771]
Event: 8.939 Thread 0x0000023f652db880 Exception <a 'java/lang/NoSuchMethodError'{0x00000006061aa2c8}: static Lorg/jetbrains/kotlin/gradle/plugin/internal/DefaultConfigurationTimePropertiesAccessorVariantFactory;.<clinit>()V> (0x00000006061aa2c8) 
thrown [s\src\hotspot\share\prims\jni.cpp, line 1127]
Event: 8.941 Thread 0x0000023f652db880 Exception <a 'java/lang/NoSuchMethodError'{0x00000006061d7118}: static Lorg/jetbrains/kotlin/gradle/plugin/internal/DefaultProjectIsolationStartParameterAccessor$Factory;.<clinit>()V> (0x00000006061d7118) 
thrown [s\src\hotspot\share\prims\jni.cpp, line 1127]
Event: 8.942 Thread 0x0000023f652db880 Exception <a 'java/lang/NoSuchMethodError'{0x00000006061fdc40}: static Lorg/jetbrains/kotlin/gradle/plugin/internal/DefaultSourceSetCompatibilityHelperVariantFactory;.<clinit>()V> (0x00000006061fdc40) 
thrown [s\src\hotspot\share\prims\jni.cpp, line 1127]
Event: 8.943 Thread 0x0000023f652db880 Exception <a 'java/lang/NoSuchMethodError'{0x000000060622fb68}: static Lorg/jetbrains/kotlin/gradle/plugin/internal/DefaultArtifactTypeAttributeAccessorVariantFactory;.<clinit>()V> (0x000000060622fb68) 
thrown [s\src\hotspot\share\prims\jni.cpp, line 1127]
Event: 8.945 Thread 0x0000023f652db880 Exception <a 'java/lang/NoSuchMethodError'{0x0000000606262100}: static Lorg/jetbrains/kotlin/gradle/plugin/internal/DefaultCompatibilityConventionRegistrar$Factory;.<clinit>()V> (0x0000000606262100) 
thrown [s\src\hotspot\share\prims\jni.cpp, line 1127]
Event: 8.946 Thread 0x0000023f652db880 Exception <a 'java/lang/NoSuchMethodError'{0x0000000606288ca8}: static Lorg/jetbrains/kotlin/gradle/plugin/internal/DefaultJavaSourceSetsAccessorVariantFactory;.<clinit>()V> (0x0000000606288ca8) 
thrown [s\src\hotspot\share\prims\jni.cpp, line 1127]
Event: 8.947 Thread 0x0000023f652db880 Exception <a 'java/lang/NoSuchMethodError'{0x00000006062aec60}: static Lorg/jetbrains/kotlin/gradle/plugin/internal/DefaultIdeaSyncDetectorVariantFactory;.<clinit>()V> (0x00000006062aec60) 
thrown [s\src\hotspot\share\prims\jni.cpp, line 1127]
Event: 8.948 Thread 0x0000023f652db880 Exception <a 'java/lang/NoSuchMethodError'{0x00000006062d8d18}: static Lorg/jetbrains/kotlin/gradle/plugin/internal/DefaultKotlinTestReportCompatibilityHelperVariantFactory;.<clinit>()V> (0x00000006062d8d18) 
thrown [s\src\hotspot\share\prims\jni.cpp, line 1127]
Event: 8.949 Thread 0x0000023f652db880 Exception <a 'java/lang/NoSuchMethodError'{0x00000006062ffba0}: static Lorg/jetbrains/kotlin/gradle/plugin/internal/DefaultMppTestReportHelperVariantFactory;.<clinit>()V> (0x00000006062ffba0) 
thrown [s\src\hotspot\share\prims\jni.cpp, line 1127]
Event: 8.950 Thread 0x0000023f652db880 Exception <a 'java/lang/NoSuchMethodError'{0x0000000606325a20}: static Lorg/jetbrains/kotlin/gradle/plugin/internal/DefaultConfigurationCacheStartParameterAccessorVariantFactory;.<clinit>()V> (0x0000000606325a20) 
thrown [s\src\hotspot\share\prims\jni.cpp, line 1127]
Event: 8.951 Thread 0x0000023f652db880 Exception <a 'java/lang/NoSuchMethodError'{0x000000060634cdb0}: static Lorg/jetbrains/kotlin/gradle/plugin/internal/MavenPluginConfigurator$DefaultMavenPluginConfiguratorVariantFactory;.<clinit>()V> (0x000000060634cdb0) 
thrown [s\src\hotspot\share\prims\jni.cpp, line 1127]
Event: 8.952 Thread 0x0000023f652db880 Exception <a 'java/lang/NoSuchMethodError'{0x0000000606373028}: static Lorg/jetbrains/kotlin/gradle/targets/js/nodejs/DefaultUnameExecutorVariantFactory;.<clinit>()V> (0x0000000606373028) 
thrown [s\src\hotspot\share\prims\jni.cpp, line 1127]
Event: 8.953 Thread 0x0000023f652db880 Exception <a 'java/lang/NoSuchMethodError'{0x0000000606399a48}: static Lorg/jetbrains/kotlin/gradle/plugin/internal/DefaultBasePluginConfigurationVariantFactory;.<clinit>()V> (0x0000000606399a48) 
thrown [s\src\hotspot\share\prims\jni.cpp, line 1127]
Event: 8.954 Thread 0x0000023f652db880 Exception <a 'java/lang/NoSuchMethodError'{0x00000006063c0818}: static Lorg/jetbrains/kotlin/gradle/plugin/internal/DefaultAttributeConfigurationHelperVariantFactory;.<clinit>()V> (0x00000006063c0818) 
thrown [s\src\hotspot\share\prims\jni.cpp, line 1127]
Event: 8.956 Thread 0x0000023f652db880 Exception <a 'java/lang/NoSuchMethodError'{0x00000006063ce3e8}: 'void java.lang.invoke.DirectMethodHandle$Holder.invokeSpecial(java.lang.Object, java.lang.Object, java.lang.Object, int)'> (0x00000006063ce3e8) 
thrown [s\src\hotspot\share\interpreter\linkResolver.cpp, line 771]
Event: 9.019 Thread 0x0000023f652db880 Exception <a 'java/lang/IncompatibleClassChangeError'{0x0000000605fa71f8}: Found class java.lang.Object, but interface was expected> (0x0000000605fa71f8) 
thrown [s\src\hotspot\share\interpreter\linkResolver.cpp, line 838]
Event: 9.187 Thread 0x0000023f652db880 Implicit null exception at 0x0000023f38bfe90f to 0x0000023f38bfefa0
Event: 9.187 Thread 0x0000023f652db880 Implicit null exception at 0x0000023f38c01d14 to 0x0000023f38c02394

VM Operations (20 events):
Event: 8.038 Executing VM operation: HandshakeAllThreads done
Event: 8.111 Executing VM operation: ICBufferFull
Event: 8.111 Executing VM operation: ICBufferFull done
Event: 8.111 Executing VM operation: HandshakeAllThreads
Event: 8.111 Executing VM operation: HandshakeAllThreads done
Event: 8.134 Executing VM operation: HandshakeAllThreads
Event: 8.134 Executing VM operation: HandshakeAllThreads done
Event: 8.168 Executing VM operation: HandshakeAllThreads
Event: 8.168 Executing VM operation: HandshakeAllThreads done
Event: 8.197 Executing VM operation: ICBufferFull
Event: 8.197 Executing VM operation: ICBufferFull done
Event: 8.240 Executing VM operation: CollectForMetadataAllocation
Event: 8.249 Executing VM operation: CollectForMetadataAllocation done
Event: 8.273 Executing VM operation: G1PauseRemark
Event: 8.276 Executing VM operation: G1PauseRemark done
Event: 8.285 Executing VM operation: G1PauseCleanup
Event: 8.285 Executing VM operation: G1PauseCleanup done
Event: 8.812 Executing VM operation: G1CollectForAllocation
Event: 8.820 Executing VM operation: G1CollectForAllocation done
Event: 9.250 Executing VM operation: G1CollectForAllocation

Events (20 events):
Event: 9.069 loading class javax/management/NotificationFilter done
Event: 9.069 loading class javax/management/ListenerNotFoundException
Event: 9.069 loading class javax/management/OperationsException
Event: 9.069 loading class javax/management/JMException
Event: 9.069 loading class javax/management/JMException done
Event: 9.069 loading class javax/management/OperationsException done
Event: 9.069 loading class javax/management/ListenerNotFoundException done
Event: 9.069 loading class jdk/jfr/Recording
Event: 9.070 loading class jdk/jfr/Recording done
Event: 9.070 loading class jdk/jfr/FlightRecorder
Event: 9.070 loading class jdk/jfr/FlightRecorder done
Event: 9.070 loading class jdk/management/jfr/FlightRecorderMXBeanImpl$MXBeanListener
Event: 9.070 loading class jdk/jfr/FlightRecorderListener
Event: 9.070 loading class jdk/jfr/FlightRecorderListener done
Event: 9.070 loading class jdk/management/jfr/FlightRecorderMXBeanImpl$MXBeanListener done
Event: 9.094 loading class com/sun/jmx/mbeanserver/StandardMBeanSupport
Event: 9.094 loading class com/sun/jmx/mbeanserver/StandardMBeanSupport done
Event: 9.095 loading class com/sun/jmx/mbeanserver/StandardMBeanIntrospector
Event: 9.095 loading class com/sun/jmx/mbeanserver/StandardMBeanIntrospector done
Event: 9.126 Thread 0x0000023f64583cc0 Thread added: 0x0000023f64583cc0


Dynamic libraries:
0x00007ff748c90000 - 0x00007ff748c9a000 	C:\Program Files\Android\Android Studio\jbr\bin\java.exe
0x00007ffcd1720000 - 0x00007ffcd1929000 	C:\Windows\SYSTEM32\ntdll.dll
0x00007ffcd0c90000 - 0x00007ffcd0d4d000 	C:\Windows\System32\KERNEL32.DLL
0x00007ffccf040000 - 0x00007ffccf3c4000 	C:\Windows\System32\KERNELBASE.dll
0x00007ffccee60000 - 0x00007ffccef71000 	C:\Windows\System32\ucrtbase.dll
0x00007ffcb62d0000 - 0x00007ffcb62eb000 	C:\Program Files\Android\Android Studio\jbr\bin\VCRUNTIME140.dll
0x00007ffcb62f0000 - 0x00007ffcb6307000 	C:\Program Files\Android\Android Studio\jbr\bin\jli.dll
0x00007ffcd0ae0000 - 0x00007ffcd0c8d000 	C:\Windows\System32\USER32.dll
0x00007ffccf540000 - 0x00007ffccf566000 	C:\Windows\System32\win32u.dll
0x00007ffcb4c50000 - 0x00007ffcb4ef5000 	C:\Windows\WinSxS\amd64_microsoft.windows.common-controls_6595b64144ccf1df_6.0.22000.120_none_9d947278b86cc467\COMCTL32.dll
0x00007ffcd1590000 - 0x00007ffcd15ba000 	C:\Windows\System32\GDI32.dll
0x00007ffcd15c0000 - 0x00007ffcd1663000 	C:\Windows\System32\msvcrt.dll
0x00007ffccebb0000 - 0x00007ffccecce000 	C:\Windows\System32\gdi32full.dll
0x00007ffccecd0000 - 0x00007ffcced6d000 	C:\Windows\System32\msvcp_win.dll
0x00007ffcd0dd0000 - 0x00007ffcd0e01000 	C:\Windows\System32\IMM32.DLL
0x00007ffcb7220000 - 0x00007ffcb722c000 	C:\Program Files\Android\Android Studio\jbr\bin\vcruntime140_1.dll
0x00007ffcb3e30000 - 0x00007ffcb3ebd000 	C:\Program Files\Android\Android Studio\jbr\bin\msvcp140.dll
0x00007ffbc02e0000 - 0x00007ffbc0f63000 	C:\Program Files\Android\Android Studio\jbr\bin\server\jvm.dll
0x00007ffccfb00000 - 0x00007ffccfbae000 	C:\Windows\System32\ADVAPI32.dll
0x00007ffcd0ef0000 - 0x00007ffcd0f8e000 	C:\Windows\System32\sechost.dll
0x00007ffcd0ff0000 - 0x00007ffcd1111000 	C:\Windows\System32\RPCRT4.dll
0x00007ffcce8e0000 - 0x00007ffcce92d000 	C:\Windows\SYSTEM32\POWRPROF.dll
0x00007ffcc7440000 - 0x00007ffcc7473000 	C:\Windows\SYSTEM32\WINMM.dll
0x00007ffcaef90000 - 0x00007ffcaef99000 	C:\Windows\SYSTEM32\WSOCK32.dll
0x00007ffcd1670000 - 0x00007ffcd16df000 	C:\Windows\System32\WS2_32.dll
0x00007ffcc53e0000 - 0x00007ffcc53ea000 	C:\Windows\SYSTEM32\VERSION.dll
0x00007ffcce8c0000 - 0x00007ffcce8d3000 	C:\Windows\SYSTEM32\UMPDC.dll
0x00007ffccdbe0000 - 0x00007ffccdbf8000 	C:\Windows\SYSTEM32\kernel.appcore.dll
0x00007ffcb67d0000 - 0x00007ffcb67da000 	C:\Program Files\Android\Android Studio\jbr\bin\jimage.dll
0x00007ffccc6e0000 - 0x00007ffccc901000 	C:\Windows\SYSTEM32\DBGHELP.DLL
0x00007ffcb1530000 - 0x00007ffcb1561000 	C:\Windows\SYSTEM32\dbgcore.DLL
0x00007ffcced70000 - 0x00007ffccedef000 	C:\Windows\System32\bcryptPrimitives.dll
0x00007ffc99700000 - 0x00007ffc9970e000 	C:\Program Files\Android\Android Studio\jbr\bin\instrument.dll
0x00007ffcb54d0000 - 0x00007ffcb54f5000 	C:\Program Files\Android\Android Studio\jbr\bin\java.dll
0x00007ffcb5170000 - 0x00007ffcb5188000 	C:\Program Files\Android\Android Studio\jbr\bin\zip.dll
0x00007ffccfbc0000 - 0x00007ffcd0385000 	C:\Windows\System32\SHELL32.dll
0x00007ffcccc40000 - 0x00007ffccd4a2000 	C:\Windows\SYSTEM32\windows.storage.dll
0x00007ffcd05f0000 - 0x00007ffcd0966000 	C:\Windows\System32\combase.dll
0x00007ffcccad0000 - 0x00007ffcccc37000 	C:\Windows\SYSTEM32\wintypes.dll
0x00007ffccf570000 - 0x00007ffccf65a000 	C:\Windows\System32\SHCORE.dll
0x00007ffcd0d50000 - 0x00007ffcd0dad000 	C:\Windows\System32\shlwapi.dll
0x00007ffcceae0000 - 0x00007ffcceb05000 	C:\Windows\SYSTEM32\profapi.dll
0x00007ffcb42d0000 - 0x00007ffcb42e9000 	C:\Program Files\Android\Android Studio\jbr\bin\net.dll
0x00007ffcc86e0000 - 0x00007ffcc87f4000 	C:\Windows\SYSTEM32\WINHTTP.dll
0x00007ffcce080000 - 0x00007ffcce0e7000 	C:\Windows\system32\mswsock.dll
0x00007ffcb2050000 - 0x00007ffcb2066000 	C:\Program Files\Android\Android Studio\jbr\bin\nio.dll
0x00007ffcb2040000 - 0x00007ffcb2050000 	C:\Program Files\Android\Android Studio\jbr\bin\verify.dll
0x00007ffc66a90000 - 0x00007ffc66ab7000 	C:\Users\HP PROBOOK\.gradle\native\1def1411415f61bf3af743bc5b6707747c0891f09f0c88961ee8f79bc544acac\windows-amd64\native-platform.dll
0x00007ffc5f450000 - 0x00007ffc5f4c8000 	C:\Users\HP PROBOOK\.gradle\native\0.2.7\x86_64-windows-gnu\gradle-fileevents.dll
0x00007ffca59e0000 - 0x00007ffca59e9000 	C:\Program Files\Android\Android Studio\jbr\bin\management.dll
0x00007ffca3f30000 - 0x00007ffca3f3b000 	C:\Program Files\Android\Android Studio\jbr\bin\management_ext.dll
0x00007ffcd12e0000 - 0x00007ffcd12e8000 	C:\Windows\System32\PSAPI.DLL
0x00007ffccd6f0000 - 0x00007ffccd71d000 	C:\Windows\SYSTEM32\IPHLPAPI.DLL
0x00007ffccf660000 - 0x00007ffccf669000 	C:\Windows\System32\NSI.dll
0x00007ffcc8300000 - 0x00007ffcc8319000 	C:\Windows\SYSTEM32\dhcpcsvc6.DLL
0x00007ffcc8b10000 - 0x00007ffcc8b2e000 	C:\Windows\SYSTEM32\dhcpcsvc.DLL
0x00007ffccd720000 - 0x00007ffccd807000 	C:\Windows\SYSTEM32\DNSAPI.dll
0x00007ffca3f20000 - 0x00007ffca3f29000 	C:\Program Files\Android\Android Studio\jbr\bin\extnet.dll
0x00007ffcce350000 - 0x00007ffcce368000 	C:\Windows\SYSTEM32\CRYPTSP.dll
0x00007ffccdb40000 - 0x00007ffccdb75000 	C:\Windows\system32\rsaenh.dll
0x00007ffcce120000 - 0x00007ffcce14c000 	C:\Windows\SYSTEM32\USERENV.dll
0x00007ffcce500000 - 0x00007ffcce527000 	C:\Windows\SYSTEM32\bcrypt.dll
0x00007ffcce270000 - 0x00007ffcce27c000 	C:\Windows\SYSTEM32\CRYPTBASE.dll
0x00007ffc98ee0000 - 0x00007ffc98ee8000 	C:\Windows\system32\wshunix.dll

dbghelp: loaded successfully - version: 4.0.5 - missing functions: none
symbol engine: initialized successfully - sym options: 0x614 - pdb path: .;C:\Program Files\Android\Android Studio\jbr\bin;C:\Windows\SYSTEM32;C:\Windows\WinSxS\amd64_microsoft.windows.common-controls_6595b64144ccf1df_6.0.22000.120_none_9d947278b86cc467;C:\Program Files\Android\Android Studio\jbr\bin\server;C:\Users\HP PROBOOK\.gradle\native\1def1411415f61bf3af743bc5b6707747c0891f09f0c88961ee8f79bc544acac\windows-amd64;C:\Users\HP PROBOOK\.gradle\native\0.2.7\x86_64-windows-gnu

VM Arguments:
jvm_args: --add-opens=java.base/java.lang=ALL-UNNAMED --add-opens=java.base/java.lang.invoke=ALL-UNNAMED --add-opens=java.base/java.util=ALL-UNNAMED --add-opens=java.prefs/java.util.prefs=ALL-UNNAMED --add-exports=jdk.compiler/com.sun.tools.javac.api=ALL-UNNAMED --add-exports=jdk.compiler/com.sun.tools.javac.util=ALL-UNNAMED --add-opens=java.base/java.util=ALL-UNNAMED --add-opens=java.prefs/java.util.prefs=ALL-UNNAMED --add-opens=java.base/java.nio.charset=ALL-UNNAMED --add-opens=java.base/java.net=ALL-UNNAMED --add-opens=java.base/java.util.concurrent.atomic=ALL-UNNAMED --add-opens=java.xml/javax.xml.namespace=ALL-UNNAMED -XX:MaxMetaspaceSize=4G -XX:ReservedCodeCacheSize=512m -XX:+HeapDumpOnOutOfMemoryError -Xmx8G -Dfile.encoding=windows-1256 -Duser.country=US -Duser.language=en -Duser.variant -javaagent:C:\Users\HP PROBOOK\.gradle\wrapper\dists\gradle-8.14-all\c2qonpi39x1mddn7hk5gh9iqj\gradle-8.14\lib\agents\gradle-instrumentation-agent-8.14.jar 
java_command: org.gradle.launcher.daemon.bootstrap.GradleDaemon 8.14
java_class_path (initial): C:\Users\HP PROBOOK\.gradle\wrapper\dists\gradle-8.14-all\c2qonpi39x1mddn7hk5gh9iqj\gradle-8.14\lib\gradle-daemon-main-8.14.jar
Launcher Type: SUN_STANDARD

[Global flags]
     intx CICompilerCount                          = 12                                        {product} {ergonomic}
     uint ConcGCThreads                            = 3                                         {product} {ergonomic}
     uint G1ConcRefinementThreads                  = 13                                        {product} {ergonomic}
   size_t G1HeapRegionSize                         = 4194304                                   {product} {ergonomic}
    uintx GCDrainStackTargetSize                   = 64                                        {product} {ergonomic}
     bool HeapDumpOnOutOfMemoryError               = true                                   {manageable} {command line}
   size_t InitialHeapSize                          = 125829120                                 {product} {ergonomic}
   size_t MarkStackSize                            = 4194304                                   {product} {ergonomic}
   size_t MaxHeapSize                              = 8589934592                                {product} {command line}
   size_t MaxMetaspaceSize                         = 4294967296                                {product} {command line}
   size_t MaxNewSize                               = 5150605312                                {product} {ergonomic}
   size_t MinHeapDeltaBytes                        = 4194304                                   {product} {ergonomic}
   size_t MinHeapSize                              = 8388608                                   {product} {ergonomic}
    uintx NonNMethodCodeHeapSize                   = 7602480                                {pd product} {ergonomic}
    uintx NonProfiledCodeHeapSize                  = 264634216                              {pd product} {ergonomic}
    uintx ProfiledCodeHeapSize                     = 264634216                              {pd product} {ergonomic}
    uintx ReservedCodeCacheSize                    = 536870912                              {pd product} {command line}
     bool SegmentedCodeCache                       = true                                      {product} {ergonomic}
   size_t SoftMaxHeapSize                          = 8589934592                             {manageable} {ergonomic}
   double SweeperThreshold                         = 0.234375                                  {product} {ergonomic}
     bool UseCompressedClassPointers               = true                           {product lp64_product} {ergonomic}
     bool UseCompressedOops                        = true                           {product lp64_product} {ergonomic}
     bool UseG1GC                                  = true                                      {product} {ergonomic}
     bool UseLargePagesIndividualAllocation        = false                                  {pd product} {ergonomic}

Logging:
Log output configuration:
 #0: stdout all=warning uptime,level,tags
 #1: stderr all=off uptime,level,tags

Environment Variables:
JAVA_HOME=C:\Program Files\Android\Android Studio\jbr
CLASSPATH=C:\Users\HP PROBOOK\Desktop\smartcalm\android\\gradle\wrapper\gradle-wrapper.jar
PATH=C:\Program Files\Android\Android Studio\jbr\bin;C:\Users\HP PROBOOK\AppData\Local\Programs\Microsoft VS Code;C:\OracelDB\bin;C:\Program Files\Java\jdk-21.0.10\bin;C:\Windows\system32;C:\Windows;C:\Windows\System32\Wbem;C:\Windows\System32\WindowsPowerShell\v1.0\;C:\Windows\System32\OpenSSH\;C:\Program Files\Git\cmd;C:\Program Files\Git\mingw64\bin;C:\Program Files\Git\usr\bin;C:\Program Files\dotnet\;C:\Program Files\MATLAB\R2024b\bin;c:\Users\HP PROBOOK\Desktop\cursor\resources\app\bin;C:\Users\HP PROBOOK\AppData\Local\Programs\Eclipse Adoptium\jdk-25.0.2.10-hotspot\bin;C:\Users\HP PROBOOK\AppData\Local\Microsoft\WindowsApps;C:\src\flutter\bin;C:\Program Files\Android\Android Studio\bin;C:\Users\HP PROBOOK\AppData\Local\Programs\Microsoft VS Code\bin;C:\Users\HP PROBOOK\AppData\Local\Muse Hub\lib;C:\Users\HP PROBOOK\AppData\Local\Packages\PythonSoftwareFoundation.Python.3.13_qbz5n2kfra8p0\LocalCache\local-packages\Python313\Scripts;C:\Users\HP PROBOOK\Downloads\Redis-x64-3.2.100;C:\Users\HP PROBOOK\Desktop\cursor\resources\app\bin;C:\Users\HP PROBOOK\AppData\Local\Programs\cursor\resources\app\bin;C:\Users\HP PROBOOK\AppData\Local\Programs\Eclipse Adoptium\jdk-25.0.2.10-hotspot\bin;C:\Users\HP PROBOOK\AppData\Local\Microsoft\WindowsApps;C:\src\flutter\bin;C:\Program Files\Android\Android Studio\bin;C:\Users\HP PROBOOK\AppData\Local\Programs\Microsoft VS Code\bin;C:\Users\HP PROBOOK\AppData\Local\Muse Hub\lib;C:\Users\HP PROBOOK\AppData\Local\Packages\PythonSoftwareFoundation.Python.3.13_qbz5n2kfra8p0\LocalCache\local-packages\Python313\Scripts;C:\Users\HP PROBOOK\Downloads\Redis-x64-3.2.100;C:\Users\HP PROBOOK\Desktop\cursor\resources\app\bin;C:\Users\HP PROBOOK\AppData\Local\Programs\cursor\resources\app\bin;C:\Program Files\Java\latest\jdk-21\bin;;C:\src\flutter\bin\mingit\cmd;C:\src\flutter\bin\mingit\cmd
USERNAME=HP PROBOOK
OS=Windows_NT
PROCESSOR_IDENTIFIER=AMD64 Family 25 Model 80 Stepping 0, AuthenticAMD
TMP=C:\Users\HPPROB~1\AppData\Local\Temp
TEMP=C:\Users\HPPROB~1\AppData\Local\Temp



Periodic native trim disabled

JNI global refs:
JNI global refs: 36, weak refs: 0

JNI global refs memory usage: 843, weak refs: 841

Process memory usage:
Resident Set Size: 304964K (3% of 7668804K total physical memory with 321540K free physical memory)

OOME stack traces (most recent first):
Classloader memory used:
Loader org.gradle.internal.classloader.VisitableURLClassLoader                         : 4188K
Loader bootstrap                                                                       : 2635K
Loader org.gradle.initialization.MixInLegacyTypesClassLoader                           : 1307K
Loader org.gradle.internal.classloader.VisitableURLClassLoader$InstrumentingVisitableURLClassLoader: 161K
Loader jdk.internal.loader.ClassLoaders$PlatformClassLoader                            : 67472B
Loader jdk.internal.loader.ClassLoaders$AppClassLoader                                 : 29474B
Loader jdk.internal.reflect.DelegatingClassLoader                                      : 23605B
Loader org.gradle.internal.classloader.VisitableURLClassLoader                         : 4857B

Classes loaded by more than one classloader:
Class Program                                                                         : loaded 3 times (x 72B)
Class org.gradle.internal.classpath.ClassPath                                         : loaded 2 times (x 68B)
Class org.gradle.api.internal.classpath.DefaultModuleRegistry                         : loaded 2 times (x 84B)
Class Settings_gradle$1$1                                                             : loaded 2 times (x 72B)
Class org.gradle.api.Action                                                           : loaded 2 times (x 68B)
Class org.gradle.api.internal.DefaultClassPathProvider                                : loaded 2 times (x 74B)
Class org.gradle.internal.installation.GradleInstallation$1                           : loaded 2 times (x 73B)
Class org.gradle.internal.classloader.FilteringClassLoader                            : loaded 2 times (x 103B)
Class org.gradle.internal.classpath.DefaultClassPath$ImmutableUniqueList$Builder      : loaded 2 times (x 73B)
Class org.gradle.internal.classloader.ClassLoaderVisitor                              : loaded 2 times (x 74B)
Class org.gradle.internal.service.DefaultServiceLocator                               : loaded 2 times (x 81B)
Class org.gradle.internal.service.UnknownServiceException                             : loaded 2 times (x 81B)
Class org.gradle.internal.classloader.DefaultClassLoaderFactory                       : loaded 2 times (x 80B)
Class org.gradle.internal.classloader.VisitableURLClassLoader$Spec                    : loaded 2 times (x 72B)
Class org.gradle.api.GradleException                                                  : loaded 2 times (x 80B)
Class org.gradle.api.internal.classpath.ModuleRegistry                                : loaded 2 times (x 68B)
Class org.gradle.api.internal.ClassPathProvider                                       : loaded 2 times (x 68B)
Class org.gradle.internal.classloader.ClasspathUtil$1                                 : loaded 2 times (x 74B)
Class org.gradle.internal.classloader.ClassLoaderFactory                              : loaded 2 times (x 68B)
Class org.gradle.api.internal.classpath.ManifestUtil                                  : loaded 2 times (x 69B)
Class org.gradle.api.specs.Spec                                                       : loaded 2 times (x 68B)
Class org.gradle.internal.IoActions                                                   : loaded 2 times (x 69B)
Class org.gradle.api.internal.classpath.EffectiveClassPath                            : loaded 2 times (x 88B)
Class org.gradle.internal.installation.CurrentGradleInstallation                      : loaded 2 times (x 71B)
Class org.gradle.internal.installation.CurrentGradleInstallationLocator               : loaded 2 times (x 69B)
Class org.gradle.api.internal.classpath.Module                                        : loaded 2 times (x 68B)
Class org.gradle.internal.service.CachingServiceLocator                               : loaded 2 times (x 80B)
Class org.gradle.internal.classpath.DefaultClassPath                                  : loaded 2 times (x 88B)
Class org.gradle.internal.classloader.SystemClassLoaderSpec                           : loaded 2 times (x 69B)
Class org.gradle.api.UncheckedIOException                                             : loaded 2 times (x 80B)
Class org.gradle.internal.installation.GradleInstallation                             : loaded 2 times (x 73B)
Class org.gradle.api.internal.classpath.GlobalCacheRootsProvider                      : loaded 2 times (x 68B)
Class org.gradle.internal.classloader.ClasspathUtil                                   : loaded 2 times (x 69B)
Class org.gradle.api.internal.DefaultClassPathRegistry                                : loaded 2 times (x 74B)
Class org.gradle.api.internal.classpath.DefaultModuleRegistry$DefaultModule           : loaded 2 times (x 84B)
Class org.gradle.api.internal.classpath.UnknownModuleException                        : loaded 2 times (x 80B)
Class org.gradle.internal.service.ServiceLookupException                              : loaded 2 times (x 80B)
Class [Lorg.gradle.api.internal.ClassPathProvider;                                    : loaded 2 times (x 67B)
Class org.gradle.util.internal.GUtil                                                  : loaded 2 times (x 69B)
Class org.gradle.internal.classloader.ClassLoaderSpec                                 : loaded 2 times (x 69B)
Class org.gradle.internal.classloader.InstrumentingClassLoader                        : loaded 2 times (x 68B)
Class org.gradle.internal.classloader.VisitableURLClassLoader                         : loaded 2 times (x 115B)
Class org.gradle.internal.Cast                                                        : loaded 2 times (x 69B)
Class org.gradle.api.internal.ClassPathRegistry                                       : loaded 2 times (x 68B)
Class org.gradle.internal.classloader.VisitableURLClassLoader$InstrumentingVisitableURLClassLoader: loaded 2 times (x 121B)
Class org.gradle.internal.classloader.ClassLoaderHierarchy                            : loaded 2 times (x 68B)
Class org.gradle.internal.InternalTransformer                                         : loaded 2 times (x 68B)
Class org.gradle.internal.service.ServiceLocator                                      : loaded 2 times (x 68B)
Class Settings_gradle$1                                                               : loaded 2 times (x 72B)
Class org.gradle.internal.classpath.DefaultClassPath$ImmutableUniqueList              : loaded 2 times (x 159B)
Class org.gradle.internal.classpath.TransformedClassPath                              : loaded 2 times (x 94B)
Class Settings_gradle                                                                 : loaded 2 times (x 126B)


---------------  S Y S T E M  ---------------

OS:
 Windows 11 , 64 bit Build 22000 (10.0.22000.2538)
OS uptime: 15 days 19:37 hours
Hyper-V role detected

CPU: total 16 (initial active 16) (16 cores per cpu, 2 threads per core) family 25 model 80 stepping 0 microcode 0x0, cx8, cmov, fxsr, ht, mmx, 3dnowpref, sse, sse2, sse3, ssse3, sse4a, sse4.1, sse4.2, popcnt, lzcnt, tsc, tscinvbit, avx, avx2, aes, erms, clmul, bmi1, bmi2, adx, sha, fma, vzeroupper, clflush, clflushopt, hv
Processor Information for all 16 processors :
  Max Mhz: 2000, Current Mhz: 2000, Mhz Limit: 2000

Memory: 4k page, system-wide physical 7489M (307M free)
TotalPageFile size 30017M (AvailPageFile size 70M)
current process WorkingSet (physical memory assigned to process): 297M, peak: 297M
current process commit charge ("private bytes"): 366M, peak: 467M

vm_info: OpenJDK 64-Bit Server VM (17.0.11+0--11852314) for windows-amd64 JRE (17.0.11+0--11852314), built on May 16 2024 21:29:20 by "androidbuild" with MS VC++ 16.10 / 16.11 (VS2019)

END.
