#
# There is insufficient memory for the Java Runtime Environment to continue.
# Native memory allocation (malloc) failed to allocate 1836816 bytes. Error detail: Chunk::new
# Possible reasons:
#   The system is out of physical RAM or swap space
#   This process is running with CompressedOops enabled, and the Java Heap may be blocking the growth of the native heap
# Possible solutions:
#   Reduce memory load on the system
#   Increase physical memory or swap space
#   Check if swap backing store is full
#   Decrease Java heap size (-Xmx/-Xms)
#   Decrease number of Java threads
#   Decrease Java thread stack sizes (-Xss)
#   Set larger code cache with -XX:ReservedCodeCacheSize=
#   JVM is running with Unscaled Compressed Oops mode in which the Java heap is
#     placed in the first 4GB address space. The Java Heap base address is the
#     maximum limit for the native heap growth. Please use -XX:HeapBaseMinAddress
#     to set the Java Heap base and to place the Java Heap above 4GB virtual address.
# This output file may be truncated or incomplete.
#
#  Out of Memory Error (arena.cpp:191), pid=27756, tid=18940
#
# JRE version: OpenJDK Runtime Environment (17.0.11) (build 17.0.11+0--11852314)
# Java VM: OpenJDK 64-Bit Server VM (17.0.11+0--11852314, mixed mode, tiered, compressed oops, compressed class ptrs, g1 gc, windows-amd64)
# No core dump will be written. Minidumps are not enabled by default on client versions of Windows
#

---------------  S U M M A R Y ------------

Command Line: org.jetbrains.kotlin.cli.jvm.K2JVMCompiler @C:\src\flutter\packages\flutter_tools\gradle\build\20260518_6104663551549776863.compiler.options

Host: AMD Ryzen 7 5825U with Radeon Graphics         , 16 cores, 7G,  Windows 11 , 64 bit Build 22000 (10.0.22000.2538)
Time: Mon May 18 12:26:51 2026 Jordan Standard Time elapsed time: 23.792712 seconds (0d 0h 0m 23s)

---------------  T H R E A D  ---------------

Current thread (0x000001e5db81aff0):  JavaThread "C2 CompilerThread0" daemon [_thread_in_native, id=18940, stack(0x000000ddbf700000,0x000000ddbf800000)]


Current CompileTask:
C2:  23793 19755       4       java.lang.invoke.MethodType::makeImpl (109 bytes)

Stack: [0x000000ddbf700000,0x000000ddbf800000]
Native frames: (J=compiled Java code, j=interpreted, Vv=VM code, C=native code)
V  [jvm.dll+0x687bb9]
V  [jvm.dll+0x84142a]
V  [jvm.dll+0x8430ae]
V  [jvm.dll+0x843713]
V  [jvm.dll+0x24a35f]
V  [jvm.dll+0xac544]
V  [jvm.dll+0xacb8c]
V  [jvm.dll+0x369be2]
V  [jvm.dll+0x33416a]
V  [jvm.dll+0x33360a]
V  [jvm.dll+0x21bed1]
V  [jvm.dll+0x21b311]
V  [jvm.dll+0x1a63ed]
V  [jvm.dll+0x22b1ee]
V  [jvm.dll+0x229375]
V  [jvm.dll+0x7f5647]
V  [jvm.dll+0x7efa4a]
V  [jvm.dll+0x686a35]
C  [ucrtbase.dll+0x26c0c]
C  [KERNEL32.DLL+0x153e0]
C  [ntdll.dll+0x485b]


---------------  P R O C E S S  ---------------

Threads class SMR info:
_java_thread_list=0x000001e5e10364c0, length=15, elements={
0x000001e5c130d440, 0x000001e5db691900, 0x000001e5db695470, 0x000001e5db6bdd70,
0x000001e5db6be890, 0x000001e5db6bb160, 0x000001e5db81a3f0, 0x000001e5db81aff0,
0x000001e5db81b9b0, 0x000001e5db81c3b0, 0x000001e5db998450, 0x000001e5db9a9900,
0x000001e5db9bd6e0, 0x000001e5e0257940, 0x000001e5e0257420
}

Java Threads: ( => current thread )
  0x000001e5c130d440 JavaThread "main" [_thread_in_Java, id=12364, stack(0x000000ddbea00000,0x000000ddbeb00000)]
  0x000001e5db691900 JavaThread "Reference Handler" daemon [_thread_blocked, id=3444, stack(0x000000ddbf100000,0x000000ddbf200000)]
  0x000001e5db695470 JavaThread "Finalizer" daemon [_thread_blocked, id=28124, stack(0x000000ddbf200000,0x000000ddbf300000)]
  0x000001e5db6bdd70 JavaThread "Signal Dispatcher" daemon [_thread_blocked, id=1632, stack(0x000000ddbf300000,0x000000ddbf400000)]
  0x000001e5db6be890 JavaThread "Attach Listener" daemon [_thread_blocked, id=19032, stack(0x000000ddbf400000,0x000000ddbf500000)]
  0x000001e5db6bb160 JavaThread "Service Thread" daemon [_thread_blocked, id=17952, stack(0x000000ddbf500000,0x000000ddbf600000)]
  0x000001e5db81a3f0 JavaThread "Monitor Deflation Thread" daemon [_thread_blocked, id=1744, stack(0x000000ddbf600000,0x000000ddbf700000)]
=>0x000001e5db81aff0 JavaThread "C2 CompilerThread0" daemon [_thread_in_native, id=18940, stack(0x000000ddbf700000,0x000000ddbf800000)]
  0x000001e5db81b9b0 JavaThread "C1 CompilerThread0" daemon [_thread_blocked, id=19124, stack(0x000000ddbf800000,0x000000ddbf900000)]
  0x000001e5db81c3b0 JavaThread "Sweeper thread" daemon [_thread_blocked, id=9224, stack(0x000000ddbf900000,0x000000ddbfa00000)]
  0x000001e5db998450 JavaThread "C1 CompilerThread1" daemon [_thread_blocked, id=7532, stack(0x000000ddbfa00000,0x000000ddbfb00000)]
  0x000001e5db9a9900 JavaThread "Notification Thread" daemon [_thread_blocked, id=16400, stack(0x000000ddbfb00000,0x000000ddbfc00000)]
  0x000001e5db9bd6e0 JavaThread "Common-Cleaner" daemon [_thread_blocked, id=16448, stack(0x000000ddbfd00000,0x000000ddbfe00000)]
  0x000001e5e0257940 JavaThread "C1 CompilerThread2" daemon [_thread_blocked, id=19220, stack(0x000000ddbff00000,0x000000ddc0000000)]
  0x000001e5e0257420 JavaThread "C1 CompilerThread3" daemon [_thread_blocked, id=8464, stack(0x000000ddc0000000,0x000000ddc0100000)]

Other Threads:
  0x000001e5db68ece0 VMThread "VM Thread" [stack: 0x000000ddbf000000,0x000000ddbf100000] [id=13652]
  0x000001e5db9b2c10 WatcherThread [stack: 0x000000ddbfc00000,0x000000ddbfd00000] [id=25192]
  0x000001e5c13649f0 GCTaskThread "GC Thread#0" [stack: 0x000000ddbeb00000,0x000000ddbec00000] [id=12412]
  0x000001e5e03ebd10 GCTaskThread "GC Thread#1" [stack: 0x000000ddc0100000,0x000000ddc0200000] [id=2184]
  0x000001e5e0425f50 GCTaskThread "GC Thread#2" [stack: 0x000000ddc0200000,0x000000ddc0300000] [id=12012]
  0x000001e5e0426210 GCTaskThread "GC Thread#3" [stack: 0x000000ddc0300000,0x000000ddc0400000] [id=17200]
  0x000001e5e040b7d0 GCTaskThread "GC Thread#4" [stack: 0x000000ddc0400000,0x000000ddc0500000] [id=4036]
  0x000001e5e040f490 GCTaskThread "GC Thread#5" [stack: 0x000000ddc0500000,0x000000ddc0600000] [id=26036]
  0x000001e5e07ce560 GCTaskThread "GC Thread#6" [stack: 0x000000ddbfe00000,0x000000ddbff00000] [id=28016]
  0x000001e5e07cca90 GCTaskThread "GC Thread#7" [stack: 0x000000ddc0600000,0x000000ddc0700000] [id=2084]
  0x000001e5e0be8600 GCTaskThread "GC Thread#8" [stack: 0x000000ddc0a00000,0x000000ddc0b00000] [id=7404]
  0x000001e5e0be9100 GCTaskThread "GC Thread#9" [stack: 0x000000ddc0b00000,0x000000ddc0c00000] [id=15144]
  0x000001e5e0be93c0 GCTaskThread "GC Thread#10" [stack: 0x000000ddc0f00000,0x000000ddc1000000] [id=28128]
  0x000001e5e0be9ec0 GCTaskThread "GC Thread#11" [stack: 0x000000ddc1000000,0x000000ddc1100000] [id=22636]
  0x000001e5e0be9c00 GCTaskThread "GC Thread#12" [stack: 0x000000ddc1100000,0x000000ddc1200000] [id=27848]
  0x000001e5c1374380 ConcurrentGCThread "G1 Main Marker" [stack: 0x000000ddbec00000,0x000000ddbed00000] [id=28624]
  0x000001e5c1375540 ConcurrentGCThread "G1 Conc#0" [stack: 0x000000ddbed00000,0x000000ddbee00000] [id=11116]
  0x000001e5e074af70 ConcurrentGCThread "G1 Conc#1" [stack: 0x000000ddc0700000,0x000000ddc0800000] [id=8992]
  0x000001e5e0425530 ConcurrentGCThread "G1 Conc#2" [stack: 0x000000ddc0800000,0x000000ddc0900000] [id=16976]
  0x000001e5c13ce090 ConcurrentGCThread "G1 Refine#0" [stack: 0x000000ddbee00000,0x000000ddbef00000] [id=19076]
  0x000001e5e4e5aa90 ConcurrentGCThread "G1 Refine#1" [stack: 0x000000ddc0c00000,0x000000ddc0d00000] [id=21460]
  0x000001e5e1119ba0 ConcurrentGCThread "G1 Refine#2" [stack: 0x000000ddc0d00000,0x000000ddc0e00000] [id=21148]
  0x000001e5e0f755f0 ConcurrentGCThread "G1 Refine#3" [stack: 0x000000ddc0e00000,0x000000ddc0f00000] [id=19404]
  0x000001e5c13ce9c0 ConcurrentGCThread "G1 Service" [stack: 0x000000ddbef00000,0x000000ddbf000000] [id=13292]

Threads with active compile tasks:
C2 CompilerThread0    23839 19755       4       java.lang.invoke.MethodType::makeImpl (109 bytes)

VM state: not at safepoint (normal execution)

VM Mutex/Monitor currently owned by a thread: None

Heap address: 0x000000008ae00000, size: 1874 MB, Compressed Oops mode: 32-bit

CDS archive(s) not mapped
Compressed class space mapped at: 0x0000000100000000-0x0000000140000000, reserved size: 1073741824
Narrow klass base: 0x0000000000000000, Narrow klass shift: 3, Narrow klass range: 0x140000000

GC Precious Log:
 CPUs: 16 total, 16 available
 Memory: 7489M
 Large Page Support: Disabled
 NUMA Support: Disabled
 Compressed Oops: Enabled (32-bit)
 Heap Region Size: 1M
 Heap Min Capacity: 8M
 Heap Initial Capacity: 118M
 Heap Max Capacity: 1874M
 Pre-touch: Disabled
 Parallel Workers: 13
 Concurrent Workers: 3
 Concurrent Refinement Workers: 13
 Periodic GC: Disabled

Heap:
 garbage-first heap   total 214016K, used 112413K [0x000000008ae00000, 0x0000000100000000)
  region size 1024K, 18 young (18432K), 4 survivors (4096K)
 Metaspace       used 89504K, committed 89920K, reserved 1179648K
  class space    used 9273K, committed 9472K, reserved 1048576K

Heap Regions: E=young(eden), S=young(survivor), O=old, HS=humongous(starts), HC=humongous(continues), CS=collection set, F=free, OA=open archive, CA=closed archive, TAMS=top-at-mark-start (previous, next)
|   0|0x000000008ae00000, 0x000000008af00000, 0x000000008af00000|100%|HS|  |TAMS 0x000000008af00000, 0x000000008ae00000| Complete 
|   1|0x000000008af00000, 0x000000008b000000, 0x000000008b000000|100%|HC|  |TAMS 0x000000008b000000, 0x000000008af00000| Complete 
|   2|0x000000008b000000, 0x000000008b100000, 0x000000008b100000|100%|HC|  |TAMS 0x000000008b100000, 0x000000008b000000| Complete 
|   3|0x000000008b100000, 0x000000008b200000, 0x000000008b200000|100%| O|  |TAMS 0x000000008b200000, 0x000000008b100000| Untracked 
|   4|0x000000008b200000, 0x000000008b300000, 0x000000008b300000|100%| O|  |TAMS 0x000000008b300000, 0x000000008b200000| Untracked 
|   5|0x000000008b300000, 0x000000008b400000, 0x000000008b400000|100%| O|  |TAMS 0x000000008b400000, 0x000000008b300000| Untracked 
|   6|0x000000008b400000, 0x000000008b500000, 0x000000008b500000|100%|HS|  |TAMS 0x000000008b500000, 0x000000008b400000| Complete 
|   7|0x000000008b500000, 0x000000008b600000, 0x000000008b600000|100%| O|  |TAMS 0x000000008b600000, 0x000000008b500000| Untracked 
|   8|0x000000008b600000, 0x000000008b700000, 0x000000008b700000|100%| O|  |TAMS 0x000000008b700000, 0x000000008b600000| Untracked 
|   9|0x000000008b700000, 0x000000008b800000, 0x000000008b800000|100%| O|  |TAMS 0x000000008b800000, 0x000000008b700000| Untracked 
|  10|0x000000008b800000, 0x000000008b900000, 0x000000008b900000|100%|HS|  |TAMS 0x000000008b900000, 0x000000008b800000| Complete 
|  11|0x000000008b900000, 0x000000008ba00000, 0x000000008ba00000|100%|HS|  |TAMS 0x000000008ba00000, 0x000000008b900000| Complete 
|  12|0x000000008ba00000, 0x000000008bb00000, 0x000000008bb00000|100%|HC|  |TAMS 0x000000008bb00000, 0x000000008ba00000| Complete 
|  13|0x000000008bb00000, 0x000000008bc00000, 0x000000008bc00000|100%| O|  |TAMS 0x000000008bc00000, 0x000000008bb00000| Untracked 
|  14|0x000000008bc00000, 0x000000008bd00000, 0x000000008bd00000|100%| O|  |TAMS 0x000000008bd00000, 0x000000008bc00000| Untracked 
|  15|0x000000008bd00000, 0x000000008be00000, 0x000000008be00000|100%| O|  |TAMS 0x000000008be00000, 0x000000008bd00000| Untracked 
|  16|0x000000008be00000, 0x000000008bf00000, 0x000000008bf00000|100%| O|  |TAMS 0x000000008bf00000, 0x000000008be00000| Untracked 
|  17|0x000000008bf00000, 0x000000008c000000, 0x000000008c000000|100%| O|  |TAMS 0x000000008c000000, 0x000000008bf00000| Untracked 
|  18|0x000000008c000000, 0x000000008c100000, 0x000000008c100000|100%| O|  |TAMS 0x000000008c100000, 0x000000008c000000| Untracked 
|  19|0x000000008c100000, 0x000000008c200000, 0x000000008c200000|100%| O|  |TAMS 0x000000008c200000, 0x000000008c100000| Untracked 
|  20|0x000000008c200000, 0x000000008c300000, 0x000000008c300000|100%| O|  |TAMS 0x000000008c300000, 0x000000008c200000| Untracked 
|  21|0x000000008c300000, 0x000000008c400000, 0x000000008c400000|100%| O|  |TAMS 0x000000008c400000, 0x000000008c300000| Untracked 
|  22|0x000000008c400000, 0x000000008c500000, 0x000000008c500000|100%| O|  |TAMS 0x000000008c500000, 0x000000008c400000| Untracked 
|  23|0x000000008c500000, 0x000000008c600000, 0x000000008c600000|100%| O|  |TAMS 0x000000008c600000, 0x000000008c500000| Untracked 
|  24|0x000000008c600000, 0x000000008c600000, 0x000000008c700000|  0%| F|  |TAMS 0x000000008c600000, 0x000000008c600000| Untracked 
|  25|0x000000008c700000, 0x000000008c800000, 0x000000008c800000|100%| O|  |TAMS 0x000000008c800000, 0x000000008c700000| Untracked 
|  26|0x000000008c800000, 0x000000008c900000, 0x000000008c900000|100%| O|  |TAMS 0x000000008c900000, 0x000000008c800000| Untracked 
|  27|0x000000008c900000, 0x000000008ca00000, 0x000000008ca00000|100%| O|  |TAMS 0x000000008ca00000, 0x000000008c900000| Untracked 
|  28|0x000000008ca00000, 0x000000008cb00000, 0x000000008cb00000|100%| O|  |TAMS 0x000000008ca00000, 0x000000008ca00000| Untracked 
|  29|0x000000008cb00000, 0x000000008cc00000, 0x000000008cc00000|100%| O|  |TAMS 0x000000008cc00000, 0x000000008cb00000| Untracked 
|  30|0x000000008cc00000, 0x000000008cd00000, 0x000000008cd00000|100%| O|  |TAMS 0x000000008cd00000, 0x000000008cc00000| Untracked 
|  31|0x000000008cd00000, 0x000000008ce00000, 0x000000008ce00000|100%|HS|  |TAMS 0x000000008ce00000, 0x000000008cd00000| Complete 
|  32|0x000000008ce00000, 0x000000008cf00000, 0x000000008cf00000|100%|HC|  |TAMS 0x000000008cf00000, 0x000000008ce00000| Complete 
|  33|0x000000008cf00000, 0x000000008d000000, 0x000000008d000000|100%|HC|  |TAMS 0x000000008d000000, 0x000000008cf00000| Complete 
|  34|0x000000008d000000, 0x000000008d100000, 0x000000008d100000|100%|HC|  |TAMS 0x000000008d100000, 0x000000008d000000| Complete 
|  35|0x000000008d100000, 0x000000008d200000, 0x000000008d200000|100%|HC|  |TAMS 0x000000008d200000, 0x000000008d100000| Complete 
|  36|0x000000008d200000, 0x000000008d300000, 0x000000008d300000|100%|HC|  |TAMS 0x000000008d300000, 0x000000008d200000| Complete 
|  37|0x000000008d300000, 0x000000008d400000, 0x000000008d400000|100%|HS|  |TAMS 0x000000008d400000, 0x000000008d300000| Complete 
|  38|0x000000008d400000, 0x000000008d500000, 0x000000008d500000|100%| O|  |TAMS 0x000000008d500000, 0x000000008d400000| Untracked 
|  39|0x000000008d500000, 0x000000008d600000, 0x000000008d600000|100%| O|  |TAMS 0x000000008d600000, 0x000000008d500000| Untracked 
|  40|0x000000008d600000, 0x000000008d700000, 0x000000008d700000|100%| O|  |TAMS 0x000000008d700000, 0x000000008d600000| Untracked 
|  41|0x000000008d700000, 0x000000008d800000, 0x000000008d800000|100%| O|  |TAMS 0x000000008d800000, 0x000000008d700000| Untracked 
|  42|0x000000008d800000, 0x000000008d900000, 0x000000008d900000|100%| O|  |TAMS 0x000000008d900000, 0x000000008d800000| Untracked 
|  43|0x000000008d900000, 0x000000008da00000, 0x000000008da00000|100%| O|  |TAMS 0x000000008da00000, 0x000000008d900000| Untracked 
|  44|0x000000008da00000, 0x000000008db00000, 0x000000008db00000|100%| O|  |TAMS 0x000000008db00000, 0x000000008da00000| Untracked 
|  45|0x000000008db00000, 0x000000008dc00000, 0x000000008dc00000|100%| O|  |TAMS 0x000000008dc00000, 0x000000008db00000| Untracked 
|  46|0x000000008dc00000, 0x000000008dd00000, 0x000000008dd00000|100%| O|  |TAMS 0x000000008dd00000, 0x000000008dc00000| Untracked 
|  47|0x000000008dd00000, 0x000000008de00000, 0x000000008de00000|100%| O|  |TAMS 0x000000008de00000, 0x000000008dd00000| Untracked 
|  48|0x000000008de00000, 0x000000008df00000, 0x000000008df00000|100%| O|  |TAMS 0x000000008de00000, 0x000000008de00000| Untracked 
|  49|0x000000008df00000, 0x000000008e000000, 0x000000008e000000|100%| O|  |TAMS 0x000000008e000000, 0x000000008df00000| Untracked 
|  50|0x000000008e000000, 0x000000008e100000, 0x000000008e100000|100%| O|  |TAMS 0x000000008e100000, 0x000000008e000000| Untracked 
|  51|0x000000008e100000, 0x000000008e200000, 0x000000008e200000|100%| O|  |TAMS 0x000000008e200000, 0x000000008e100000| Untracked 
|  52|0x000000008e200000, 0x000000008e300000, 0x000000008e300000|100%| O|  |TAMS 0x000000008e300000, 0x000000008e200000| Untracked 
|  53|0x000000008e300000, 0x000000008e400000, 0x000000008e400000|100%| O|  |TAMS 0x000000008e400000, 0x000000008e300000| Untracked 
|  54|0x000000008e400000, 0x000000008e500000, 0x000000008e500000|100%| O|  |TAMS 0x000000008e500000, 0x000000008e400000| Untracked 
|  55|0x000000008e500000, 0x000000008e600000, 0x000000008e600000|100%| O|  |TAMS 0x000000008e600000, 0x000000008e500000| Untracked 
|  56|0x000000008e600000, 0x000000008e700000, 0x000000008e700000|100%| O|  |TAMS 0x000000008e700000, 0x000000008e600000| Untracked 
|  57|0x000000008e700000, 0x000000008e800000, 0x000000008e800000|100%| O|  |TAMS 0x000000008e800000, 0x000000008e700000| Untracked 
|  58|0x000000008e800000, 0x000000008e900000, 0x000000008e900000|100%| O|  |TAMS 0x000000008e900000, 0x000000008e800000| Untracked 
|  59|0x000000008e900000, 0x000000008ea00000, 0x000000008ea00000|100%| O|  |TAMS 0x000000008ea00000, 0x000000008e900000| Untracked 
|  60|0x000000008ea00000, 0x000000008eb00000, 0x000000008eb00000|100%| O|  |TAMS 0x000000008eb00000, 0x000000008ea00000| Untracked 
|  61|0x000000008eb00000, 0x000000008ec00000, 0x000000008ec00000|100%| O|  |TAMS 0x000000008ec00000, 0x000000008eb00000| Untracked 
|  62|0x000000008ec00000, 0x000000008ed00000, 0x000000008ed00000|100%| O|  |TAMS 0x000000008ed00000, 0x000000008ec00000| Untracked 
|  63|0x000000008ed00000, 0x000000008ee00000, 0x000000008ee00000|100%| O|  |TAMS 0x000000008ee00000, 0x000000008ed00000| Untracked 
|  64|0x000000008ee00000, 0x000000008ef00000, 0x000000008ef00000|100%| O|  |TAMS 0x000000008ef00000, 0x000000008ee00000| Untracked 
|  65|0x000000008ef00000, 0x000000008f000000, 0x000000008f000000|100%| O|  |TAMS 0x000000008f000000, 0x000000008ef00000| Untracked 
|  66|0x000000008f000000, 0x000000008f000000, 0x000000008f100000|  0%| F|  |TAMS 0x000000008f000000, 0x000000008f000000| Untracked 
|  67|0x000000008f100000, 0x000000008f200000, 0x000000008f200000|100%| O|  |TAMS 0x000000008f100000, 0x000000008f100000| Untracked 
|  68|0x000000008f200000, 0x000000008f300000, 0x000000008f300000|100%| O|  |TAMS 0x000000008f200000, 0x000000008f200000| Untracked 
|  69|0x000000008f300000, 0x000000008f400000, 0x000000008f400000|100%| O|  |TAMS 0x000000008f400000, 0x000000008f300000| Untracked 
|  70|0x000000008f400000, 0x000000008f500000, 0x000000008f500000|100%| O|  |TAMS 0x000000008f500000, 0x000000008f400000| Untracked 
|  71|0x000000008f500000, 0x000000008f600000, 0x000000008f600000|100%| O|  |TAMS 0x000000008f600000, 0x000000008f500000| Untracked 
|  72|0x000000008f600000, 0x000000008f700000, 0x000000008f700000|100%| O|  |TAMS 0x000000008f700000, 0x000000008f600000| Untracked 
|  73|0x000000008f700000, 0x000000008f800000, 0x000000008f800000|100%| O|  |TAMS 0x000000008f800000, 0x000000008f700000| Untracked 
|  74|0x000000008f800000, 0x000000008f900000, 0x000000008f900000|100%| O|  |TAMS 0x000000008f900000, 0x000000008f800000| Untracked 
|  75|0x000000008f900000, 0x000000008fa00000, 0x000000008fa00000|100%| O|  |TAMS 0x000000008fa00000, 0x000000008f900000| Untracked 
|  76|0x000000008fa00000, 0x000000008fb00000, 0x000000008fb00000|100%| O|  |TAMS 0x000000008fb00000, 0x000000008fa00000| Untracked 
|  77|0x000000008fb00000, 0x000000008fc00000, 0x000000008fc00000|100%| O|  |TAMS 0x000000008fc00000, 0x000000008fb00000| Untracked 
|  78|0x000000008fc00000, 0x000000008fd00000, 0x000000008fd00000|100%| O|  |TAMS 0x000000008fd00000, 0x000000008fc00000| Untracked 
|  79|0x000000008fd00000, 0x000000008fe00000, 0x000000008fe00000|100%| O|  |TAMS 0x000000008fe00000, 0x000000008fd00000| Untracked 
|  80|0x000000008fe00000, 0x000000008ff00000, 0x000000008ff00000|100%| O|  |TAMS 0x000000008ff00000, 0x000000008fe00000| Untracked 
|  81|0x000000008ff00000, 0x0000000090000000, 0x0000000090000000|100%| O|  |TAMS 0x0000000090000000, 0x000000008ff00000| Untracked 
|  82|0x0000000090000000, 0x0000000090000000, 0x0000000090100000|  0%| F|  |TAMS 0x0000000090000000, 0x0000000090000000| Untracked 
|  83|0x0000000090100000, 0x0000000090200000, 0x0000000090200000|100%| O|  |TAMS 0x0000000090200000, 0x0000000090100000| Untracked 
|  84|0x0000000090200000, 0x0000000090300000, 0x0000000090300000|100%| O|  |TAMS 0x0000000090300000, 0x0000000090200000| Untracked 
|  85|0x0000000090300000, 0x0000000090400000, 0x0000000090400000|100%| O|  |TAMS 0x0000000090400000, 0x0000000090300000| Untracked 
|  86|0x0000000090400000, 0x0000000090400000, 0x0000000090500000|  0%| F|  |TAMS 0x0000000090400000, 0x0000000090400000| Untracked 
|  87|0x0000000090500000, 0x0000000090500000, 0x0000000090600000|  0%| F|  |TAMS 0x0000000090500000, 0x0000000090500000| Untracked 
|  88|0x0000000090600000, 0x0000000090700000, 0x0000000090700000|100%| O|  |TAMS 0x0000000090700000, 0x0000000090600000| Untracked 
|  89|0x0000000090700000, 0x0000000090800000, 0x0000000090800000|100%| O|  |TAMS 0x0000000090800000, 0x0000000090700000| Untracked 
|  90|0x0000000090800000, 0x0000000090900000, 0x0000000090900000|100%| O|  |TAMS 0x0000000090900000, 0x0000000090800000| Untracked 
|  91|0x0000000090900000, 0x0000000090a00000, 0x0000000090a00000|100%| O|  |TAMS 0x0000000090a00000, 0x0000000090900000| Untracked 
|  92|0x0000000090a00000, 0x0000000090b00000, 0x0000000090b00000|100%| O|  |TAMS 0x0000000090b00000, 0x0000000090a00000| Untracked 
|  93|0x0000000090b00000, 0x0000000090b00000, 0x0000000090c00000|  0%| F|  |TAMS 0x0000000090b00000, 0x0000000090b00000| Untracked 
|  94|0x0000000090c00000, 0x0000000090d00000, 0x0000000090d00000|100%| O|  |TAMS 0x0000000090d00000, 0x0000000090c00000| Untracked 
|  95|0x0000000090d00000, 0x0000000090e00000, 0x0000000090e00000|100%| O|  |TAMS 0x0000000090d4fc00, 0x0000000090d00000| Untracked 
|  96|0x0000000090e00000, 0x0000000090f00000, 0x0000000090f00000|100%| O|  |TAMS 0x0000000090e00000, 0x0000000090e00000| Untracked 
|  97|0x0000000090f00000, 0x0000000091000000, 0x0000000091000000|100%| O|  |TAMS 0x0000000090f00000, 0x0000000090f00000| Untracked 
|  98|0x0000000091000000, 0x00000000910e8400, 0x0000000091100000| 90%| O|  |TAMS 0x0000000091000000, 0x0000000091000000| Untracked 
|  99|0x0000000091100000, 0x0000000091100000, 0x0000000091200000|  0%| F|  |TAMS 0x0000000091100000, 0x0000000091100000| Untracked 
| 100|0x0000000091200000, 0x0000000091200000, 0x0000000091300000|  0%| F|  |TAMS 0x0000000091200000, 0x0000000091200000| Untracked 
| 101|0x0000000091300000, 0x0000000091300000, 0x0000000091400000|  0%| F|  |TAMS 0x0000000091300000, 0x0000000091300000| Untracked 
| 102|0x0000000091400000, 0x0000000091400000, 0x0000000091500000|  0%| F|  |TAMS 0x0000000091400000, 0x0000000091400000| Untracked 
| 103|0x0000000091500000, 0x0000000091500000, 0x0000000091600000|  0%| F|  |TAMS 0x0000000091500000, 0x0000000091500000| Untracked 
| 104|0x0000000091600000, 0x0000000091600000, 0x0000000091700000|  0%| F|  |TAMS 0x0000000091600000, 0x0000000091600000| Untracked 
| 105|0x0000000091700000, 0x0000000091700000, 0x0000000091800000|  0%| F|  |TAMS 0x0000000091700000, 0x0000000091700000| Untracked 
| 106|0x0000000091800000, 0x0000000091800000, 0x0000000091900000|  0%| F|  |TAMS 0x0000000091800000, 0x0000000091800000| Untracked 
| 107|0x0000000091900000, 0x0000000091900000, 0x0000000091a00000|  0%| F|  |TAMS 0x0000000091900000, 0x0000000091900000| Untracked 
| 108|0x0000000091a00000, 0x0000000091a00000, 0x0000000091b00000|  0%| F|  |TAMS 0x0000000091a00000, 0x0000000091a00000| Untracked 
| 109|0x0000000091b00000, 0x0000000091b00000, 0x0000000091c00000|  0%| F|  |TAMS 0x0000000091b00000, 0x0000000091b00000| Untracked 
| 110|0x0000000091c00000, 0x0000000091c00000, 0x0000000091d00000|  0%| F|  |TAMS 0x0000000091c00000, 0x0000000091c00000| Untracked 
| 111|0x0000000091d00000, 0x0000000091d00000, 0x0000000091e00000|  0%| F|  |TAMS 0x0000000091d00000, 0x0000000091d00000| Untracked 
| 112|0x0000000091e00000, 0x0000000091e00000, 0x0000000091f00000|  0%| F|  |TAMS 0x0000000091e00000, 0x0000000091e00000| Untracked 
| 113|0x0000000091f00000, 0x0000000091f00000, 0x0000000092000000|  0%| F|  |TAMS 0x0000000091f00000, 0x0000000091f00000| Untracked 
| 114|0x0000000092000000, 0x0000000092000000, 0x0000000092100000|  0%| F|  |TAMS 0x0000000092000000, 0x0000000092000000| Untracked 
| 115|0x0000000092100000, 0x0000000092100000, 0x0000000092200000|  0%| F|  |TAMS 0x0000000092100000, 0x0000000092100000| Untracked 
| 116|0x0000000092200000, 0x0000000092200000, 0x0000000092300000|  0%| F|  |TAMS 0x0000000092200000, 0x0000000092200000| Untracked 
| 117|0x0000000092300000, 0x0000000092300000, 0x0000000092400000|  0%| F|  |TAMS 0x0000000092300000, 0x0000000092300000| Untracked 
| 118|0x0000000092400000, 0x0000000092400000, 0x0000000092500000|  0%| F|  |TAMS 0x0000000092400000, 0x0000000092400000| Untracked 
| 119|0x0000000092500000, 0x00000000925df0b0, 0x0000000092600000| 87%| S|CS|TAMS 0x0000000092500000, 0x0000000092500000| Complete 
| 120|0x0000000092600000, 0x0000000092700000, 0x0000000092700000|100%| S|CS|TAMS 0x0000000092600000, 0x0000000092600000| Complete 
| 121|0x0000000092700000, 0x0000000092800000, 0x0000000092800000|100%| S|CS|TAMS 0x0000000092700000, 0x0000000092700000| Complete 
| 122|0x0000000092800000, 0x0000000092900000, 0x0000000092900000|100%| S|CS|TAMS 0x0000000092800000, 0x0000000092800000| Complete 
| 123|0x0000000092900000, 0x0000000092900000, 0x0000000092a00000|  0%| F|  |TAMS 0x0000000092900000, 0x0000000092900000| Untracked 
| 124|0x0000000092a00000, 0x0000000092a00000, 0x0000000092b00000|  0%| F|  |TAMS 0x0000000092a00000, 0x0000000092a00000| Untracked 
| 125|0x0000000092b00000, 0x0000000092b00000, 0x0000000092c00000|  0%| F|  |TAMS 0x0000000092b00000, 0x0000000092b00000| Untracked 
| 126|0x0000000092c00000, 0x0000000092c00000, 0x0000000092d00000|  0%| F|  |TAMS 0x0000000092c00000, 0x0000000092c00000| Untracked 
| 127|0x0000000092d00000, 0x0000000092d00000, 0x0000000092e00000|  0%| F|  |TAMS 0x0000000092d00000, 0x0000000092d00000| Untracked 
| 128|0x0000000092e00000, 0x0000000092e00000, 0x0000000092f00000|  0%| F|  |TAMS 0x0000000092e00000, 0x0000000092e00000| Untracked 
| 129|0x0000000092f00000, 0x0000000092f00000, 0x0000000093000000|  0%| F|  |TAMS 0x0000000092f00000, 0x0000000092f00000| Untracked 
| 130|0x0000000093000000, 0x0000000093000000, 0x0000000093100000|  0%| F|  |TAMS 0x0000000093000000, 0x0000000093000000| Untracked 
| 131|0x0000000093100000, 0x0000000093100000, 0x0000000093200000|  0%| F|  |TAMS 0x0000000093100000, 0x0000000093100000| Untracked 
| 132|0x0000000093200000, 0x0000000093200000, 0x0000000093300000|  0%| F|  |TAMS 0x0000000093200000, 0x0000000093200000| Untracked 
| 133|0x0000000093300000, 0x0000000093300000, 0x0000000093400000|  0%| F|  |TAMS 0x0000000093300000, 0x0000000093300000| Untracked 
| 134|0x0000000093400000, 0x0000000093400000, 0x0000000093500000|  0%| F|  |TAMS 0x0000000093400000, 0x0000000093400000| Untracked 
| 135|0x0000000093500000, 0x0000000093500000, 0x0000000093600000|  0%| F|  |TAMS 0x0000000093500000, 0x0000000093500000| Untracked 
| 136|0x0000000093600000, 0x0000000093600000, 0x0000000093700000|  0%| F|  |TAMS 0x0000000093600000, 0x0000000093600000| Untracked 
| 137|0x0000000093700000, 0x0000000093700000, 0x0000000093800000|  0%| F|  |TAMS 0x0000000093700000, 0x0000000093700000| Untracked 
| 138|0x0000000093800000, 0x0000000093800000, 0x0000000093900000|  0%| F|  |TAMS 0x0000000093800000, 0x0000000093800000| Untracked 
| 139|0x0000000093900000, 0x0000000093900000, 0x0000000093a00000|  0%| F|  |TAMS 0x0000000093900000, 0x0000000093900000| Untracked 
| 140|0x0000000093a00000, 0x0000000093a00000, 0x0000000093b00000|  0%| F|  |TAMS 0x0000000093a00000, 0x0000000093a00000| Untracked 
| 141|0x0000000093b00000, 0x0000000093b00000, 0x0000000093c00000|  0%| F|  |TAMS 0x0000000093b00000, 0x0000000093b00000| Untracked 
| 142|0x0000000093c00000, 0x0000000093c00000, 0x0000000093d00000|  0%| F|  |TAMS 0x0000000093c00000, 0x0000000093c00000| Untracked 
| 143|0x0000000093d00000, 0x0000000093d00000, 0x0000000093e00000|  0%| F|  |TAMS 0x0000000093d00000, 0x0000000093d00000| Untracked 
| 144|0x0000000093e00000, 0x0000000093e00000, 0x0000000093f00000|  0%| F|  |TAMS 0x0000000093e00000, 0x0000000093e00000| Untracked 
| 145|0x0000000093f00000, 0x0000000093f00000, 0x0000000094000000|  0%| F|  |TAMS 0x0000000093f00000, 0x0000000093f00000| Untracked 
| 146|0x0000000094000000, 0x0000000094000000, 0x0000000094100000|  0%| F|  |TAMS 0x0000000094000000, 0x0000000094000000| Untracked 
| 147|0x0000000094100000, 0x0000000094100000, 0x0000000094200000|  0%| F|  |TAMS 0x0000000094100000, 0x0000000094100000| Untracked 
| 148|0x0000000094200000, 0x0000000094200000, 0x0000000094300000|  0%| F|  |TAMS 0x0000000094200000, 0x0000000094200000| Untracked 
| 149|0x0000000094300000, 0x0000000094300000, 0x0000000094400000|  0%| F|  |TAMS 0x0000000094300000, 0x0000000094300000| Untracked 
| 150|0x0000000094400000, 0x0000000094400000, 0x0000000094500000|  0%| F|  |TAMS 0x0000000094400000, 0x0000000094400000| Untracked 
| 151|0x0000000094500000, 0x0000000094500000, 0x0000000094600000|  0%| F|  |TAMS 0x0000000094500000, 0x0000000094500000| Untracked 
| 152|0x0000000094600000, 0x0000000094600000, 0x0000000094700000|  0%| F|  |TAMS 0x0000000094600000, 0x0000000094600000| Untracked 
| 153|0x0000000094700000, 0x0000000094700000, 0x0000000094800000|  0%| F|  |TAMS 0x0000000094700000, 0x0000000094700000| Untracked 
| 154|0x0000000094800000, 0x0000000094800000, 0x0000000094900000|  0%| F|  |TAMS 0x0000000094800000, 0x0000000094800000| Untracked 
| 155|0x0000000094900000, 0x0000000094900000, 0x0000000094a00000|  0%| F|  |TAMS 0x0000000094900000, 0x0000000094900000| Untracked 
| 156|0x0000000094a00000, 0x0000000094a00000, 0x0000000094b00000|  0%| F|  |TAMS 0x0000000094a00000, 0x0000000094a00000| Untracked 
| 157|0x0000000094b00000, 0x0000000094b00000, 0x0000000094c00000|  0%| F|  |TAMS 0x0000000094b00000, 0x0000000094b00000| Untracked 
| 158|0x0000000094c00000, 0x0000000094c00000, 0x0000000094d00000|  0%| F|  |TAMS 0x0000000094c00000, 0x0000000094c00000| Untracked 
| 159|0x0000000094d00000, 0x0000000094d00000, 0x0000000094e00000|  0%| F|  |TAMS 0x0000000094d00000, 0x0000000094d00000| Untracked 
| 160|0x0000000094e00000, 0x0000000094e00000, 0x0000000094f00000|  0%| F|  |TAMS 0x0000000094e00000, 0x0000000094e00000| Untracked 
| 161|0x0000000094f00000, 0x0000000094f00000, 0x0000000095000000|  0%| F|  |TAMS 0x0000000094f00000, 0x0000000094f00000| Untracked 
| 162|0x0000000095000000, 0x0000000095000000, 0x0000000095100000|  0%| F|  |TAMS 0x0000000095000000, 0x0000000095000000| Untracked 
| 163|0x0000000095100000, 0x0000000095100000, 0x0000000095200000|  0%| F|  |TAMS 0x0000000095100000, 0x0000000095100000| Untracked 
| 164|0x0000000095200000, 0x0000000095200000, 0x0000000095300000|  0%| F|  |TAMS 0x0000000095200000, 0x0000000095200000| Untracked 
| 165|0x0000000095300000, 0x0000000095300000, 0x0000000095400000|  0%| F|  |TAMS 0x0000000095300000, 0x0000000095300000| Untracked 
| 166|0x0000000095400000, 0x0000000095400000, 0x0000000095500000|  0%| F|  |TAMS 0x0000000095400000, 0x0000000095400000| Untracked 
| 167|0x0000000095500000, 0x0000000095500000, 0x0000000095600000|  0%| F|  |TAMS 0x0000000095500000, 0x0000000095500000| Untracked 
| 168|0x0000000095600000, 0x0000000095600000, 0x0000000095700000|  0%| F|  |TAMS 0x0000000095600000, 0x0000000095600000| Untracked 
| 169|0x0000000095700000, 0x0000000095700000, 0x0000000095800000|  0%| F|  |TAMS 0x0000000095700000, 0x0000000095700000| Untracked 
| 170|0x0000000095800000, 0x0000000095800000, 0x0000000095900000|  0%| F|  |TAMS 0x0000000095800000, 0x0000000095800000| Untracked 
| 171|0x0000000095900000, 0x0000000095900000, 0x0000000095a00000|  0%| F|  |TAMS 0x0000000095900000, 0x0000000095900000| Untracked 
| 172|0x0000000095a00000, 0x0000000095a00000, 0x0000000095b00000|  0%| F|  |TAMS 0x0000000095a00000, 0x0000000095a00000| Untracked 
| 173|0x0000000095b00000, 0x0000000095b00000, 0x0000000095c00000|  0%| F|  |TAMS 0x0000000095b00000, 0x0000000095b00000| Untracked 
| 174|0x0000000095c00000, 0x0000000095c00000, 0x0000000095d00000|  0%| F|  |TAMS 0x0000000095c00000, 0x0000000095c00000| Untracked 
| 175|0x0000000095d00000, 0x0000000095d00000, 0x0000000095e00000|  0%| F|  |TAMS 0x0000000095d00000, 0x0000000095d00000| Untracked 
| 176|0x0000000095e00000, 0x0000000095e00000, 0x0000000095f00000|  0%| F|  |TAMS 0x0000000095e00000, 0x0000000095e00000| Untracked 
| 177|0x0000000095f00000, 0x0000000095f00000, 0x0000000096000000|  0%| F|  |TAMS 0x0000000095f00000, 0x0000000095f00000| Untracked 
| 178|0x0000000096000000, 0x0000000096000000, 0x0000000096100000|  0%| F|  |TAMS 0x0000000096000000, 0x0000000096000000| Untracked 
| 179|0x0000000096100000, 0x0000000096100000, 0x0000000096200000|  0%| F|  |TAMS 0x0000000096100000, 0x0000000096100000| Untracked 
| 180|0x0000000096200000, 0x0000000096200000, 0x0000000096300000|  0%| F|  |TAMS 0x0000000096200000, 0x0000000096200000| Untracked 
| 181|0x0000000096300000, 0x0000000096300000, 0x0000000096400000|  0%| F|  |TAMS 0x0000000096300000, 0x0000000096300000| Untracked 
| 182|0x0000000096400000, 0x0000000096400000, 0x0000000096500000|  0%| F|  |TAMS 0x0000000096400000, 0x0000000096400000| Untracked 
| 183|0x0000000096500000, 0x0000000096500000, 0x0000000096600000|  0%| F|  |TAMS 0x0000000096500000, 0x0000000096500000| Untracked 
| 184|0x0000000096600000, 0x0000000096600000, 0x0000000096700000|  0%| F|  |TAMS 0x0000000096600000, 0x0000000096600000| Untracked 
| 185|0x0000000096700000, 0x0000000096700000, 0x0000000096800000|  0%| F|  |TAMS 0x0000000096700000, 0x0000000096700000| Untracked 
| 186|0x0000000096800000, 0x0000000096800000, 0x0000000096900000|  0%| F|  |TAMS 0x0000000096800000, 0x0000000096800000| Untracked 
| 187|0x0000000096900000, 0x0000000096900000, 0x0000000096a00000|  0%| F|  |TAMS 0x0000000096900000, 0x0000000096900000| Untracked 
| 188|0x0000000096a00000, 0x0000000096a00000, 0x0000000096b00000|  0%| F|  |TAMS 0x0000000096a00000, 0x0000000096a00000| Untracked 
| 189|0x0000000096b00000, 0x0000000096b00000, 0x0000000096c00000|  0%| F|  |TAMS 0x0000000096b00000, 0x0000000096b00000| Untracked 
| 190|0x0000000096c00000, 0x0000000096c00000, 0x0000000096d00000|  0%| F|  |TAMS 0x0000000096c00000, 0x0000000096c00000| Untracked 
| 191|0x0000000096d00000, 0x0000000096d00000, 0x0000000096e00000|  0%| F|  |TAMS 0x0000000096d00000, 0x0000000096d00000| Untracked 
| 192|0x0000000096e00000, 0x0000000096e00000, 0x0000000096f00000|  0%| F|  |TAMS 0x0000000096e00000, 0x0000000096e00000| Untracked 
| 193|0x0000000096f00000, 0x0000000096f00000, 0x0000000097000000|  0%| F|  |TAMS 0x0000000096f00000, 0x0000000096f00000| Untracked 
| 194|0x0000000097000000, 0x0000000097000000, 0x0000000097100000|  0%| F|  |TAMS 0x0000000097000000, 0x0000000097000000| Untracked 
| 195|0x0000000097100000, 0x0000000097180800, 0x0000000097200000| 50%| E|  |TAMS 0x0000000097100000, 0x0000000097100000| Complete 
| 196|0x0000000097200000, 0x0000000097300000, 0x0000000097300000|100%| E|CS|TAMS 0x0000000097200000, 0x0000000097200000| Complete 
| 197|0x0000000097300000, 0x0000000097400000, 0x0000000097400000|100%| E|CS|TAMS 0x0000000097300000, 0x0000000097300000| Complete 
| 198|0x0000000097400000, 0x0000000097500000, 0x0000000097500000|100%| E|CS|TAMS 0x0000000097400000, 0x0000000097400000| Complete 
| 199|0x0000000097500000, 0x0000000097600000, 0x0000000097600000|100%| E|CS|TAMS 0x0000000097500000, 0x0000000097500000| Complete 
| 200|0x0000000097600000, 0x0000000097700000, 0x0000000097700000|100%| E|CS|TAMS 0x0000000097600000, 0x0000000097600000| Complete 
| 201|0x0000000097700000, 0x0000000097800000, 0x0000000097800000|100%| E|CS|TAMS 0x0000000097700000, 0x0000000097700000| Complete 
| 202|0x0000000097800000, 0x0000000097900000, 0x0000000097900000|100%| E|CS|TAMS 0x0000000097800000, 0x0000000097800000| Complete 
| 203|0x0000000097900000, 0x0000000097a00000, 0x0000000097a00000|100%| E|CS|TAMS 0x0000000097900000, 0x0000000097900000| Complete 
| 204|0x0000000097a00000, 0x0000000097b00000, 0x0000000097b00000|100%| E|CS|TAMS 0x0000000097a00000, 0x0000000097a00000| Complete 
| 205|0x0000000097b00000, 0x0000000097c00000, 0x0000000097c00000|100%| E|CS|TAMS 0x0000000097b00000, 0x0000000097b00000| Complete 
| 206|0x0000000097c00000, 0x0000000097d00000, 0x0000000097d00000|100%| E|CS|TAMS 0x0000000097c00000, 0x0000000097c00000| Complete 
| 207|0x0000000097d00000, 0x0000000097e00000, 0x0000000097e00000|100%| E|CS|TAMS 0x0000000097d00000, 0x0000000097d00000| Complete 
| 208|0x0000000097e00000, 0x0000000097f00000, 0x0000000097f00000|100%| E|CS|TAMS 0x0000000097e00000, 0x0000000097e00000| Complete 

Card table byte_map: [0x000001e5d4420000,0x000001e5d47d0000] _byte_map_base: 0x000001e5d3fc9000

Marking Bits (Prev, Next): (CMBitMap*) 0x000001e5c1365050, (CMBitMap*) 0x000001e5c1365010
 Prev Bits: [0x000001e5d68d0000, 0x000001e5d8618000)
 Next Bits: [0x000001e5d4b80000, 0x000001e5d68c8000)

Polling page: 0x000001e5c0ad0000

Metaspace:

Usage:
  Non-class:     78.35 MB used.
      Class:      9.06 MB used.
       Both:     87.41 MB used.

Virtual space:
  Non-class space:      128.00 MB reserved,      78.56 MB ( 61%) committed,  2 nodes.
      Class space:        1.00 GB reserved,       9.25 MB ( <1%) committed,  1 nodes.
             Both:        1.12 GB reserved,      87.81 MB (  8%) committed. 

Chunk freelists:
   Non-Class:  1.44 MB
       Class:  6.79 MB
        Both:  8.22 MB

MaxMetaspaceSize: unlimited
CompressedClassSpaceSize: 1.00 GB
Initial GC threshold: 21.00 MB
Current GC threshold: 136.38 MB
CDS: off
MetaspaceReclaimPolicy: balanced
 - commit_granule_bytes: 65536.
 - commit_granule_words: 8192.
 - virtual_space_node_default_size: 8388608.
 - enlarge_chunks_in_place: 1.
 - new_chunks_are_fully_committed: 0.
 - uncommit_free_chunks: 1.
 - use_allocation_guard: 0.
 - handle_deallocations: 1.


Internal statistics:

num_allocs_failed_limit: 3.
num_arena_births: 542.
num_arena_deaths: 0.
num_vsnodes_births: 3.
num_vsnodes_deaths: 0.
num_space_committed: 1403.
num_space_uncommitted: 0.
num_chunks_returned_to_freelist: 3.
num_chunks_taken_from_freelist: 3621.
num_chunk_merges: 3.
num_chunk_splits: 2822.
num_chunks_enlarged: 2435.
num_inconsistent_stats: 0.

CodeHeap 'non-profiled nmethods': size=119168Kb used=5801Kb max_used=5977Kb free=113366Kb
 bounds [0x000001e5cc390000, 0x000001e5cc970000, 0x000001e5d37f0000]
CodeHeap 'profiled nmethods': size=119104Kb used=47282Kb max_used=48346Kb free=71821Kb
 bounds [0x000001e5c47f0000, 0x000001e5c7740000, 0x000001e5cbc40000]
CodeHeap 'non-nmethods': size=7488Kb used=3130Kb max_used=3192Kb free=4357Kb
 bounds [0x000001e5cbc40000, 0x000001e5cbf70000, 0x000001e5cc390000]
 total_blobs=18032 nmethods=17259 adapters=675
 compilation: enabled
              stopped_count=0, restarted_count=0
 full_count=0

Compilation events (20 events):
Event: 23.679 Thread 0x000001e5e0257940 19801       2       org.jetbrains.kotlin.codegen.inline.MethodInliner$doInline$lambdaInliner$1::visitMethodInsn (1742 bytes)
Event: 23.679 Thread 0x000001e5db81b9b0 19802       2       org.jetbrains.kotlin.codegen.inline.SourcePosition::equals (68 bytes)
Event: 23.680 Thread 0x000001e5db81b9b0 nmethod 19802 0x000001e5c6823990 code [0x000001e5c6823b60, 0x000001e5c6823eb8]
Event: 23.685 Thread 0x000001e5db81b9b0 19803 %     3       org.jetbrains.kotlin.codegen.inline.MethodInliner$Companion::processReturns @ 35 (325 bytes)
Event: 23.688 Thread 0x000001e5db81b9b0 nmethod 19803% 0x000001e5c6692210 code [0x000001e5c6692780, 0x000001e5c6695828]
Event: 23.694 Thread 0x000001e5e0257940 nmethod 19801 0x000001e5c7726a90 code [0x000001e5c7727b60, 0x000001e5c772d848]
Event: 23.699 Thread 0x000001e5db81b9b0 19804       2       org.jetbrains.kotlin.codegen.optimization.fixStack.FixStackAnalyzer$FixStackFrame::executeAfterInlineCallMarker (109 bytes)
Event: 23.700 Thread 0x000001e5db81b9b0 nmethod 19804 0x000001e5c548d510 code [0x000001e5c548d7a0, 0x000001e5c548de98]
Event: 23.705 Thread 0x000001e5e0257420 19806 %     3       org.jetbrains.kotlin.codegen.inline.MethodInliner::removeFakeVariablesInitializationIfPresent @ 21 (352 bytes)
Event: 23.709 Thread 0x000001e5e0257420 nmethod 19806% 0x000001e5c5680310 code [0x000001e5c5680960, 0x000001e5c5684428]
Event: 23.719 Thread 0x000001e5e0257420 19807       2       org.jetbrains.kotlin.codegen.inline.InlineScopeUtilsKt::getInlineScopeInfo (197 bytes)
Event: 23.721 Thread 0x000001e5e0257420 nmethod 19807 0x000001e5c62f1c10 code [0x000001e5c62f2020, 0x000001e5c62f32b8]
Event: 23.733 Thread 0x000001e5db998450 19810       2       org.jetbrains.kotlin.codegen.optimization.common.OptimizationBasicInterpreter::merge (203 bytes)
Event: 23.734 Thread 0x000001e5db998450 nmethod 19810 0x000001e5c4d68410 code [0x000001e5c4d686a0, 0x000001e5c4d68bb8]
Event: 23.735 Thread 0x000001e5e0257940 19811       2       org.jetbrains.kotlin.codegen.coroutines.UninitializedStoresProcessor$UninitializedNewValueMarkerInterpreter::checkUninitializedObjectCopy (95 bytes)
Event: 23.736 Thread 0x000001e5e0257940 nmethod 19811 0x000001e5c60f6490 code [0x000001e5c60f6760, 0x000001e5c60f6f28]
Event: 23.765 Thread 0x000001e5e0257940 19819       2       org.jetbrains.kotlin.codegen.optimization.boxing.RedundantBoxingMethodTransformer::getValuesStoredOrLoadedToVariable (252 bytes)
Event: 23.768 Thread 0x000001e5e0257940 nmethod 19819 0x000001e5c49f7990 code [0x000001e5c49f7d00, 0x000001e5c49f8e18]
Event: 23.768 Thread 0x000001e5e0257940 19820 %     3       org.jetbrains.kotlin.codegen.optimization.boxing.RedundantBoxingMethodTransformer::getValuesStoredOrLoadedToVariable @ 100 (252 bytes)
Event: 23.771 Thread 0x000001e5e0257940 nmethod 19820% 0x000001e5c5ad6410 code [0x000001e5c5ad6920, 0x000001e5c5ad9798]

GC Heap History (20 events):
Event: 12.861 GC heap before
{Heap before GC invocations=20 (full 0):
 garbage-first heap   total 178176K, used 134668K [0x000000008ae00000, 0x0000000100000000)
  region size 1024K, 74 young (75776K), 9 survivors (9216K)
 Metaspace       used 63526K, committed 63936K, reserved 1114112K
  class space    used 7168K, committed 7360K, reserved 1048576K
}
Event: 12.886 GC heap after
{Heap after GC invocations=21 (full 0):
 garbage-first heap   total 178176K, used 75777K [0x000000008ae00000, 0x0000000100000000)
  region size 1024K, 9 young (9216K), 9 survivors (9216K)
 Metaspace       used 63526K, committed 63936K, reserved 1114112K
  class space    used 7168K, committed 7360K, reserved 1048576K
}
Event: 14.624 GC heap before
{Heap before GC invocations=21 (full 0):
 garbage-first heap   total 178176K, used 138241K [0x000000008ae00000, 0x0000000100000000)
  region size 1024K, 68 young (69632K), 9 survivors (9216K)
 Metaspace       used 64355K, committed 64704K, reserved 1114112K
  class space    used 7216K, committed 7360K, reserved 1048576K
}
Event: 14.645 GC heap after
{Heap after GC invocations=22 (full 0):
 garbage-first heap   total 178176K, used 84371K [0x000000008ae00000, 0x0000000100000000)
  region size 1024K, 7 young (7168K), 7 survivors (7168K)
 Metaspace       used 64355K, committed 64704K, reserved 1114112K
  class space    used 7216K, committed 7360K, reserved 1048576K
}
Event: 16.415 GC heap before
{Heap before GC invocations=22 (full 0):
 garbage-first heap   total 178176K, used 138643K [0x000000008ae00000, 0x0000000100000000)
  region size 1024K, 60 young (61440K), 7 survivors (7168K)
 Metaspace       used 65117K, committed 65472K, reserved 1114112K
  class space    used 7279K, committed 7424K, reserved 1048576K
}
Event: 16.431 GC heap after
{Heap after GC invocations=23 (full 0):
 garbage-first heap   total 178176K, used 89769K [0x000000008ae00000, 0x0000000100000000)
  region size 1024K, 5 young (5120K), 5 survivors (5120K)
 Metaspace       used 65117K, committed 65472K, reserved 1114112K
  class space    used 7279K, committed 7424K, reserved 1048576K
}
Event: 17.503 GC heap before
{Heap before GC invocations=23 (full 0):
 garbage-first heap   total 178176K, used 141993K [0x000000008ae00000, 0x0000000100000000)
  region size 1024K, 56 young (57344K), 5 survivors (5120K)
 Metaspace       used 66547K, committed 66944K, reserved 1114112K
  class space    used 7399K, committed 7552K, reserved 1048576K
}
Event: 17.515 GC heap after
{Heap after GC invocations=24 (full 0):
 garbage-first heap   total 178176K, used 93061K [0x000000008ae00000, 0x0000000100000000)
  region size 1024K, 4 young (4096K), 4 survivors (4096K)
 Metaspace       used 66547K, committed 66944K, reserved 1114112K
  class space    used 7399K, committed 7552K, reserved 1048576K
}
Event: 19.092 GC heap before
{Heap before GC invocations=25 (full 0):
 garbage-first heap   total 178176K, used 144261K [0x000000008ae00000, 0x0000000100000000)
  region size 1024K, 54 young (55296K), 4 survivors (4096K)
 Metaspace       used 73559K, committed 73984K, reserved 1179648K
  class space    used 8084K, committed 8256K, reserved 1048576K
}
Event: 19.107 GC heap after
{Heap after GC invocations=26 (full 0):
 garbage-first heap   total 178176K, used 96868K [0x000000008ae00000, 0x0000000100000000)
  region size 1024K, 7 young (7168K), 7 survivors (7168K)
 Metaspace       used 73559K, committed 73984K, reserved 1179648K
  class space    used 8084K, committed 8256K, reserved 1048576K
}
Event: 19.160 GC heap before
{Heap before GC invocations=26 (full 0):
 garbage-first heap   total 178176K, used 97892K [0x000000008ae00000, 0x0000000100000000)
  region size 1024K, 8 young (8192K), 7 survivors (7168K)
 Metaspace       used 73796K, committed 74240K, reserved 1179648K
  class space    used 8120K, committed 8320K, reserved 1048576K
}
Event: 19.170 GC heap after
{Heap after GC invocations=27 (full 0):
 garbage-first heap   total 178176K, used 96575K [0x000000008ae00000, 0x0000000100000000)
  region size 1024K, 1 young (1024K), 1 survivors (1024K)
 Metaspace       used 73796K, committed 74240K, reserved 1179648K
  class space    used 8120K, committed 8320K, reserved 1048576K
}
Event: 21.164 GC heap before
{Heap before GC invocations=27 (full 0):
 garbage-first heap   total 178176K, used 144703K [0x000000008ae00000, 0x0000000100000000)
  region size 1024K, 49 young (50176K), 1 survivors (1024K)
 Metaspace       used 83222K, committed 83648K, reserved 1179648K
  class space    used 8838K, committed 9024K, reserved 1048576K
}
Event: 21.173 GC heap after
{Heap after GC invocations=28 (full 0):
 garbage-first heap   total 178176K, used 99084K [0x000000008ae00000, 0x0000000100000000)
  region size 1024K, 4 young (4096K), 4 survivors (4096K)
 Metaspace       used 83222K, committed 83648K, reserved 1179648K
  class space    used 8838K, committed 9024K, reserved 1048576K
}
Event: 22.592 GC heap before
{Heap before GC invocations=29 (full 0):
 garbage-first heap   total 178176K, used 144140K [0x000000008ae00000, 0x0000000100000000)
  region size 1024K, 50 young (51200K), 4 survivors (4096K)
 Metaspace       used 88604K, committed 89024K, reserved 1179648K
  class space    used 9245K, committed 9408K, reserved 1048576K
}
Event: 22.604 GC heap after
{Heap after GC invocations=30 (full 0):
 garbage-first heap   total 178176K, used 100376K [0x000000008ae00000, 0x0000000100000000)
  region size 1024K, 7 young (7168K), 7 survivors (7168K)
 Metaspace       used 88604K, committed 89024K, reserved 1179648K
  class space    used 9245K, committed 9408K, reserved 1048576K
}
Event: 22.620 GC heap before
{Heap before GC invocations=30 (full 0):
 garbage-first heap   total 178176K, used 101400K [0x000000008ae00000, 0x0000000100000000)
  region size 1024K, 8 young (8192K), 7 survivors (7168K)
 Metaspace       used 88612K, committed 89024K, reserved 1179648K
  class space    used 9245K, committed 9408K, reserved 1048576K
}
Event: 22.639 GC heap after
{Heap after GC invocations=31 (full 0):
 garbage-first heap   total 178176K, used 95978K [0x000000008ae00000, 0x0000000100000000)
  region size 1024K, 1 young (1024K), 1 survivors (1024K)
 Metaspace       used 88612K, committed 89024K, reserved 1179648K
  class space    used 9245K, committed 9408K, reserved 1048576K
}
Event: 23.632 GC heap before
{Heap before GC invocations=31 (full 0):
 garbage-first heap   total 178176K, used 147178K [0x000000008ae00000, 0x0000000100000000)
  region size 1024K, 51 young (52224K), 1 survivors (1024K)
 Metaspace       used 89477K, committed 89920K, reserved 1179648K
  class space    used 9272K, committed 9472K, reserved 1048576K
}
Event: 23.644 GC heap after
{Heap after GC invocations=32 (full 0):
 garbage-first heap   total 214016K, used 99101K [0x000000008ae00000, 0x0000000100000000)
  region size 1024K, 4 young (4096K), 4 survivors (4096K)
 Metaspace       used 89477K, committed 89920K, reserved 1179648K
  class space    used 9272K, committed 9472K, reserved 1048576K
}

Dll operation events (2 events):
Event: 0.006 Loaded shared library C:\Program Files\Android\Android Studio\jbr\bin\java.dll
Event: 1.718 Loaded shared library C:\Program Files\Android\Android Studio\jbr\bin\verify.dll

Deoptimization events (20 events):
Event: 22.371 Thread 0x000001e5c130d440 Uncommon trap: trap_request=0xffffff45 fr.pc=0x000001e5cc912a28 relative=0x00000000000035e8
Event: 22.371 Thread 0x000001e5c130d440 Uncommon trap: reason=unstable_if action=reinterpret pc=0x000001e5cc912a28 method=org.jetbrains.kotlin.codegen.optimization.common.FastAnalyzer.analyzeInstruction(Lorg/jetbrains/org/objectweb/asm/tree/AbstractInsnNode;ILorg/jetbrains/org/objectweb/asm/tre
Event: 22.371 Thread 0x000001e5c130d440 DEOPT PACKING pc=0x000001e5cc912a28 sp=0x000000ddbeafca80
Event: 22.371 Thread 0x000001e5c130d440 DEOPT UNPACKING pc=0x000001e5cbc969a3 sp=0x000000ddbeafca18 mode 2
Event: 22.814 Thread 0x000001e5c130d440 DEOPT PACKING pc=0x000001e5c73cdb1c sp=0x000000ddbeafd530
Event: 22.814 Thread 0x000001e5c130d440 DEOPT UNPACKING pc=0x000001e5cbc97143 sp=0x000000ddbeafca78 mode 0
Event: 22.827 Thread 0x000001e5c130d440 DEOPT PACKING pc=0x000001e5c751165e sp=0x000000ddbeafd630
Event: 22.827 Thread 0x000001e5c130d440 DEOPT UNPACKING pc=0x000001e5cbc97143 sp=0x000000ddbeafcbe0 mode 0
Event: 23.524 Thread 0x000001e5c130d440 Uncommon trap: trap_request=0xffffff45 fr.pc=0x000001e5cc93358c relative=0x0000000000007a6c
Event: 23.524 Thread 0x000001e5c130d440 Uncommon trap: reason=unstable_if action=reinterpret pc=0x000001e5cc93358c method=org.jetbrains.org.objectweb.asm.ClassReader.accept(Lorg/jetbrains/org/objectweb/asm/ClassVisitor;[Lorg/jetbrains/org/objectweb/asm/Attribute;I)V @ 269 c2
Event: 23.524 Thread 0x000001e5c130d440 DEOPT PACKING pc=0x000001e5cc93358c sp=0x000000ddbeafa530
Event: 23.524 Thread 0x000001e5c130d440 DEOPT UNPACKING pc=0x000001e5cbc969a3 sp=0x000000ddbeafa548 mode 2
Event: 23.673 Thread 0x000001e5c130d440 Uncommon trap: trap_request=0xffffff45 fr.pc=0x000001e5cc94f284 relative=0x0000000000007064
Event: 23.673 Thread 0x000001e5c130d440 Uncommon trap: reason=unstable_if action=reinterpret pc=0x000001e5cc94f284 method=org.jetbrains.kotlin.codegen.optimization.common.FastAnalyzer.fastMergeControlFlowEdge(ILorg/jetbrains/org/objectweb/asm/tree/analysis/Frame;Z)V @ 29 c2
Event: 23.673 Thread 0x000001e5c130d440 DEOPT PACKING pc=0x000001e5cc94f284 sp=0x000000ddbeafb850
Event: 23.673 Thread 0x000001e5c130d440 DEOPT UNPACKING pc=0x000001e5cbc969a3 sp=0x000000ddbeafb628 mode 2
Event: 23.732 Thread 0x000001e5c130d440 Uncommon trap: trap_request=0xffffff45 fr.pc=0x000001e5cc964bc0 relative=0x00000000000005c0
Event: 23.732 Thread 0x000001e5c130d440 Uncommon trap: reason=unstable_if action=reinterpret pc=0x000001e5cc964bc0 method=org.jetbrains.kotlin.codegen.optimization.common.OptimizationBasicInterpreter.merge(Lorg/jetbrains/org/objectweb/asm/tree/analysis/BasicValue;Lorg/jetbrains/org/objectweb/as
Event: 23.732 Thread 0x000001e5c130d440 DEOPT PACKING pc=0x000001e5cc964bc0 sp=0x000000ddbeafd430
Event: 23.732 Thread 0x000001e5c130d440 DEOPT UNPACKING pc=0x000001e5cbc969a3 sp=0x000000ddbeafd3f8 mode 2

Classes unloaded (0 events):
No events

Classes redefined (0 events):
No events

Internal exceptions (20 events):
Event: 18.261 Thread 0x000001e5c130d440 Exception <a 'java/lang/NoSuchMethodError'{0x00000000941c1f28}: 'java.lang.Object java.lang.invoke.DirectMethodHandle$Holder.newInvokeSpecial(java.lang.Object, java.lang.Object, java.lang.Object, int, int, java.lang.Object, java.lang.Object)'> (0x00000000941c1f28) 
thrown [s\src\hotspot\share\interpreter\linkResolver.cpp, line 771]
Event: 18.262 Thread 0x000001e5c130d440 Exception <a 'java/lang/NoSuchMethodError'{0x00000000941c9c08}: 'java.lang.Object java.lang.invoke.Invokers$Holder.linkToTargetMethod(java.lang.Object, java.lang.Object, int, int, java.lang.Object, java.lang.Object, java.lang.Object)'> (0x00000000941c9c08) 
thrown [s\src\hotspot\share\interpreter\linkResolver.cpp, line 771]
Event: 18.271 Thread 0x000001e5c130d440 Exception <a 'java/lang/NoSuchMethodError'{0x000000009400fef8}: 'java.lang.Object java.lang.invoke.DirectMethodHandle$Holder.newInvokeSpecial(java.lang.Object, java.lang.Object, java.lang.Object, int, int, java.lang.Object, java.lang.Object, java.lang.Object, java.lang.Object)'> (0x000000009400fef8) 
thrown [s\src\hotspot\share\interpreter\linkResolver.cpp, line 771]
Event: 18.272 Thread 0x000001e5c130d440 Exception <a 'java/lang/NoSuchMethodError'{0x00000000940197a0}: 'java.lang.Object java.lang.invoke.Invokers$Holder.linkToTargetMethod(java.lang.Object, java.lang.Object, int, int, java.lang.Object, java.lang.Object, java.lang.Object, java.lang.Object, java.lang.Object)'> (0x00000000940197a0) 
thrown [s\src\hotspot\share\interpreter\linkResolver.cpp, line 771]
Event: 18.452 Thread 0x000001e5c130d440 Exception <a 'java/lang/NoSuchMethodError'{0x0000000093b9df60}: 'java.lang.Object java.lang.invoke.DirectMethodHandle$Holder.invokeStatic(java.lang.Object, java.lang.Object, java.lang.Object, int, int, java.lang.Object, java.lang.Object, java.lang.Object)'> (0x0000000093b9df60) 
thrown [s\src\hotspot\share\interpreter\linkResolver.cpp, line 771]
Event: 18.453 Thread 0x000001e5c130d440 Exception <a 'java/lang/NoSuchMethodError'{0x0000000093ba6bf8}: 'java.lang.Object java.lang.invoke.DirectMethodHandle$Holder.newInvokeSpecial(java.lang.Object, java.lang.Object, java.lang.Object, int, int)'> (0x0000000093ba6bf8) 
thrown [s\src\hotspot\share\interpreter\linkResolver.cpp, line 771]
Event: 18.453 Thread 0x000001e5c130d440 Exception <a 'java/lang/NoSuchMethodError'{0x0000000093baaa38}: 'java.lang.Object java.lang.invoke.DirectMethodHandle$Holder.invokeSpecial(java.lang.Object, java.lang.Object, java.lang.Object, java.lang.Object, int, int)'> (0x0000000093baaa38) 
thrown [s\src\hotspot\share\interpreter\linkResolver.cpp, line 771]
Event: 18.454 Thread 0x000001e5c130d440 Exception <a 'java/lang/NoSuchMethodError'{0x0000000093bae478}: 'java.lang.Object java.lang.invoke.Invokers$Holder.linkToTargetMethod(java.lang.Object, java.lang.Object, int, int, java.lang.Object)'> (0x0000000093bae478) 
thrown [s\src\hotspot\share\interpreter\linkResolver.cpp, line 771]
Event: 18.537 Thread 0x000001e5c130d440 Exception <a 'java/lang/NoSuchMethodError'{0x0000000093924598}: 'java.lang.Object java.lang.invoke.DirectMethodHandle$Holder.newInvokeSpecial(java.lang.Object, int, int, java.lang.Object, java.lang.Object, java.lang.Object, java.lang.Object, java.lang.Object)'> (0x0000000093924598) 
thrown [s\src\hotspot\share\interpreter\linkResolver.cpp, line 771]
Event: 18.538 Thread 0x000001e5c130d440 Exception <a 'java/lang/NoSuchMethodError'{0x0000000093929778}: 'java.lang.Object java.lang.invoke.DirectMethodHandle$Holder.invokeSpecial(java.lang.Object, java.lang.Object, int, int, java.lang.Object, java.lang.Object, java.lang.Object, java.lang.Object, java.lang.Object)'> (0x0000000093929778) 
thrown [s\src\hotspot\share\interpreter\linkResolver.cpp, line 771]
Event: 19.756 Thread 0x000001e5c130d440 Exception <a 'java/lang/NoSuchMethodError'{0x0000000094911758}: 'java.lang.Object java.lang.invoke.DirectMethodHandle$Holder.invokeStatic(java.lang.Object, java.lang.Object, int, java.lang.Object, java.lang.Object)'> (0x0000000094911758) 
thrown [s\src\hotspot\share\interpreter\linkResolver.cpp, line 771]
Event: 21.665 Thread 0x000001e5c130d440 Exception <a 'java/lang/NoSuchMethodError'{0x0000000094c79f30}: 'java.lang.Object java.lang.invoke.DirectMethodHandle$Holder.invokeStatic(java.lang.Object, int, int)'> (0x0000000094c79f30) 
thrown [s\src\hotspot\share\interpreter\linkResolver.cpp, line 771]
Event: 21.723 Thread 0x000001e5c130d440 Exception <a 'java/lang/NoSuchMethodError'{0x0000000094a8c648}: 'java.lang.Object java.lang.invoke.DirectMethodHandle$Holder.invokeStatic(java.lang.Object, java.lang.Object, int, int)'> (0x0000000094a8c648) 
thrown [s\src\hotspot\share\interpreter\linkResolver.cpp, line 771]
Event: 22.371 Thread 0x000001e5c130d440 Implicit null exception at 0x000001e5cc90fd98 to 0x000001e5cc912a0c
Event: 22.454 Thread 0x000001e5c130d440 Exception <a 'java/lang/NoSuchMethodError'{0x00000000935a54e8}: 'java.lang.Object java.lang.invoke.DirectMethodHandle$Holder.invokeStatic(java.lang.Object, java.lang.Object, java.lang.Object, java.lang.Object, java.lang.Object, int)'> (0x00000000935a54e8) 
thrown [s\src\hotspot\share\interpreter\linkResolver.cpp, line 771]
Event: 22.456 Thread 0x000001e5c130d440 Exception <a 'java/lang/NoSuchMethodError'{0x00000000935aec28}: 'java.lang.Object java.lang.invoke.DirectMethodHandle$Holder.newInvokeSpecial(java.lang.Object, java.lang.Object, java.lang.Object, java.lang.Object, java.lang.Object, int)'> (0x00000000935aec28) 
thrown [s\src\hotspot\share\interpreter\linkResolver.cpp, line 771]
Event: 22.456 Thread 0x000001e5c130d440 Exception <a 'java/lang/NoSuchMethodError'{0x00000000935b2ce8}: 'java.lang.Object java.lang.invoke.Invokers$Holder.linkToTargetMethod(java.lang.Object, java.lang.Object, java.lang.Object, java.lang.Object, int, java.lang.Object)'> (0x00000000935b2ce8) 
thrown [s\src\hotspot\share\interpreter\linkResolver.cpp, line 771]
Event: 22.888 Thread 0x000001e5c130d440 Exception <a 'java/lang/NoSuchMethodError'{0x0000000094eac9a8}: 'java.lang.Object java.lang.invoke.DirectMethodHandle$Holder.newInvokeSpecial(java.lang.Object, java.lang.Object, java.lang.Object, int, java.lang.Object)'> (0x0000000094eac9a8) 
thrown [s\src\hotspot\share\interpreter\linkResolver.cpp, line 771]
Event: 22.889 Thread 0x000001e5c130d440 Exception <a 'java/lang/NoSuchMethodError'{0x0000000094eb0b58}: 'java.lang.Object java.lang.invoke.DirectMethodHandle$Holder.invokeSpecial(java.lang.Object, java.lang.Object, java.lang.Object, java.lang.Object, int, java.lang.Object)'> (0x0000000094eb0b58) 
thrown [s\src\hotspot\share\interpreter\linkResolver.cpp, line 771]
Event: 22.889 Thread 0x000001e5c130d440 Exception <a 'java/lang/NoSuchMethodError'{0x0000000094eb4358}: 'java.lang.Object java.lang.invoke.Invokers$Holder.linkToTargetMethod(java.lang.Object, java.lang.Object, int, java.lang.Object, java.lang.Object)'> (0x0000000094eb4358) 
thrown [s\src\hotspot\share\interpreter\linkResolver.cpp, line 771]

VM Operations (20 events):
Event: 22.620 Executing VM operation: G1CollectForAllocation
Event: 22.639 Executing VM operation: G1CollectForAllocation done
Event: 22.814 Executing VM operation: HandshakeAllThreads
Event: 22.814 Executing VM operation: HandshakeAllThreads done
Event: 23.032 Executing VM operation: ICBufferFull
Event: 23.033 Executing VM operation: ICBufferFull done
Event: 23.411 Executing VM operation: ICBufferFull
Event: 23.411 Executing VM operation: ICBufferFull done
Event: 23.498 Executing VM operation: HandshakeAllThreads
Event: 23.498 Executing VM operation: HandshakeAllThreads done
Event: 23.524 Executing VM operation: HandshakeAllThreads
Event: 23.524 Executing VM operation: HandshakeAllThreads done
Event: 23.529 Executing VM operation: HandshakeAllThreads
Event: 23.529 Executing VM operation: HandshakeAllThreads done
Event: 23.531 Executing VM operation: HandshakeAllThreads
Event: 23.531 Executing VM operation: HandshakeAllThreads done
Event: 23.596 Executing VM operation: G1CollectForAllocation
Event: 23.644 Executing VM operation: G1CollectForAllocation done
Event: 23.673 Executing VM operation: HandshakeAllThreads
Event: 23.673 Executing VM operation: HandshakeAllThreads done

Events (20 events):
Event: 23.725 Thread 0x000001e5db81c3b0 flushing nmethod 0x000001e5c6809390
Event: 23.725 Thread 0x000001e5db81c3b0 flushing nmethod 0x000001e5c6809e90
Event: 23.725 Thread 0x000001e5db81c3b0 flushing nmethod 0x000001e5c680c710
Event: 23.725 Thread 0x000001e5db81c3b0 flushing nmethod 0x000001e5c683da10
Event: 23.725 Thread 0x000001e5db81c3b0 flushing nmethod 0x000001e5c683ee90
Event: 23.725 Thread 0x000001e5db81c3b0 flushing nmethod 0x000001e5c6847610
Event: 23.726 Thread 0x000001e5db81c3b0 flushing nmethod 0x000001e5c686de10
Event: 23.726 Thread 0x000001e5db81c3b0 flushing nmethod 0x000001e5c6891f90
Event: 23.726 Thread 0x000001e5db81c3b0 flushing nmethod 0x000001e5c6894e90
Event: 23.726 Thread 0x000001e5db81c3b0 flushing nmethod 0x000001e5c68aa010
Event: 23.728 Thread 0x000001e5db81c3b0 flushing nmethod 0x000001e5c69a7810
Event: 23.729 Thread 0x000001e5db81c3b0 flushing nmethod 0x000001e5c6a93310
Event: 23.729 Thread 0x000001e5db81c3b0 flushing nmethod 0x000001e5c6a9c890
Event: 23.729 Thread 0x000001e5db81c3b0 flushing nmethod 0x000001e5c6a9ce10
Event: 23.729 Thread 0x000001e5db81c3b0 flushing nmethod 0x000001e5c6a9dd10
Event: 23.729 Thread 0x000001e5db81c3b0 flushing nmethod 0x000001e5c6aa0c10
Event: 23.729 Thread 0x000001e5db81c3b0 flushing nmethod 0x000001e5c6aa5010
Event: 23.729 Thread 0x000001e5db81c3b0 flushing nmethod 0x000001e5c6ab1610
Event: 23.729 Thread 0x000001e5db81c3b0 flushing nmethod 0x000001e5c6ada490
Event: 23.729 Thread 0x000001e5db81c3b0 flushing nmethod 0x000001e5c6adf610


Dynamic libraries:
0x00007ff6039a0000 - 0x00007ff6039aa000 	C:\Program Files\Android\Android Studio\jbr\bin\java.exe
0x00007ffc26100000 - 0x00007ffc26309000 	C:\Windows\SYSTEM32\ntdll.dll
0x00007ffc24db0000 - 0x00007ffc24e6d000 	C:\Windows\System32\KERNEL32.DLL
0x00007ffc23720000 - 0x00007ffc23aa4000 	C:\Windows\System32\KERNELBASE.dll
0x00007ffc23ba0000 - 0x00007ffc23cb1000 	C:\Windows\System32\ucrtbase.dll
0x00007ffc0c3e0000 - 0x00007ffc0c3f7000 	C:\Program Files\Android\Android Studio\jbr\bin\jli.dll
0x00007ffc0d7d0000 - 0x00007ffc0d7eb000 	C:\Program Files\Android\Android Studio\jbr\bin\VCRUNTIME140.dll
0x00007ffc24eb0000 - 0x00007ffc2505d000 	C:\Windows\System32\USER32.dll
0x00007ffc23b70000 - 0x00007ffc23b96000 	C:\Windows\System32\win32u.dll
0x00007ffc0a4c0000 - 0x00007ffc0a765000 	C:\Windows\WinSxS\amd64_microsoft.windows.common-controls_6595b64144ccf1df_6.0.22000.120_none_9d947278b86cc467\COMCTL32.dll
0x00007ffc25ba0000 - 0x00007ffc25bca000 	C:\Windows\System32\GDI32.dll
0x00007ffc25950000 - 0x00007ffc259f3000 	C:\Windows\System32\msvcrt.dll
0x00007ffc23600000 - 0x00007ffc2371e000 	C:\Windows\System32\gdi32full.dll
0x00007ffc23e30000 - 0x00007ffc23ecd000 	C:\Windows\System32\msvcp_win.dll
0x00007ffc24e70000 - 0x00007ffc24ea1000 	C:\Windows\System32\IMM32.DLL
0x00007ffc1fb50000 - 0x00007ffc1fb5c000 	C:\Program Files\Android\Android Studio\jbr\bin\vcruntime140_1.dll
0x00007ffbdde30000 - 0x00007ffbddebd000 	C:\Program Files\Android\Android Studio\jbr\bin\msvcp140.dll
0x00007ffb2a7c0000 - 0x00007ffb2b443000 	C:\Program Files\Android\Android Studio\jbr\bin\server\jvm.dll
0x00007ffc258a0000 - 0x00007ffc2594e000 	C:\Windows\System32\ADVAPI32.dll
0x00007ffc250d0000 - 0x00007ffc2516e000 	C:\Windows\System32\sechost.dll
0x00007ffc24910000 - 0x00007ffc24a31000 	C:\Windows\System32\RPCRT4.dll
0x00007ffc22ea0000 - 0x00007ffc22eed000 	C:\Windows\SYSTEM32\POWRPROF.dll
0x00007ffc1bf80000 - 0x00007ffc1bfb3000 	C:\Windows\SYSTEM32\WINMM.dll
0x00007ffc04b40000 - 0x00007ffc04b49000 	C:\Windows\SYSTEM32\WSOCK32.dll
0x00007ffc25060000 - 0x00007ffc250cf000 	C:\Windows\System32\WS2_32.dll
0x00007ffc1b5d0000 - 0x00007ffc1b5da000 	C:\Windows\SYSTEM32\VERSION.dll
0x00007ffc22e80000 - 0x00007ffc22e93000 	C:\Windows\SYSTEM32\UMPDC.dll
0x00007ffc225c0000 - 0x00007ffc225d8000 	C:\Windows\SYSTEM32\kernel.appcore.dll
0x00007ffc1f3a0000 - 0x00007ffc1f3aa000 	C:\Program Files\Android\Android Studio\jbr\bin\jimage.dll
0x00007ffc20d60000 - 0x00007ffc20f81000 	C:\Windows\SYSTEM32\DBGHELP.DLL
0x00007ffc07590000 - 0x00007ffc075c1000 	C:\Windows\SYSTEM32\dbgcore.DLL
0x00007ffc23ed0000 - 0x00007ffc23f4f000 	C:\Windows\System32\bcryptPrimitives.dll
0x00007ffc09220000 - 0x00007ffc09245000 	C:\Program Files\Android\Android Studio\jbr\bin\java.dll
0x00007ffc09200000 - 0x00007ffc09218000 	C:\Program Files\Android\Android Studio\jbr\bin\zip.dll
0x00007ffc23f50000 - 0x00007ffc24715000 	C:\Windows\System32\SHELL32.dll
0x00007ffc21620000 - 0x00007ffc21e82000 	C:\Windows\SYSTEM32\windows.storage.dll
0x00007ffc25bd0000 - 0x00007ffc25f46000 	C:\Windows\System32\combase.dll
0x00007ffc214b0000 - 0x00007ffc21617000 	C:\Windows\SYSTEM32\wintypes.dll
0x00007ffc25f50000 - 0x00007ffc2603a000 	C:\Windows\System32\SHCORE.dll
0x00007ffc24830000 - 0x00007ffc2488d000 	C:\Windows\System32\shlwapi.dll
0x00007ffc234c0000 - 0x00007ffc234e5000 	C:\Windows\SYSTEM32\profapi.dll
0x00007ffc08760000 - 0x00007ffc08779000 	C:\Program Files\Android\Android Studio\jbr\bin\net.dll
0x00007ffc1e610000 - 0x00007ffc1e724000 	C:\Windows\SYSTEM32\WINHTTP.dll
0x00007ffc22a60000 - 0x00007ffc22ac7000 	C:\Windows\system32\mswsock.dll
0x00007ffc06510000 - 0x00007ffc06526000 	C:\Program Files\Android\Android Studio\jbr\bin\nio.dll
0x00007ffc08750000 - 0x00007ffc08760000 	C:\Program Files\Android\Android Studio\jbr\bin\verify.dll

dbghelp: loaded successfully - version: 4.0.5 - missing functions: none
symbol engine: initialized successfully - sym options: 0x614 - pdb path: .;C:\Program Files\Android\Android Studio\jbr\bin;C:\Windows\SYSTEM32;C:\Windows\WinSxS\amd64_microsoft.windows.common-controls_6595b64144ccf1df_6.0.22000.120_none_9d947278b86cc467;C:\Program Files\Android\Android Studio\jbr\bin\server

VM Arguments:
java_command: org.jetbrains.kotlin.cli.jvm.K2JVMCompiler @C:\src\flutter\packages\flutter_tools\gradle\build\20260518_6104663551549776863.compiler.options
java_class_path (initial): C:\Users\HP PROBOOK\.gradle\caches\modules-2\files-2.1\org.jetbrains.kotlin\kotlin-compiler-embeddable\2.0.21\79346ed53db48b18312a472602eb5c057070c54d\kotlin-compiler-embeddable-2.0.21.jar;C:\Users\HP PROBOOK\.gradle\caches\modules-2\files-2.1\org.jetbrains.kotlin\kotlin-stdlib\2.0.21\618b539767b4899b4660a83006e052b63f1db551\kotlin-stdlib-2.0.21.jar;C:\Users\HP PROBOOK\.gradle\caches\modules-2\files-2.1\org.jetbrains.kotlin\kotlin-script-runtime\2.0.21\c9b044380ad41f89aa89aa896c2d32a8c0b2129d\kotlin-script-runtime-2.0.21.jar;C:\Users\HP PROBOOK\.gradle\caches\modules-2\files-2.1\org.jetbrains.kotlin\kotlin-reflect\1.6.10\1cbe9c92c12a94eea200d23c2bbaedaf3daf5132\kotlin-reflect-1.6.10.jar;C:\Users\HP PROBOOK\.gradle\caches\modules-2\files-2.1\org.jetbrains.kotlin\kotlin-daemon-embeddable\2.0.21\c9e933b23287de9b5a17e2116b4657bb91aea72c\kotlin-daemon-embeddable-2.0.21.jar;C:\Users\HP PROBOOK\.gradle\caches\modules-2\files-2.1\org.jetbrains.intellij.deps\trove4j\1.0.20200330\3afb14d5f9ceb459d724e907a21145e8ff394f02\trove4j-1.0.20200330.jar;C:\Users\HP PROBOOK\.gradle\caches\modules-2\files-2.1\org.jetbrains.kotlinx\kotlinx-coroutines-core-jvm\1.6.4\2c997cd1c0ef33f3e751d3831929aeff1390cb30\kotlinx-coroutines-core-jvm-1.6.4.jar;C:\Users\HP PROBOOK\.gradle\caches\modules-2\files-2.1\org.jetbrains\annotations\13.0\919f0dfe192fb4e063e7dacadee7f8bb9a2672a9\annotations-13.0.jar
Launcher Type: SUN_STANDARD

[Global flags]
     intx CICompilerCount                          = 12                                        {product} {ergonomic}
     uint ConcGCThreads                            = 3                                         {product} {ergonomic}
     uint G1ConcRefinementThreads                  = 13                                        {product} {ergonomic}
   size_t G1HeapRegionSize                         = 1048576                                   {product} {ergonomic}
    uintx GCDrainStackTargetSize                   = 64                                        {product} {ergonomic}
   size_t InitialHeapSize                          = 123731968                                 {product} {ergonomic}
   size_t MarkStackSize                            = 4194304                                   {product} {ergonomic}
   size_t MaxHeapSize                              = 1965031424                                {product} {ergonomic}
   size_t MaxNewSize                               = 1178599424                                {product} {ergonomic}
   size_t MinHeapDeltaBytes                        = 1048576                                   {product} {ergonomic}
   size_t MinHeapSize                              = 8388608                                   {product} {ergonomic}
    uintx NonNMethodCodeHeapSize                   = 7602480                                {pd product} {ergonomic}
    uintx NonProfiledCodeHeapSize                  = 122027880                              {pd product} {ergonomic}
    uintx ProfiledCodeHeapSize                     = 122027880                              {pd product} {ergonomic}
    uintx ReservedCodeCacheSize                    = 251658240                              {pd product} {ergonomic}
     bool SegmentedCodeCache                       = true                                      {product} {ergonomic}
   size_t SoftMaxHeapSize                          = 1965031424                             {manageable} {ergonomic}
     bool UseCompressedClassPointers               = true                           {product lp64_product} {ergonomic}
     bool UseCompressedOops                        = true                           {product lp64_product} {ergonomic}
     bool UseG1GC                                  = true                                      {product} {ergonomic}
     bool UseLargePagesIndividualAllocation        = false                                  {pd product} {ergonomic}

Logging:
Log output configuration:
 #0: stdout all=warning uptime,level,tags
 #1: stderr all=off uptime,level,tags

Environment Variables:
JAVA_HOME=C:\Program Files\Android\Android Studio\jbr
CLASSPATH=C:\Users\HP PROBOOK\Desktop\smartcalm\android\\gradle\wrapper\gradle-wrapper.jar
PATH=C:\Program Files\Android\Android Studio\jbr\bin;C:\Users\HP PROBOOK\AppData\Local\Programs\Microsoft VS Code;C:\OracelDB\bin;C:\Program Files\Java\jdk-21.0.10\bin;C:\Windows\system32;C:\Windows;C:\Windows\System32\Wbem;C:\Windows\System32\WindowsPowerShell\v1.0\;C:\Windows\System32\OpenSSH\;C:\Program Files\Git\cmd;C:\Program Files\Git\mingw64\bin;C:\Program Files\Git\usr\bin;C:\Program Files\dotnet\;C:\Program Files\MATLAB\R2024b\bin;c:\Users\HP PROBOOK\Desktop\cursor\resources\app\bin;C:\Users\HP PROBOOK\AppData\Local\Programs\Eclipse Adoptium\jdk-25.0.2.10-hotspot\bin;C:\Users\HP PROBOOK\AppData\Local\Microsoft\WindowsApps;C:\src\flutter\bin;C:\Program Files\Android\Android Studio\bin;C:\Users\HP PROBOOK\AppData\Local\Programs\Microsoft VS Code\bin;C:\Users\HP PROBOOK\AppData\Local\Muse Hub\lib;C:\Users\HP PROBOOK\AppData\Local\Packages\PythonSoftwareFoundation.Python.3.13_qbz5n2kfra8p0\LocalCache\local-packages\Python313\Scripts;C:\Users\HP PROBOOK\Downloads\Redis-x64-3.2.100;C:\Users\HP PROBOOK\Desktop\cursor\resources\app\bin;C:\Users\HP PROBOOK\AppData\Local\Programs\cursor\resources\app\bin;C:\Users\HP PROBOOK\AppData\Local\Programs\Eclipse Adoptium\jdk-25.0.2.10-hotspot\bin;C:\Users\HP PROBOOK\AppData\Local\Microsoft\WindowsApps;C:\src\flutter\bin;C:\Program Files\Android\Android Studio\bin;C:\Users\HP PROBOOK\AppData\Local\Programs\Microsoft VS Code\bin;C:\Users\HP PROBOOK\AppData\Local\Muse Hub\lib;C:\Users\HP PROBOOK\AppData\Local\Packages\PythonSoftwareFoundation.Python.3.13_qbz5n2kfra8p0\LocalCache\local-packages\Python313\Scripts;C:\Users\HP PROBOOK\Downloads\Redis-x64-3.2.100;C:\Users\HP PROBOOK\Desktop\cursor\resources\app\bin;C:\Users\HP PROBOOK\AppData\Local\Programs\cursor\resources\app\bin;C:\Program Files\Java\latest\jdk-21\bin;;C:\src\flutter\bin\mingit\cmd;C:\src\flutter\bin\mingit\cmd
USERNAME=HP PROBOOK
OS=Windows_NT
PROCESSOR_IDENTIFIER=AMD64 Family 25 Model 80 Stepping 0, AuthenticAMD
TMP=C:\Users\HPPROB~1\AppData\Local\Temp
TEMP=C:\Users\HPPROB~1\AppData\Local\Temp



Periodic native trim disabled

JNI global refs:
JNI global refs: 18, weak refs: 92

JNI global refs memory usage: 843, weak refs: 1473

Process memory usage:
Resident Set Size: 393752K (5% of 7668804K total physical memory with 60112K free physical memory)

OOME stack traces (most recent first):
Classloader memory used:
Loader jdk.internal.loader.ClassLoaders$AppClassLoader                                 : 9576K
Loader bootstrap                                                                       : 1465K
Loader java.net.URLClassLoader                                                         : 74843B
Loader jdk.internal.jrtfs.JrtFileSystemProvider$JrtFsLoader                            : 42799B
Loader jdk.internal.reflect.DelegatingClassLoader                                      : 22517B
Loader jdk.internal.loader.ClassLoaders$PlatformClassLoader                            : 9113B

Classes loaded by more than one classloader:
Class jdk.internal.jimage.BasicImageReader$1                                          : loaded 2 times (x 75B)
Class jdk.internal.jimage.ImageBufferCache$1                                          : loaded 2 times (x 78B)
Class jdk.internal.jimage.ImageBufferCache$2                                          : loaded 2 times (x 89B)
Class jdk.internal.jimage.ImageReader$SharedImageReader                               : loaded 2 times (x 93B)
Class jdk.internal.jimage.decompressor.ZipDecompressorFactory                         : loaded 2 times (x 72B)
Class jdk.internal.jimage.ImageHeader                                                 : loaded 2 times (x 69B)
Class jdk.internal.jimage.decompressor.StringSharingDecompressorFactory               : loaded 2 times (x 72B)
Class jdk.internal.jimage.BasicImageReader                                            : loaded 2 times (x 93B)
Class jdk.internal.jimage.ImageLocation                                               : loaded 2 times (x 88B)
Class jdk.internal.jimage.ImageReader$Node                                            : loaded 2 times (x 82B)
Class jdk.internal.jimage.decompressor.CompressedResourceHeader                       : loaded 2 times (x 69B)
Class jdk.internal.jrtfs.JrtPath                                                      : loaded 2 times (x 116B)
Class jdk.internal.jimage.ImageStrings                                                : loaded 2 times (x 68B)
Class jdk.internal.jimage.decompressor.ResourceDecompressorRepository                 : loaded 2 times (x 69B)
Class jdk.internal.jimage.decompressor.ResourceDecompressor$StringsProvider           : loaded 2 times (x 68B)
Class jdk.internal.jimage.decompressor.Decompressor                                   : loaded 2 times (x 70B)
Class jdk.internal.jrtfs.JrtFileSystem                                                : loaded 2 times (x 100B)
Class jdk.internal.jrtfs.JrtFileSystemProvider                                        : loaded 2 times (x 97B)
Class jdk.internal.jimage.decompressor.ResourceDecompressor                           : loaded 2 times (x 68B)
Class jdk.internal.jimage.ImageStringsReader                                          : loaded 2 times (x 78B)
Class jdk.internal.jimage.decompressor.ResourceDecompressorFactory                    : loaded 2 times (x 72B)
Class jdk.internal.jimage.decompressor.ZipDecompressor                                : loaded 2 times (x 73B)
Class jdk.internal.jimage.ImageReader                                                 : loaded 2 times (x 73B)
Class jdk.internal.jimage.ImageBufferCache                                            : loaded 2 times (x 69B)
Class jdk.internal.jimage.ImageReader$Directory                                       : loaded 2 times (x 82B)


---------------  S Y S T E M  ---------------

OS:
 Windows 11 , 64 bit Build 22000 (10.0.22000.2538)
OS uptime: 2 days 16:36 hours
Hyper-V role detected

CPU: total 16 (initial active 16) (16 cores per cpu, 2 threads per core) family 25 model 80 stepping 0 microcode 0x0, cx8, cmov, fxsr, ht, mmx, 3dnowpref, sse, sse2, sse3, ssse3, sse4a, sse4.1, sse4.2, popcnt, lzcnt, tsc, tscinvbit, avx, avx2, aes, erms, clmul, bmi1, bmi2, adx, sha, fma, vzeroupper, clflush, clflushopt, hv
Processor Information for processor 0
  Max Mhz: 2000, Current Mhz: 1808, Mhz Limit: 2000
Processor Information for processor 1
  Max Mhz: 2000, Current Mhz: 2000, Mhz Limit: 2000
Processor Information for processor 2
  Max Mhz: 2000, Current Mhz: 2000, Mhz Limit: 2000
Processor Information for processor 3
  Max Mhz: 2000, Current Mhz: 2000, Mhz Limit: 2000
Processor Information for processor 4
  Max Mhz: 2000, Current Mhz: 1808, Mhz Limit: 2000
Processor Information for processor 5
  Max Mhz: 2000, Current Mhz: 2000, Mhz Limit: 2000
Processor Information for processor 6
  Max Mhz: 2000, Current Mhz: 2000, Mhz Limit: 2000
Processor Information for processor 7
  Max Mhz: 2000, Current Mhz: 2000, Mhz Limit: 2000
Processor Information for processor 8
  Max Mhz: 2000, Current Mhz: 1808, Mhz Limit: 2000
Processor Information for processor 9
  Max Mhz: 2000, Current Mhz: 1808, Mhz Limit: 2000
Processor Information for processor 10
  Max Mhz: 2000, Current Mhz: 2000, Mhz Limit: 2000
Processor Information for processor 11
  Max Mhz: 2000, Current Mhz: 2000, Mhz Limit: 2000
Processor Information for processor 12
  Max Mhz: 2000, Current Mhz: 2000, Mhz Limit: 2000
Processor Information for processor 13
  Max Mhz: 2000, Current Mhz: 1808, Mhz Limit: 2000
Processor Information for processor 14
  Max Mhz: 2000, Current Mhz: 2000, Mhz Limit: 2000
Processor Information for processor 15
  Max Mhz: 2000, Current Mhz: 2000, Mhz Limit: 2000

Memory: 4k page, system-wide physical 7489M (56M free)
TotalPageFile size 30017M (AvailPageFile size 10M)
current process WorkingSet (physical memory assigned to process): 383M, peak: 391M
current process commit charge ("private bytes"): 504M, peak: 507M

vm_info: OpenJDK 64-Bit Server VM (17.0.11+0--11852314) for windows-amd64 JRE (17.0.11+0--11852314), built on May 16 2024 21:29:20 by "androidbuild" with MS VC++ 16.10 / 16.11 (VS2019)

END.
