#
# There is insufficient memory for the Java Runtime Environment to continue.
# Native memory allocation (mmap) failed to map 109051904 bytes. Error detail: G1 virtual space
# Possible reasons:
#   The system is out of physical RAM or swap space
#   This process is running with CompressedOops enabled, and the Java Heap may be blocking the growth of the native heap
# Possible solutions:
#   Reduce memory load on the system
#   Increase physical memory or swap space
#   Check if swap backing store is full
#   Decrease Java heap size (-Xmx/-Xms)
#   Decrease number of Java threads
#   Decrease Java thread stack sizes (-Xss)
#   Set larger code cache with -XX:ReservedCodeCacheSize=
#   JVM is running with Zero Based Compressed Oops mode in which the Java heap is
#     placed in the first 32GB address space. The Java Heap base address is the
#     maximum limit for the native heap growth. Please use -XX:HeapBaseMinAddress
#     to set the Java Heap base and to place the Java Heap above 32GB virtual address.
# This output file may be truncated or incomplete.
#
#  Out of Memory Error (os_windows.cpp:3825), pid=21300, tid=28224
#
# JRE version: OpenJDK Runtime Environment (17.0.11) (build 17.0.11+0--11852314)
# Java VM: OpenJDK 64-Bit Server VM (17.0.11+0--11852314, mixed mode, tiered, compressed oops, compressed class ptrs, g1 gc, windows-amd64)
# No core dump will be written. Minidumps are not enabled by default on client versions of Windows
#

---------------  S U M M A R Y ------------

Command Line: --add-opens=java.base/java.lang=ALL-UNNAMED --add-opens=java.base/java.lang.invoke=ALL-UNNAMED --add-opens=java.base/java.util=ALL-UNNAMED --add-opens=java.prefs/java.util.prefs=ALL-UNNAMED --add-exports=jdk.compiler/com.sun.tools.javac.api=ALL-UNNAMED --add-exports=jdk.compiler/com.sun.tools.javac.util=ALL-UNNAMED --add-opens=java.base/java.util=ALL-UNNAMED --add-opens=java.prefs/java.util.prefs=ALL-UNNAMED --add-opens=java.base/java.nio.charset=ALL-UNNAMED --add-opens=java.base/java.net=ALL-UNNAMED --add-opens=java.base/java.util.concurrent.atomic=ALL-UNNAMED --add-opens=java.xml/javax.xml.namespace=ALL-UNNAMED -XX:MaxMetaspaceSize=4G -XX:ReservedCodeCacheSize=512m -XX:+HeapDumpOnOutOfMemoryError -Xmx8G -Dfile.encoding=windows-1256 -Duser.country=US -Duser.language=en -Duser.variant -javaagent:C:\Users\HP PROBOOK\.gradle\wrapper\dists\gradle-8.14-all\c2qonpi39x1mddn7hk5gh9iqj\gradle-8.14\lib\agents\gradle-instrumentation-agent-8.14.jar org.gradle.launcher.daemon.bootstrap.GradleDaemon 8.14

Host: AMD Ryzen 7 5825U with Radeon Graphics         , 16 cores, 7G,  Windows 11 , 64 bit Build 22000 (10.0.22000.2538)
Time: Fri May 15 19:16:58 2026 Jordan Standard Time elapsed time: 7.286341 seconds (0d 0h 0m 7s)

---------------  T H R E A D  ---------------

Current thread (0x000001bbaaa15010):  VMThread "VM Thread" [stack: 0x0000004f62e00000,0x0000004f62f00000] [id=28224]

Stack: [0x0000004f62e00000,0x0000004f62f00000]
Native frames: (J=compiled Java code, j=interpreted, Vv=VM code, C=native code)
V  [jvm.dll+0x687bb9]
V  [jvm.dll+0x84142a]
V  [jvm.dll+0x8430ae]
V  [jvm.dll+0x843713]
V  [jvm.dll+0x24a35f]
V  [jvm.dll+0x684989]
V  [jvm.dll+0x67923a]
V  [jvm.dll+0x30af0b]
V  [jvm.dll+0x3123b6]
V  [jvm.dll+0x361dfe]
V  [jvm.dll+0x36202f]
V  [jvm.dll+0x2e0d38]
V  [jvm.dll+0x2df144]
V  [jvm.dll+0x2de74c]
V  [jvm.dll+0x32305b]
V  [jvm.dll+0x847e0b]
V  [jvm.dll+0x848b42]
V  [jvm.dll+0x84905d]
V  [jvm.dll+0x849434]
V  [jvm.dll+0x849500]
V  [jvm.dll+0x7efa4a]
V  [jvm.dll+0x686a35]
C  [ucrtbase.dll+0x26c0c]
C  [KERNEL32.DLL+0x153e0]
C  [ntdll.dll+0x485b]

VM_Operation (0x0000004f649ebdf0): G1CollectForAllocation, mode: safepoint, requested by thread 0x000001bbb072bba0


---------------  P R O C E S S  ---------------

Threads class SMR info:
_java_thread_list=0x000001bbb3933d70, length=82, elements={
0x000001bbf07b08c0, 0x000001bbaa9fb720, 0x000001bbaa9fe000, 0x000001bbaaa44420,
0x000001bbaaa44cf0, 0x000001bbaaa455c0, 0x000001bbaaa45e90, 0x000001bbaaa46b40,
0x000001bbaaa48240, 0x000001bbaaa6d2d0, 0x000001bbaabc7010, 0x000001bbaab52a80,
0x000001bbaad56cc0, 0x000001bbb072b690, 0x000001bbb072c5c0, 0x000001bbb072a760,
0x000001bbb072b180, 0x000001bbb0729320, 0x000001bbb0729d40, 0x000001bbb072bba0,
0x000001bbb072c0b0, 0x000001bbb072cad0, 0x000001bbb072a250, 0x000001bbb0729830,
0x000001bbb072ac70, 0x000001bbb085fe90, 0x000001bbb08617e0, 0x000001bbb08603a0,
0x000001bbb0862c20, 0x000001bbb08608b0, 0x000001bbb0862200, 0x000001bbb085f980,
0x000001bbb0860dc0, 0x000001bbb0862710, 0x000001bbb3250ab0, 0x000001bbb324b4a0,
0x000001bbb3249b50, 0x000001bbb324e230, 0x000001bbb324f670, 0x000001bbb324b9b0,
0x000001bbb3250090, 0x000001bbb324af90, 0x000001bbb32505a0, 0x000001bbb324f160,
0x000001bbb3250fc0, 0x000001bbb324e740, 0x000001bbb324a570, 0x000001bbb324c8e0,
0x000001bbb32514d0, 0x000001bbb324fb80, 0x000001bbb324a060, 0x000001bbb324aa80,
0x000001bbb324ec50, 0x000001bbb324bec0, 0x000001bbb324c3d0, 0x000001bbb324cdf0,
0x000001bbb324d300, 0x000001bbb324dd20, 0x000001bbb324d810, 0x000001bbb1223e20,
0x000001bbb1225c80, 0x000001bbb1226190, 0x000001bbb1224330, 0x000001bbb12270c0,
0x000001bbb1223910, 0x000001bbb1224840, 0x000001bbb12266a0, 0x000001bbb1226bb0,
0x000001bbb1224d50, 0x000001bbb1225260, 0x000001bbb1225770, 0x000001bbb3817df0,
0x000001bbb3815a80, 0x000001bbb3815f90, 0x000001bbb381c4d0, 0x000001bbb38164a0,
0x000001bbb381b090, 0x000001bbb3819230, 0x000001bbb381ab80, 0x000001bbb38178e0,
0x000001bbb381b5a0, 0x000001bbb381bab0
}

Java Threads: ( => current thread )
  0x000001bbf07b08c0 JavaThread "main" [_thread_blocked, id=26352, stack(0x0000004f62800000,0x0000004f62900000)]
  0x000001bbaa9fb720 JavaThread "Reference Handler" daemon [_thread_blocked, id=10212, stack(0x0000004f62f00000,0x0000004f63000000)]
  0x000001bbaa9fe000 JavaThread "Finalizer" daemon [_thread_blocked, id=7532, stack(0x0000004f63000000,0x0000004f63100000)]
  0x000001bbaaa44420 JavaThread "Signal Dispatcher" daemon [_thread_blocked, id=25152, stack(0x0000004f63100000,0x0000004f63200000)]
  0x000001bbaaa44cf0 JavaThread "Attach Listener" daemon [_thread_blocked, id=24052, stack(0x0000004f63200000,0x0000004f63300000)]
  0x000001bbaaa455c0 JavaThread "Service Thread" daemon [_thread_blocked, id=22644, stack(0x0000004f63300000,0x0000004f63400000)]
  0x000001bbaaa45e90 JavaThread "Monitor Deflation Thread" daemon [_thread_blocked, id=6368, stack(0x0000004f63400000,0x0000004f63500000)]
  0x000001bbaaa46b40 JavaThread "C2 CompilerThread0" daemon [_thread_blocked, id=7060, stack(0x0000004f63500000,0x0000004f63600000)]
  0x000001bbaaa48240 JavaThread "C1 CompilerThread0" daemon [_thread_blocked, id=2636, stack(0x0000004f63600000,0x0000004f63700000)]
  0x000001bbaaa6d2d0 JavaThread "Sweeper thread" daemon [_thread_blocked, id=14368, stack(0x0000004f63700000,0x0000004f63800000)]
  0x000001bbaabc7010 JavaThread "Common-Cleaner" daemon [_thread_blocked, id=9316, stack(0x0000004f63800000,0x0000004f63900000)]
  0x000001bbaab52a80 JavaThread "C1 CompilerThread1" daemon [_thread_blocked, id=9728, stack(0x0000004f63900000,0x0000004f63a00000)]
  0x000001bbaad56cc0 JavaThread "Notification Thread" daemon [_thread_blocked, id=10860, stack(0x0000004f63a00000,0x0000004f63b00000)]
  0x000001bbb072b690 JavaThread "Daemon health stats" [_thread_blocked, id=7888, stack(0x0000004f64000000,0x0000004f64100000)]
  0x000001bbb072c5c0 JavaThread "Incoming local TCP Connector on port 58046" [_thread_in_native, id=18596, stack(0x0000004f64400000,0x0000004f64500000)]
  0x000001bbb072a760 JavaThread "Daemon periodic checks" [_thread_blocked, id=24316, stack(0x0000004f64500000,0x0000004f64600000)]
  0x000001bbb072b180 JavaThread "Daemon" [_thread_blocked, id=24188, stack(0x0000004f64600000,0x0000004f64700000)]
  0x000001bbb0729320 JavaThread "Handler for socket connection from /127.0.0.1:58046 to /127.0.0.1:58047" [_thread_in_native, id=1120, stack(0x0000004f64700000,0x0000004f64800000)]
  0x000001bbb0729d40 JavaThread "Cancel handler" [_thread_blocked, id=27216, stack(0x0000004f64800000,0x0000004f64900000)]
  0x000001bbb072bba0 JavaThread "Daemon worker" [_thread_blocked, id=4088, stack(0x0000004f64900000,0x0000004f64a00000)]
  0x000001bbb072c0b0 JavaThread "Asynchronous log dispatcher for DefaultDaemonConnection: socket connection from /127.0.0.1:58046 to /127.0.0.1:58047" [_thread_blocked, id=23500, stack(0x0000004f64a00000,0x0000004f64b00000)]
  0x000001bbb072cad0 JavaThread "Stdin handler" [_thread_blocked, id=8420, stack(0x0000004f64b00000,0x0000004f64c00000)]
  0x000001bbb072a250 JavaThread "Daemon client event forwarder" [_thread_blocked, id=8168, stack(0x0000004f64c00000,0x0000004f64d00000)]
  0x000001bbb0729830 JavaThread "Cache worker for journal cache (C:\Users\HP PROBOOK\.gradle\caches\journal-1)" [_thread_blocked, id=4316, stack(0x0000004f65400000,0x0000004f65500000)]
  0x000001bbb072ac70 JavaThread "File lock request listener" [_thread_in_native, id=1944, stack(0x0000004f65500000,0x0000004f65600000)]
  0x000001bbb085fe90 JavaThread "Cache worker for file hash cache (C:\Users\HP PROBOOK\.gradle\caches\8.14\fileHashes)" [_thread_blocked, id=9388, stack(0x0000004f65600000,0x0000004f65700000)]
  0x000001bbb08617e0 JavaThread "Cache worker for file hash cache (C:\Users\HP PROBOOK\Desktop\smartcalm\android\.gradle\8.14\fileHashes)" [_thread_blocked, id=10956, stack(0x0000004f65700000,0x0000004f65800000)]
  0x000001bbb08603a0 JavaThread "Cache worker for Build Output Cleanup Cache (C:\Users\HP PROBOOK\Desktop\smartcalm\android\.gradle\buildOutputCleanup)" [_thread_blocked, id=11728, stack(0x0000004f65800000,0x0000004f65900000)]
  0x000001bbb0862c20 JavaThread "File watcher server" daemon [_thread_in_native, id=25728, stack(0x0000004f65900000,0x0000004f65a00000)]
  0x000001bbb08608b0 JavaThread "File watcher consumer" daemon [_thread_blocked, id=28304, stack(0x0000004f65a00000,0x0000004f65b00000)]
  0x000001bbb0862200 JavaThread "Cache worker for checksums cache (C:\Users\HP PROBOOK\Desktop\smartcalm\android\.gradle\8.14\checksums)" [_thread_blocked, id=12940, stack(0x0000004f65b00000,0x0000004f65c00000)]
  0x000001bbb085f980 JavaThread "Cache worker for file content cache (C:\Users\HP PROBOOK\.gradle\caches\8.14\fileContent)" [_thread_blocked, id=18496, stack(0x0000004f65c00000,0x0000004f65d00000)]
  0x000001bbb0860dc0 JavaThread "Cache worker for cache directory md-supplier (C:\Users\HP PROBOOK\.gradle\caches\8.14\md-supplier)" [_thread_blocked, id=10456, stack(0x0000004f65d00000,0x0000004f65e00000)]
  0x000001bbb0862710 JavaThread "Cache worker for cache directory md-rule (C:\Users\HP PROBOOK\.gradle\caches\8.14\md-rule)" [_thread_blocked, id=5596, stack(0x0000004f65e00000,0x0000004f65f00000)]
  0x000001bbb3250ab0 JavaThread "Cache worker for Build Output Cleanup Cache (C:\src\flutter\packages\flutter_tools\gradle\.gradle\buildOutputCleanup)" [_thread_blocked, id=27328, stack(0x0000004f65f00000,0x0000004f66000000)]
  0x000001bbb324b4a0 JavaThread "Unconstrained build operations" [_thread_blocked, id=24844, stack(0x0000004f66000000,0x0000004f66100000)]
  0x000001bbb3249b50 JavaThread "Unconstrained build operations Thread 2" [_thread_blocked, id=18868, stack(0x0000004f66100000,0x0000004f66200000)]
  0x000001bbb324e230 JavaThread "Unconstrained build operations Thread 3" [_thread_blocked, id=10844, stack(0x0000004f66200000,0x0000004f66300000)]
  0x000001bbb324f670 JavaThread "Unconstrained build operations Thread 4" [_thread_blocked, id=19012, stack(0x0000004f66300000,0x0000004f66400000)]
  0x000001bbb324b9b0 JavaThread "Unconstrained build operations Thread 5" [_thread_blocked, id=23936, stack(0x0000004f66400000,0x0000004f66500000)]
  0x000001bbb3250090 JavaThread "Unconstrained build operations Thread 6" [_thread_blocked, id=12864, stack(0x0000004f66500000,0x0000004f66600000)]
  0x000001bbb324af90 JavaThread "Unconstrained build operations Thread 7" [_thread_blocked, id=23240, stack(0x0000004f66600000,0x0000004f66700000)]
  0x000001bbb32505a0 JavaThread "Unconstrained build operations Thread 8" [_thread_blocked, id=13024, stack(0x0000004f66700000,0x0000004f66800000)]
  0x000001bbb324f160 JavaThread "Unconstrained build operations Thread 9" [_thread_blocked, id=19832, stack(0x0000004f66800000,0x0000004f66900000)]
  0x000001bbb3250fc0 JavaThread "Unconstrained build operations Thread 10" [_thread_blocked, id=18940, stack(0x0000004f66900000,0x0000004f66a00000)]
  0x000001bbb324e740 JavaThread "Unconstrained build operations Thread 11" [_thread_blocked, id=21276, stack(0x0000004f66a00000,0x0000004f66b00000)]
  0x000001bbb324a570 JavaThread "Unconstrained build operations Thread 12" [_thread_blocked, id=24732, stack(0x0000004f66b00000,0x0000004f66c00000)]
  0x000001bbb324c8e0 JavaThread "Unconstrained build operations Thread 13" [_thread_blocked, id=5640, stack(0x0000004f66c00000,0x0000004f66d00000)]
  0x000001bbb32514d0 JavaThread "Unconstrained build operations Thread 14" [_thread_blocked, id=12520, stack(0x0000004f66d00000,0x0000004f66e00000)]
  0x000001bbb324fb80 JavaThread "Unconstrained build operations Thread 15" [_thread_blocked, id=16516, stack(0x0000004f66e00000,0x0000004f66f00000)]
  0x000001bbb324a060 JavaThread "Unconstrained build operations Thread 16" [_thread_blocked, id=22868, stack(0x0000004f66f00000,0x0000004f67000000)]
  0x000001bbb324aa80 JavaThread "Unconstrained build operations Thread 17" [_thread_blocked, id=24088, stack(0x0000004f67000000,0x0000004f67100000)]
  0x000001bbb324ec50 JavaThread "Unconstrained build operations Thread 18" [_thread_blocked, id=26820, stack(0x0000004f67100000,0x0000004f67200000)]
  0x000001bbb324bec0 JavaThread "Unconstrained build operations Thread 19" [_thread_blocked, id=12056, stack(0x0000004f67200000,0x0000004f67300000)]
  0x000001bbb324c3d0 JavaThread "Unconstrained build operations Thread 20" [_thread_blocked, id=23056, stack(0x0000004f67300000,0x0000004f67400000)]
  0x000001bbb324cdf0 JavaThread "Unconstrained build operations Thread 21" [_thread_blocked, id=17312, stack(0x0000004f67400000,0x0000004f67500000)]
  0x000001bbb324d300 JavaThread "Unconstrained build operations Thread 22" [_thread_blocked, id=14920, stack(0x0000004f67500000,0x0000004f67600000)]
  0x000001bbb324dd20 JavaThread "Unconstrained build operations Thread 23" [_thread_blocked, id=17796, stack(0x0000004f67600000,0x0000004f67700000)]
  0x000001bbb324d810 JavaThread "Unconstrained build operations Thread 24" [_thread_blocked, id=20540, stack(0x0000004f67700000,0x0000004f67800000)]
  0x000001bbb1223e20 JavaThread "Unconstrained build operations Thread 25" [_thread_blocked, id=27100, stack(0x0000004f67800000,0x0000004f67900000)]
  0x000001bbb1225c80 JavaThread "Unconstrained build operations Thread 26" [_thread_blocked, id=22152, stack(0x0000004f67900000,0x0000004f67a00000)]
  0x000001bbb1226190 JavaThread "Unconstrained build operations Thread 27" [_thread_blocked, id=22452, stack(0x0000004f67a00000,0x0000004f67b00000)]
  0x000001bbb1224330 JavaThread "Unconstrained build operations Thread 28" [_thread_blocked, id=17172, stack(0x0000004f67b00000,0x0000004f67c00000)]
  0x000001bbb12270c0 JavaThread "Unconstrained build operations Thread 29" [_thread_blocked, id=24748, stack(0x0000004f67c00000,0x0000004f67d00000)]
  0x000001bbb1223910 JavaThread "Unconstrained build operations Thread 30" [_thread_blocked, id=20880, stack(0x0000004f67d00000,0x0000004f67e00000)]
  0x000001bbb1224840 JavaThread "Unconstrained build operations Thread 31" [_thread_blocked, id=25244, stack(0x0000004f67e00000,0x0000004f67f00000)]
  0x000001bbb12266a0 JavaThread "Unconstrained build operations Thread 32" [_thread_blocked, id=27516, stack(0x0000004f67f00000,0x0000004f68000000)]
  0x000001bbb1226bb0 JavaThread "Unconstrained build operations Thread 33" [_thread_blocked, id=22896, stack(0x0000004f68000000,0x0000004f68100000)]
  0x000001bbb1224d50 JavaThread "Unconstrained build operations Thread 34" [_thread_blocked, id=18964, stack(0x0000004f68100000,0x0000004f68200000)]
  0x000001bbb1225260 JavaThread "Unconstrained build operations Thread 35" [_thread_blocked, id=3292, stack(0x0000004f68200000,0x0000004f68300000)]
  0x000001bbb1225770 JavaThread "Unconstrained build operations Thread 36" [_thread_blocked, id=22348, stack(0x0000004f68300000,0x0000004f68400000)]
  0x000001bbb3817df0 JavaThread "Unconstrained build operations Thread 37" [_thread_blocked, id=13304, stack(0x0000004f68400000,0x0000004f68500000)]
  0x000001bbb3815a80 JavaThread "Unconstrained build operations Thread 38" [_thread_blocked, id=23572, stack(0x0000004f68500000,0x0000004f68600000)]
  0x000001bbb3815f90 JavaThread "Unconstrained build operations Thread 39" [_thread_blocked, id=10564, stack(0x0000004f68600000,0x0000004f68700000)]
  0x000001bbb381c4d0 JavaThread "Unconstrained build operations Thread 40" [_thread_blocked, id=28444, stack(0x0000004f68700000,0x0000004f68800000)]
  0x000001bbb38164a0 JavaThread "Unconstrained build operations Thread 41" [_thread_blocked, id=5128, stack(0x0000004f68800000,0x0000004f68900000)]
  0x000001bbb381b090 JavaThread "Unconstrained build operations Thread 42" [_thread_blocked, id=12104, stack(0x0000004f68900000,0x0000004f68a00000)]
  0x000001bbb3819230 JavaThread "Unconstrained build operations Thread 43" [_thread_blocked, id=19860, stack(0x0000004f68a00000,0x0000004f68b00000)]
  0x000001bbb381ab80 JavaThread "Unconstrained build operations Thread 44" [_thread_blocked, id=10592, stack(0x0000004f68b00000,0x0000004f68c00000)]
  0x000001bbb38178e0 JavaThread "Unconstrained build operations Thread 45" [_thread_blocked, id=9100, stack(0x0000004f68c00000,0x0000004f68d00000)]
  0x000001bbb381b5a0 JavaThread "Memory manager" [_thread_blocked, id=14228, stack(0x0000004f68d00000,0x0000004f68e00000)]
  0x000001bbb381bab0 JavaThread "build event listener" [_thread_blocked, id=3160, stack(0x0000004f68e00000,0x0000004f68f00000)]

Other Threads:
=>0x000001bbaaa15010 VMThread "VM Thread" [stack: 0x0000004f62e00000,0x0000004f62f00000] [id=28224]
  0x000001bbaad579b0 WatcherThread [stack: 0x0000004f63b00000,0x0000004f63c00000] [id=14128]
  0x000001bbf0860c50 GCTaskThread "GC Thread#0" [stack: 0x0000004f62900000,0x0000004f62a00000] [id=23980]
  0x000001bbaf0022b0 GCTaskThread "GC Thread#1" [stack: 0x0000004f63c00000,0x0000004f63d00000] [id=12036]
  0x000001bbaf1cd920 GCTaskThread "GC Thread#2" [stack: 0x0000004f63d00000,0x0000004f63e00000] [id=10548]
  0x000001bbafbc1ee0 GCTaskThread "GC Thread#3" [stack: 0x0000004f63e00000,0x0000004f63f00000] [id=23444]
  0x000001bbafbc28c0 GCTaskThread "GC Thread#4" [stack: 0x0000004f63f00000,0x0000004f64000000] [id=24284]
  0x000001bbb07dfd10 GCTaskThread "GC Thread#5" [stack: 0x0000004f64100000,0x0000004f64200000] [id=5240]
  0x000001bbb0785240 GCTaskThread "GC Thread#6" [stack: 0x0000004f64200000,0x0000004f64300000] [id=12824]
  0x000001bbb0785500 GCTaskThread "GC Thread#7" [stack: 0x0000004f64300000,0x0000004f64400000] [id=13820]
  0x000001bbafe9dd50 GCTaskThread "GC Thread#8" [stack: 0x0000004f64d00000,0x0000004f64e00000] [id=18816]
  0x000001bbb05f4d20 GCTaskThread "GC Thread#9" [stack: 0x0000004f64e00000,0x0000004f64f00000] [id=10124]
  0x000001bbb05f8970 GCTaskThread "GC Thread#10" [stack: 0x0000004f64f00000,0x0000004f65000000] [id=7368]
  0x000001bbb0857020 GCTaskThread "GC Thread#11" [stack: 0x0000004f65000000,0x0000004f65100000] [id=19908]
  0x000001bbb09c6a20 GCTaskThread "GC Thread#12" [stack: 0x0000004f65100000,0x0000004f65200000] [id=21476]
  0x000001bbf086e950 ConcurrentGCThread "G1 Main Marker" [stack: 0x0000004f62a00000,0x0000004f62b00000] [id=6416]
  0x000001bbff804480 ConcurrentGCThread "G1 Conc#0" [stack: 0x0000004f62b00000,0x0000004f62c00000] [id=18052]
  0x000001bbb0866050 ConcurrentGCThread "G1 Conc#1" [stack: 0x0000004f65200000,0x0000004f65300000] [id=8200]
  0x000001bbb0b394e0 ConcurrentGCThread "G1 Conc#2" [stack: 0x0000004f65300000,0x0000004f65400000] [id=17916]
  0x000001bbff8a1180 ConcurrentGCThread "G1 Refine#0" [stack: 0x0000004f62c00000,0x0000004f62d00000] [id=22300]
  0x000001bbff8a1960 ConcurrentGCThread "G1 Service" [stack: 0x0000004f62d00000,0x0000004f62e00000] [id=12760]

Threads with active compile tasks:
C2 CompilerThread0     7318 6629       4       jdk.internal.org.objectweb.asm.Type::getArgumentsAndReturnSizes (140 bytes)

VM state: at safepoint (normal execution)

VM Mutex/Monitor currently owned by a thread:  ([mutex/lock_event])
[0x000001bbf07acee0] Threads_lock - owner thread: 0x000001bbaaa15010
[0x000001bbf07ad480] Heap_lock - owner thread: 0x000001bbb072bba0

Heap address: 0x0000000600000000, size: 8192 MB, Compressed Oops mode: Zero based, Oop shift amount: 3

CDS archive(s) not mapped
Compressed class space mapped at: 0x0000000800000000-0x0000000840000000, reserved size: 1073741824
Narrow klass base: 0x0000000800000000, Narrow klass shift: 0, Narrow klass range: 0x40000000

GC Precious Log:
 CPUs: 16 total, 16 available
 Memory: 7489M
 Large Page Support: Disabled
 NUMA Support: Disabled
 Compressed Oops: Enabled (Zero based)
 Heap Region Size: 4M
 Heap Min Capacity: 8M
 Heap Initial Capacity: 120M
 Heap Max Capacity: 8G
 Pre-touch: Disabled
 Parallel Workers: 13
 Concurrent Workers: 3
 Concurrent Refinement Workers: 13
 Periodic GC: Disabled

Heap:
 garbage-first heap   total 135168K, used 50133K [0x0000000600000000, 0x0000000800000000)
  region size 4096K, 1 young (4096K), 1 survivors (4096K)
 Metaspace       used 67287K, committed 67904K, reserved 1114112K
  class space    used 9362K, committed 9664K, reserved 1048576K

Heap Regions: E=young(eden), S=young(survivor), O=old, HS=humongous(starts), HC=humongous(continues), CS=collection set, F=free, OA=open archive, CA=closed archive, TAMS=top-at-mark-start (previous, next)
|   0|0x0000000600000000, 0x0000000600400000, 0x0000000600400000|100%|HS|  |TAMS 0x0000000600400000, 0x0000000600000000| Complete 
|   1|0x0000000600400000, 0x0000000600800000, 0x0000000600800000|100%| O|  |TAMS 0x0000000600800000, 0x0000000600400000| Untracked 
|   2|0x0000000600800000, 0x0000000600c00000, 0x0000000600c00000|100%| O|  |TAMS 0x0000000600c00000, 0x0000000600800000| Untracked 
|   3|0x0000000600c00000, 0x0000000601000000, 0x0000000601000000|100%| O|  |TAMS 0x0000000601000000, 0x0000000600c00000| Untracked 
|   4|0x0000000601000000, 0x0000000601400000, 0x0000000601400000|100%| O|  |TAMS 0x0000000601400000, 0x0000000601000000| Untracked 
|   5|0x0000000601400000, 0x0000000601800000, 0x0000000601800000|100%| O|  |TAMS 0x0000000601800000, 0x0000000601400000| Untracked 
|   6|0x0000000601800000, 0x0000000601c00000, 0x0000000601c00000|100%| O|  |TAMS 0x0000000601800000, 0x0000000601800000| Untracked 
|   7|0x0000000601c00000, 0x0000000602000000, 0x0000000602000000|100%| O|  |TAMS 0x0000000602000000, 0x0000000601c00000| Untracked 
|   8|0x0000000602000000, 0x0000000602400000, 0x0000000602400000|100%| O|  |TAMS 0x00000006022c2a00, 0x0000000602000000| Untracked 
|   9|0x0000000602400000, 0x0000000602800000, 0x0000000602800000|100%|HS|  |TAMS 0x0000000602400000, 0x0000000602400000| Complete 
|  10|0x0000000602800000, 0x0000000602c00000, 0x0000000602c00000|100%| O|  |TAMS 0x0000000602800000, 0x0000000602800000| Untracked 
|  11|0x0000000602c00000, 0x0000000602f74c00, 0x0000000603000000| 86%| O|  |TAMS 0x0000000602c00000, 0x0000000602c00000| Untracked 
|  12|0x0000000603000000, 0x0000000603000000, 0x0000000603400000|  0%| F|  |TAMS 0x0000000603000000, 0x0000000603000000| Untracked 
|  13|0x0000000603400000, 0x0000000603400000, 0x0000000603800000|  0%| F|  |TAMS 0x0000000603400000, 0x0000000603400000| Untracked 
|  14|0x0000000603800000, 0x0000000603800000, 0x0000000603c00000|  0%| F|  |TAMS 0x0000000603800000, 0x0000000603800000| Untracked 
|  15|0x0000000603c00000, 0x0000000603c00000, 0x0000000604000000|  0%| F|  |TAMS 0x0000000603c00000, 0x0000000603c00000| Untracked 
|  16|0x0000000604000000, 0x0000000604000000, 0x0000000604400000|  0%| F|  |TAMS 0x0000000604000000, 0x0000000604000000| Untracked 
|  17|0x0000000604400000, 0x0000000604400000, 0x0000000604800000|  0%| F|  |TAMS 0x0000000604400000, 0x0000000604400000| Untracked 
|  18|0x0000000604800000, 0x0000000604980870, 0x0000000604c00000| 37%| S|CS|TAMS 0x0000000604800000, 0x0000000604800000| Complete 
|  19|0x0000000604c00000, 0x0000000604c00000, 0x0000000605000000|  0%| F|  |TAMS 0x0000000604c00000, 0x0000000604c00000| Untracked 
|  20|0x0000000605000000, 0x0000000605000000, 0x0000000605400000|  0%| F|  |TAMS 0x0000000605000000, 0x0000000605000000| Untracked 
|  21|0x0000000605400000, 0x0000000605400000, 0x0000000605800000|  0%| F|  |TAMS 0x0000000605400000, 0x0000000605400000| Untracked 
|  22|0x0000000605800000, 0x0000000605800000, 0x0000000605c00000|  0%| F|  |TAMS 0x0000000605800000, 0x0000000605800000| Untracked 
|  23|0x0000000605c00000, 0x0000000605c00000, 0x0000000606000000|  0%| F|  |TAMS 0x0000000605c00000, 0x0000000605c00000| Untracked 
|  24|0x0000000606000000, 0x0000000606000000, 0x0000000606400000|  0%| F|  |TAMS 0x0000000606000000, 0x0000000606000000| Untracked 
|  25|0x0000000606400000, 0x0000000606400000, 0x0000000606800000|  0%| F|  |TAMS 0x0000000606400000, 0x0000000606400000| Untracked 
|  26|0x0000000606800000, 0x0000000606800000, 0x0000000606c00000|  0%| F|  |TAMS 0x0000000606800000, 0x0000000606800000| Untracked 
|  27|0x0000000606c00000, 0x0000000606c00000, 0x0000000607000000|  0%| F|  |TAMS 0x0000000606c00000, 0x0000000606c00000| Untracked 
|  28|0x0000000607000000, 0x0000000607000000, 0x0000000607400000|  0%| F|  |TAMS 0x0000000607000000, 0x0000000607000000| Untracked 
|  29|0x0000000607400000, 0x0000000607400000, 0x0000000607800000|  0%| F|  |TAMS 0x0000000607400000, 0x0000000607400000| Untracked 
|  30|0x0000000607800000, 0x0000000607800000, 0x0000000607c00000|  0%| F|  |TAMS 0x0000000607800000, 0x0000000607800000| Untracked 
|  31|0x0000000607c00000, 0x0000000607c00000, 0x0000000608000000|  0%| F|  |TAMS 0x0000000607c00000, 0x0000000607c00000| Untracked 
|  32|0x0000000608000000, 0x0000000608000000, 0x0000000608400000|  0%| F|  |TAMS 0x0000000608000000, 0x0000000608000000| Untracked 

Card table byte_map: [0x000001bbf5730000,0x000001bbf6730000] _byte_map_base: 0x000001bbf2730000

Marking Bits (Prev, Next): (CMBitMap*) 0x000001bbf0861060, (CMBitMap*) 0x000001bbf0861020
 Prev Bits: [0x000001bba0000000, 0x000001bba8000000)
 Next Bits: [0x000001bbf7730000, 0x000001bbff730000)

Polling page: 0x000001bbeff70000

Metaspace:

Usage:
  Non-class:     56.57 MB used.
      Class:      9.14 MB used.
       Both:     65.71 MB used.

Virtual space:
  Non-class space:       64.00 MB reserved,      56.88 MB ( 89%) committed,  1 nodes.
      Class space:        1.00 GB reserved,       9.44 MB ( <1%) committed,  1 nodes.
             Both:        1.06 GB reserved,      66.31 MB (  6%) committed. 

Chunk freelists:
   Non-Class:  7.16 MB
       Class:  6.47 MB
        Both:  13.63 MB

MaxMetaspaceSize: 4.00 GB
CompressedClassSpaceSize: 1.00 GB
Initial GC threshold: 21.00 MB
Current GC threshold: 98.25 MB
CDS: off
MetaspaceReclaimPolicy: balanced
 - commit_granule_bytes: 65536.
 - commit_granule_words: 8192.
 - virtual_space_node_default_size: 8388608.
 - enlarge_chunks_in_place: 1.
 - new_chunks_are_fully_committed: 0.
 - uncommit_free_chunks: 1.
 - use_allocation_guard: 0.
 - handle_deallocations: 1.


Internal statistics:

num_allocs_failed_limit: 9.
num_arena_births: 766.
num_arena_deaths: 0.
num_vsnodes_births: 2.
num_vsnodes_deaths: 0.
num_space_committed: 1061.
num_space_uncommitted: 0.
num_chunks_returned_to_freelist: 9.
num_chunks_taken_from_freelist: 3159.
num_chunk_merges: 9.
num_chunk_splits: 2050.
num_chunks_enlarged: 1335.
num_inconsistent_stats: 0.

CodeHeap 'non-profiled nmethods': size=258432Kb used=3108Kb max_used=3108Kb free=255323Kb
 bounds [0x000001bb903a0000, 0x000001bb906b0000, 0x000001bba0000000]
CodeHeap 'profiled nmethods': size=258368Kb used=12802Kb max_used=12802Kb free=245566Kb
 bounds [0x000001bb80000000, 0x000001bb80c90000, 0x000001bb8fc50000]
CodeHeap 'non-nmethods': size=7488Kb used=2235Kb max_used=2267Kb free=5252Kb
 bounds [0x000001bb8fc50000, 0x000001bb8fec0000, 0x000001bb903a0000]
 total_blobs=7259 nmethods=6504 adapters=666
 compilation: enabled
              stopped_count=0, restarted_count=0
 full_count=0

Compilation events (20 events):
Event: 7.233 Thread 0x000001bbaaa48240 6650       3       org.gradle.api.internal.project.DefaultProject::onMutableStateAccess (11 bytes)
Event: 7.233 Thread 0x000001bbaab52a80 6651       3       org.gradle.internal.cc.impl.services.DefaultIsolatedProjectEvaluationListenerProvider::executeBeforeProjectFor (23 bytes)
Event: 7.233 Thread 0x000001bbaaa48240 nmethod 6650 0x000001bb80c7ae10 code [0x000001bb80c7afc0, 0x000001bb80c7b268]
Event: 7.234 Thread 0x000001bbaab52a80 nmethod 6651 0x000001bb80c7b410 code [0x000001bb80c7b620, 0x000001bb80c7bc48]
Event: 7.234 Thread 0x000001bbaab52a80 6652       3       org.gradle.internal.event.ListenerBroadcast::dispatch (9 bytes)
Event: 7.234 Thread 0x000001bbaaa48240 6653       3       org.gradle.internal.event.ListenerBroadcast::dispatch (9 bytes)
Event: 7.234 Thread 0x000001bbaaa48240 nmethod 6653 0x000001bb80c7be90 code [0x000001bb80c7c040, 0x000001bb80c7c228]
Event: 7.234 Thread 0x000001bbaab52a80 nmethod 6652 0x000001bb80c7c310 code [0x000001bb80c7c4c0, 0x000001bb80c7c868]
Event: 7.242 Thread 0x000001bbaaa48240 6654   !   3       org.gradle.internal.event.DefaultListenerManager::getBroadcasterInternal (177 bytes)
Event: 7.244 Thread 0x000001bbaaa48240 nmethod 6654 0x000001bb80c7c990 code [0x000001bb80c7cd80, 0x000001bb80c7eef8]
Event: 7.263 Thread 0x000001bbaab52a80 6656       3       org.gradle.api.Named$Namer::determineName (9 bytes)
Event: 7.263 Thread 0x000001bbaaa48240 6657       3       org.gradle.api.Named$Namer::determineName (7 bytes)
Event: 7.264 Thread 0x000001bbaab52a80 nmethod 6656 0x000001bb80c7fd90 code [0x000001bb80c7ff40, 0x000001bb80c80288]
Event: 7.264 Thread 0x000001bbaaa48240 nmethod 6657 0x000001bb80c80390 code [0x000001bb80c80540, 0x000001bb80c80708]
Event: 7.264 Thread 0x000001bbaab52a80 6658       1       org.gradle.internal.code.DefaultUserCodeApplicationContext::access$000 (5 bytes)
Event: 7.264 Thread 0x000001bbaab52a80 nmethod 6658 0x000001bb906a1110 code [0x000001bb906a12a0, 0x000001bb906a1358]
Event: 7.266 Thread 0x000001bbaaa46b40 nmethod 6612 0x000001bb906a1410 code [0x000001bb906a1920, 0x000001bb906a5f58]
Event: 7.266 Thread 0x000001bbaaa46b40 6621       4       jdk.internal.org.objectweb.asm.ClassReader::readUtf (161 bytes)
Event: 7.272 Thread 0x000001bbaaa46b40 nmethod 6621 0x000001bb906a8590 code [0x000001bb906a8720, 0x000001bb906a8eb8]
Event: 7.272 Thread 0x000001bbaaa46b40 6629       4       jdk.internal.org.objectweb.asm.Type::getArgumentsAndReturnSizes (140 bytes)

GC Heap History (20 events):
Event: 3.376 GC heap after
{Heap after GC invocations=8 (full 0):
 garbage-first heap   total 135168K, used 24571K [0x0000000600000000, 0x0000000800000000)
  region size 4096K, 1 young (4096K), 1 survivors (4096K)
 Metaspace       used 33712K, committed 34048K, reserved 1114112K
  class space    used 4501K, committed 4672K, reserved 1048576K
}
Event: 3.548 GC heap before
{Heap before GC invocations=8 (full 0):
 garbage-first heap   total 135168K, used 36859K [0x0000000600000000, 0x0000000800000000)
  region size 4096K, 5 young (20480K), 1 survivors (4096K)
 Metaspace       used 35576K, committed 35968K, reserved 1114112K
  class space    used 4768K, committed 4992K, reserved 1048576K
}
Event: 3.552 GC heap after
{Heap after GC invocations=9 (full 0):
 garbage-first heap   total 135168K, used 25463K [0x0000000600000000, 0x0000000800000000)
  region size 4096K, 1 young (4096K), 1 survivors (4096K)
 Metaspace       used 35576K, committed 35968K, reserved 1114112K
  class space    used 4768K, committed 4992K, reserved 1048576K
}
Event: 4.331 GC heap before
{Heap before GC invocations=10 (full 0):
 garbage-first heap   total 110592K, used 82807K [0x0000000600000000, 0x0000000800000000)
  region size 4096K, 16 young (65536K), 1 survivors (4096K)
 Metaspace       used 42800K, committed 43200K, reserved 1114112K
  class space    used 5500K, committed 5696K, reserved 1048576K
}
Event: 4.337 GC heap after
{Heap after GC invocations=11 (full 0):
 garbage-first heap   total 110592K, used 29662K [0x0000000600000000, 0x0000000800000000)
  region size 4096K, 2 young (8192K), 2 survivors (8192K)
 Metaspace       used 42800K, committed 43200K, reserved 1114112K
  class space    used 5500K, committed 5696K, reserved 1048576K
}
Event: 4.344 GC heap before
{Heap before GC invocations=11 (full 0):
 garbage-first heap   total 110592K, used 33758K [0x0000000600000000, 0x0000000800000000)
  region size 4096K, 3 young (12288K), 2 survivors (8192K)
 Metaspace       used 42800K, committed 43200K, reserved 1114112K
  class space    used 5500K, committed 5696K, reserved 1048576K
}
Event: 4.354 GC heap after
{Heap after GC invocations=12 (full 0):
 garbage-first heap   total 110592K, used 29316K [0x0000000600000000, 0x0000000800000000)
  region size 4096K, 1 young (4096K), 1 survivors (4096K)
 Metaspace       used 42800K, committed 43200K, reserved 1114112K
  class space    used 5500K, committed 5696K, reserved 1048576K
}
Event: 4.798 GC heap before
{Heap before GC invocations=12 (full 0):
 garbage-first heap   total 110592K, used 78468K [0x0000000600000000, 0x0000000800000000)
  region size 4096K, 13 young (53248K), 1 survivors (4096K)
 Metaspace       used 46714K, committed 47168K, reserved 1114112K
  class space    used 6139K, committed 6336K, reserved 1048576K
}
Event: 4.800 GC heap after
{Heap after GC invocations=13 (full 0):
 garbage-first heap   total 110592K, used 31664K [0x0000000600000000, 0x0000000800000000)
  region size 4096K, 1 young (4096K), 1 survivors (4096K)
 Metaspace       used 46714K, committed 47168K, reserved 1114112K
  class space    used 6139K, committed 6336K, reserved 1048576K
}
Event: 5.164 GC heap before
{Heap before GC invocations=13 (full 0):
 garbage-first heap   total 110592K, used 80816K [0x0000000600000000, 0x0000000800000000)
  region size 4096K, 13 young (53248K), 1 survivors (4096K)
 Metaspace       used 49665K, committed 50112K, reserved 1114112K
  class space    used 6609K, committed 6784K, reserved 1048576K
}
Event: 5.168 GC heap after
{Heap after GC invocations=14 (full 0):
 garbage-first heap   total 110592K, used 32991K [0x0000000600000000, 0x0000000800000000)
  region size 4096K, 1 young (4096K), 1 survivors (4096K)
 Metaspace       used 49665K, committed 50112K, reserved 1114112K
  class space    used 6609K, committed 6784K, reserved 1048576K
}
Event: 5.733 GC heap before
{Heap before GC invocations=14 (full 0):
 garbage-first heap   total 110592K, used 82143K [0x0000000600000000, 0x0000000800000000)
  region size 4096K, 13 young (53248K), 1 survivors (4096K)
 Metaspace       used 54493K, committed 55040K, reserved 1114112K
  class space    used 7395K, committed 7680K, reserved 1048576K
}
Event: 5.739 GC heap after
{Heap after GC invocations=15 (full 0):
 garbage-first heap   total 110592K, used 35048K [0x0000000600000000, 0x0000000800000000)
  region size 4096K, 2 young (8192K), 2 survivors (8192K)
 Metaspace       used 54493K, committed 55040K, reserved 1114112K
  class space    used 7395K, committed 7680K, reserved 1048576K
}
Event: 6.128 GC heap before
{Heap before GC invocations=15 (full 0):
 garbage-first heap   total 110592K, used 76008K [0x0000000600000000, 0x0000000800000000)
  region size 4096K, 13 young (53248K), 2 survivors (8192K)
 Metaspace       used 56937K, committed 57472K, reserved 1114112K
  class space    used 7797K, committed 8064K, reserved 1048576K
}
Event: 6.136 GC heap after
{Heap after GC invocations=16 (full 0):
 garbage-first heap   total 110592K, used 38944K [0x0000000600000000, 0x0000000800000000)
  region size 4096K, 2 young (8192K), 2 survivors (8192K)
 Metaspace       used 56937K, committed 57472K, reserved 1114112K
  class space    used 7797K, committed 8064K, reserved 1048576K
}
Event: 6.470 GC heap before
{Heap before GC invocations=16 (full 0):
 garbage-first heap   total 110592K, used 63520K [0x0000000600000000, 0x0000000800000000)
  region size 4096K, 9 young (36864K), 2 survivors (8192K)
 Metaspace       used 59635K, committed 60160K, reserved 1114112K
  class space    used 8253K, committed 8512K, reserved 1048576K
}
Event: 6.478 GC heap after
{Heap after GC invocations=17 (full 0):
 garbage-first heap   total 110592K, used 40336K [0x0000000600000000, 0x0000000800000000)
  region size 4096K, 2 young (8192K), 2 survivors (8192K)
 Metaspace       used 59635K, committed 60160K, reserved 1114112K
  class space    used 8253K, committed 8512K, reserved 1048576K
}
Event: 6.868 GC heap before
{Heap before GC invocations=18 (full 0):
 garbage-first heap   total 110592K, used 85392K [0x0000000600000000, 0x0000000800000000)
  region size 4096K, 13 young (53248K), 2 survivors (8192K)
 Metaspace       used 63716K, committed 64256K, reserved 1114112K
  class space    used 8837K, committed 9088K, reserved 1048576K
}
Event: 6.875 GC heap after
{Heap after GC invocations=19 (full 0):
 garbage-first heap   total 110592K, used 48815K [0x0000000600000000, 0x0000000800000000)
  region size 4096K, 2 young (8192K), 2 survivors (8192K)
 Metaspace       used 63716K, committed 64256K, reserved 1114112K
  class space    used 8837K, committed 9088K, reserved 1048576K
}
Event: 7.275 GC heap before
{Heap before GC invocations=19 (full 0):
 garbage-first heap   total 110592K, used 81583K [0x0000000600000000, 0x0000000800000000)
  region size 4096K, 10 young (40960K), 2 survivors (8192K)
 Metaspace       used 67287K, committed 67904K, reserved 1114112K
  class space    used 9362K, committed 9664K, reserved 1048576K
}

Dll operation events (3 events):
Event: 0.098 Loaded shared library C:\Program Files\Android\Android Studio\jbr\bin\java.dll
Event: 0.213 Loaded shared library C:\Program Files\Android\Android Studio\jbr\bin\zip.dll
Event: 0.568 Loaded shared library C:\Program Files\Android\Android Studio\jbr\bin\verify.dll

Deoptimization events (20 events):
Event: 6.705 Thread 0x000001bbb072bba0 DEOPT PACKING pc=0x000001bb90667818 sp=0x0000004f649ec3f0
Event: 6.705 Thread 0x000001bbb072bba0 DEOPT UNPACKING pc=0x000001bb8fca69a3 sp=0x0000004f649ec370 mode 2
Event: 6.706 Thread 0x000001bbb072bba0 Uncommon trap: trap_request=0xffffffbe fr.pc=0x000001bb90667818 relative=0x0000000000000258
Event: 6.706 Thread 0x000001bbb072bba0 Uncommon trap: reason=profile_predicate action=maybe_recompile pc=0x000001bb90667818 method=sun.instrument.TransformerManager.transform(Ljava/lang/Module;Ljava/lang/ClassLoader;Ljava/lang/String;Ljava/lang/Class;Ljava/security/ProtectionDomain;[B)[B @ 21 
Event: 6.706 Thread 0x000001bbb072bba0 DEOPT PACKING pc=0x000001bb90667818 sp=0x0000004f649ebf40
Event: 6.706 Thread 0x000001bbb072bba0 DEOPT UNPACKING pc=0x000001bb8fca69a3 sp=0x0000004f649ebec0 mode 2
Event: 6.707 Thread 0x000001bbb072bba0 Uncommon trap: trap_request=0xffffffbe fr.pc=0x000001bb90667818 relative=0x0000000000000258
Event: 6.707 Thread 0x000001bbb072bba0 Uncommon trap: reason=profile_predicate action=maybe_recompile pc=0x000001bb90667818 method=sun.instrument.TransformerManager.transform(Ljava/lang/Module;Ljava/lang/ClassLoader;Ljava/lang/String;Ljava/lang/Class;Ljava/security/ProtectionDomain;[B)[B @ 21 
Event: 6.707 Thread 0x000001bbb072bba0 DEOPT PACKING pc=0x000001bb90667818 sp=0x0000004f649ebf40
Event: 6.707 Thread 0x000001bbb072bba0 DEOPT UNPACKING pc=0x000001bb8fca69a3 sp=0x0000004f649ebec0 mode 2
Event: 6.707 Thread 0x000001bbb072bba0 Uncommon trap: trap_request=0xffffffbe fr.pc=0x000001bb90667818 relative=0x0000000000000258
Event: 6.707 Thread 0x000001bbb072bba0 Uncommon trap: reason=profile_predicate action=maybe_recompile pc=0x000001bb90667818 method=sun.instrument.TransformerManager.transform(Ljava/lang/Module;Ljava/lang/ClassLoader;Ljava/lang/String;Ljava/lang/Class;Ljava/security/ProtectionDomain;[B)[B @ 21 
Event: 6.707 Thread 0x000001bbb072bba0 DEOPT PACKING pc=0x000001bb90667818 sp=0x0000004f649ebf40
Event: 6.707 Thread 0x000001bbb072bba0 DEOPT UNPACKING pc=0x000001bb8fca69a3 sp=0x0000004f649ebec0 mode 2
Event: 6.909 Thread 0x000001bbb072bba0 Uncommon trap: trap_request=0xffffff45 fr.pc=0x000001bb90664750 relative=0x0000000000000910
Event: 6.909 Thread 0x000001bbb072bba0 Uncommon trap: reason=unstable_if action=reinterpret pc=0x000001bb90664750 method=java.lang.Integer.stringSize(I)I @ 19 c2
Event: 6.909 Thread 0x000001bbb072bba0 DEOPT PACKING pc=0x000001bb90664750 sp=0x0000004f649f3920
Event: 6.909 Thread 0x000001bbb072bba0 DEOPT UNPACKING pc=0x000001bb8fca69a3 sp=0x0000004f649f3868 mode 2
Event: 7.144 Thread 0x000001bbb072bba0 DEOPT PACKING pc=0x000001bb8047d9a3 sp=0x0000004f649f1f00
Event: 7.144 Thread 0x000001bbb072bba0 DEOPT UNPACKING pc=0x000001bb8fca7143 sp=0x0000004f649f1370 mode 0

Classes unloaded (0 events):
No events

Classes redefined (0 events):
No events

Internal exceptions (20 events):
Event: 5.993 Thread 0x000001bbb072bba0 Exception <a 'java/lang/NoSuchMethodError'{0x0000000605405648}: 'java.lang.Object java.lang.invoke.DirectMethodHandle$Holder.newInvokeSpecial(java.lang.Object, java.lang.Object, java.lang.Object, java.lang.Object, int, java.lang.Object)'> (0x0000000605405648) 
thrown [s\src\hotspot\share\interpreter\linkResolver.cpp, line 771]
Event: 5.993 Thread 0x000001bbb072bba0 Exception <a 'java/lang/NoSuchMethodError'{0x000000060540ea28}: 'java.lang.Object java.lang.invoke.Invokers$Holder.linkToTargetMethod(java.lang.Object, java.lang.Object, java.lang.Object, int, java.lang.Object, java.lang.Object)'> (0x000000060540ea28) 
thrown [s\src\hotspot\share\interpreter\linkResolver.cpp, line 771]
Event: 6.076 Thread 0x000001bbb072bba0 Exception <a 'java/lang/NoSuchMethodError'{0x0000000604e29c90}: 'java.lang.Object java.lang.invoke.DirectMethodHandle$Holder.invokeSpecialIFC(java.lang.Object, java.lang.Object, java.lang.Object)'> (0x0000000604e29c90) 
thrown [s\src\hotspot\share\interpreter\linkResolver.cpp, line 771]
Event: 6.499 Thread 0x000001bbb072bba0 Exception <a 'java/lang/NoSuchMethodError'{0x00000006081ed5d8}: 'int java.lang.invoke.DirectMethodHandle$Holder.invokeStatic(java.lang.Object, java.lang.Object, int)'> (0x00000006081ed5d8) 
thrown [s\src\hotspot\share\interpreter\linkResolver.cpp, line 771]
Event: 6.965 Thread 0x000001bbb072bba0 Exception <a 'java/lang/NoSuchMethodError'{0x00000006060895f8}: static Lorg/jetbrains/kotlin/gradle/plugin/internal/DefaultConfigurationTimePropertiesAccessorVariantFactory;.<clinit>()V> (0x00000006060895f8) 
thrown [s\src\hotspot\share\prims\jni.cpp, line 1127]
Event: 6.967 Thread 0x000001bbb072bba0 Exception <a 'java/lang/NoSuchMethodError'{0x00000006060b6028}: static Lorg/jetbrains/kotlin/gradle/plugin/internal/DefaultProjectIsolationStartParameterAccessor$Factory;.<clinit>()V> (0x00000006060b6028) 
thrown [s\src\hotspot\share\prims\jni.cpp, line 1127]
Event: 6.968 Thread 0x000001bbb072bba0 Exception <a 'java/lang/NoSuchMethodError'{0x00000006060dc8c0}: static Lorg/jetbrains/kotlin/gradle/plugin/internal/DefaultSourceSetCompatibilityHelperVariantFactory;.<clinit>()V> (0x00000006060dc8c0) 
thrown [s\src\hotspot\share\prims\jni.cpp, line 1127]
Event: 6.969 Thread 0x000001bbb072bba0 Exception <a 'java/lang/NoSuchMethodError'{0x000000060610e2c8}: static Lorg/jetbrains/kotlin/gradle/plugin/internal/DefaultArtifactTypeAttributeAccessorVariantFactory;.<clinit>()V> (0x000000060610e2c8) 
thrown [s\src\hotspot\share\prims\jni.cpp, line 1127]
Event: 6.970 Thread 0x000001bbb072bba0 Exception <a 'java/lang/NoSuchMethodError'{0x000000060613ff50}: static Lorg/jetbrains/kotlin/gradle/plugin/internal/DefaultCompatibilityConventionRegistrar$Factory;.<clinit>()V> (0x000000060613ff50) 
thrown [s\src\hotspot\share\prims\jni.cpp, line 1127]
Event: 6.970 Thread 0x000001bbb072bba0 Exception <a 'java/lang/NoSuchMethodError'{0x0000000606166868}: static Lorg/jetbrains/kotlin/gradle/plugin/internal/DefaultJavaSourceSetsAccessorVariantFactory;.<clinit>()V> (0x0000000606166868) 
thrown [s\src\hotspot\share\prims\jni.cpp, line 1127]
Event: 6.971 Thread 0x000001bbb072bba0 Exception <a 'java/lang/NoSuchMethodError'{0x000000060618c590}: static Lorg/jetbrains/kotlin/gradle/plugin/internal/DefaultIdeaSyncDetectorVariantFactory;.<clinit>()V> (0x000000060618c590) 
thrown [s\src\hotspot\share\prims\jni.cpp, line 1127]
Event: 6.972 Thread 0x000001bbb072bba0 Exception <a 'java/lang/NoSuchMethodError'{0x00000006061b6090}: static Lorg/jetbrains/kotlin/gradle/plugin/internal/DefaultKotlinTestReportCompatibilityHelperVariantFactory;.<clinit>()V> (0x00000006061b6090) 
thrown [s\src\hotspot\share\prims\jni.cpp, line 1127]
Event: 6.973 Thread 0x000001bbb072bba0 Exception <a 'java/lang/NoSuchMethodError'{0x00000006061dced8}: static Lorg/jetbrains/kotlin/gradle/plugin/internal/DefaultMppTestReportHelperVariantFactory;.<clinit>()V> (0x00000006061dced8) 
thrown [s\src\hotspot\share\prims\jni.cpp, line 1127]
Event: 6.974 Thread 0x000001bbb072bba0 Exception <a 'java/lang/NoSuchMethodError'{0x0000000606202ac8}: static Lorg/jetbrains/kotlin/gradle/plugin/internal/DefaultConfigurationCacheStartParameterAccessorVariantFactory;.<clinit>()V> (0x0000000606202ac8) 
thrown [s\src\hotspot\share\prims\jni.cpp, line 1127]
Event: 6.975 Thread 0x000001bbb072bba0 Exception <a 'java/lang/NoSuchMethodError'{0x0000000606229bc8}: static Lorg/jetbrains/kotlin/gradle/plugin/internal/MavenPluginConfigurator$DefaultMavenPluginConfiguratorVariantFactory;.<clinit>()V> (0x0000000606229bc8) 
thrown [s\src\hotspot\share\prims\jni.cpp, line 1127]
Event: 6.975 Thread 0x000001bbb072bba0 Exception <a 'java/lang/NoSuchMethodError'{0x000000060624fbb0}: static Lorg/jetbrains/kotlin/gradle/targets/js/nodejs/DefaultUnameExecutorVariantFactory;.<clinit>()V> (0x000000060624fbb0) 
thrown [s\src\hotspot\share\prims\jni.cpp, line 1127]
Event: 6.976 Thread 0x000001bbb072bba0 Exception <a 'java/lang/NoSuchMethodError'{0x0000000606276340}: static Lorg/jetbrains/kotlin/gradle/plugin/internal/DefaultBasePluginConfigurationVariantFactory;.<clinit>()V> (0x0000000606276340) 
thrown [s\src\hotspot\share\prims\jni.cpp, line 1127]
Event: 6.977 Thread 0x000001bbb072bba0 Exception <a 'java/lang/NoSuchMethodError'{0x000000060629ce80}: static Lorg/jetbrains/kotlin/gradle/plugin/internal/DefaultAttributeConfigurationHelperVariantFactory;.<clinit>()V> (0x000000060629ce80) 
thrown [s\src\hotspot\share\prims\jni.cpp, line 1127]
Event: 6.978 Thread 0x000001bbb072bba0 Exception <a 'java/lang/NoSuchMethodError'{0x00000006062aa868}: 'void java.lang.invoke.DirectMethodHandle$Holder.invokeSpecial(java.lang.Object, java.lang.Object, java.lang.Object, int)'> (0x00000006062aa868) 
thrown [s\src\hotspot\share\interpreter\linkResolver.cpp, line 771]
Event: 7.049 Thread 0x000001bbb072bba0 Exception <a 'java/lang/IncompatibleClassChangeError'{0x0000000605e78388}: Found class java.lang.Object, but interface was expected> (0x0000000605e78388) 
thrown [s\src\hotspot\share\interpreter\linkResolver.cpp, line 838]

VM Operations (20 events):
Event: 6.096 Executing VM operation: ICBufferFull done
Event: 6.096 Executing VM operation: ICBufferFull
Event: 6.097 Executing VM operation: ICBufferFull done
Event: 6.128 Executing VM operation: G1CollectForAllocation
Event: 6.136 Executing VM operation: G1CollectForAllocation done
Event: 6.311 Executing VM operation: HandshakeAllThreads
Event: 6.311 Executing VM operation: HandshakeAllThreads done
Event: 6.466 Executing VM operation: ICBufferFull
Event: 6.466 Executing VM operation: ICBufferFull done
Event: 6.470 Executing VM operation: CollectForMetadataAllocation
Event: 6.478 Executing VM operation: CollectForMetadataAllocation done
Event: 6.495 Executing VM operation: G1PauseRemark
Event: 6.498 Executing VM operation: G1PauseRemark done
Event: 6.506 Executing VM operation: G1PauseCleanup
Event: 6.506 Executing VM operation: G1PauseCleanup done
Event: 6.868 Executing VM operation: G1CollectForAllocation
Event: 6.875 Executing VM operation: G1CollectForAllocation done
Event: 7.191 Executing VM operation: ICBufferFull
Event: 7.191 Executing VM operation: ICBufferFull done
Event: 7.275 Executing VM operation: G1CollectForAllocation

Events (20 events):
Event: 7.093 loading class javax/management/NotificationFilter done
Event: 7.093 loading class javax/management/ListenerNotFoundException
Event: 7.093 loading class javax/management/OperationsException
Event: 7.093 loading class javax/management/JMException
Event: 7.093 loading class javax/management/JMException done
Event: 7.093 loading class javax/management/OperationsException done
Event: 7.093 loading class javax/management/ListenerNotFoundException done
Event: 7.093 loading class jdk/jfr/Recording
Event: 7.094 loading class jdk/jfr/Recording done
Event: 7.094 loading class jdk/jfr/FlightRecorder
Event: 7.095 loading class jdk/jfr/FlightRecorder done
Event: 7.095 loading class jdk/management/jfr/FlightRecorderMXBeanImpl$MXBeanListener
Event: 7.095 loading class jdk/jfr/FlightRecorderListener
Event: 7.095 loading class jdk/jfr/FlightRecorderListener done
Event: 7.095 loading class jdk/management/jfr/FlightRecorderMXBeanImpl$MXBeanListener done
Event: 7.113 loading class com/sun/jmx/mbeanserver/StandardMBeanSupport
Event: 7.113 loading class com/sun/jmx/mbeanserver/StandardMBeanSupport done
Event: 7.113 loading class com/sun/jmx/mbeanserver/StandardMBeanIntrospector
Event: 7.114 loading class com/sun/jmx/mbeanserver/StandardMBeanIntrospector done
Event: 7.144 Thread 0x000001bbb381bab0 Thread added: 0x000001bbb381bab0


Dynamic libraries:
0x00007ff72f490000 - 0x00007ff72f49a000 	C:\Program Files\Android\Android Studio\jbr\bin\java.exe
0x00007ffcd1720000 - 0x00007ffcd1929000 	C:\Windows\SYSTEM32\ntdll.dll
0x00007ffcd0c90000 - 0x00007ffcd0d4d000 	C:\Windows\System32\KERNEL32.DLL
0x00007ffccf040000 - 0x00007ffccf3c4000 	C:\Windows\System32\KERNELBASE.dll
0x00007ffccee60000 - 0x00007ffccef71000 	C:\Windows\System32\ucrtbase.dll
0x00007ffcb7c90000 - 0x00007ffcb7ca7000 	C:\Program Files\Android\Android Studio\jbr\bin\jli.dll
0x00007ffcb7c70000 - 0x00007ffcb7c8b000 	C:\Program Files\Android\Android Studio\jbr\bin\VCRUNTIME140.dll
0x00007ffcd0ae0000 - 0x00007ffcd0c8d000 	C:\Windows\System32\USER32.dll
0x00007ffcb4c50000 - 0x00007ffcb4ef5000 	C:\Windows\WinSxS\amd64_microsoft.windows.common-controls_6595b64144ccf1df_6.0.22000.120_none_9d947278b86cc467\COMCTL32.dll
0x00007ffccf540000 - 0x00007ffccf566000 	C:\Windows\System32\win32u.dll
0x00007ffcd15c0000 - 0x00007ffcd1663000 	C:\Windows\System32\msvcrt.dll
0x00007ffcd1590000 - 0x00007ffcd15ba000 	C:\Windows\System32\GDI32.dll
0x00007ffccebb0000 - 0x00007ffccecce000 	C:\Windows\System32\gdi32full.dll
0x00007ffccecd0000 - 0x00007ffcced6d000 	C:\Windows\System32\msvcp_win.dll
0x00007ffcd0dd0000 - 0x00007ffcd0e01000 	C:\Windows\System32\IMM32.DLL
0x00007ffcb67d0000 - 0x00007ffcb67dc000 	C:\Program Files\Android\Android Studio\jbr\bin\vcruntime140_1.dll
0x00007ffcb5160000 - 0x00007ffcb51ed000 	C:\Program Files\Android\Android Studio\jbr\bin\msvcp140.dll
0x00007ffbc02e0000 - 0x00007ffbc0f63000 	C:\Program Files\Android\Android Studio\jbr\bin\server\jvm.dll
0x00007ffccfb00000 - 0x00007ffccfbae000 	C:\Windows\System32\ADVAPI32.dll
0x00007ffcd0ef0000 - 0x00007ffcd0f8e000 	C:\Windows\System32\sechost.dll
0x00007ffcd0ff0000 - 0x00007ffcd1111000 	C:\Windows\System32\RPCRT4.dll
0x00007ffcaef90000 - 0x00007ffcaef99000 	C:\Windows\SYSTEM32\WSOCK32.dll
0x00007ffcd1670000 - 0x00007ffcd16df000 	C:\Windows\System32\WS2_32.dll
0x00007ffcce8e0000 - 0x00007ffcce92d000 	C:\Windows\SYSTEM32\POWRPROF.dll
0x00007ffcc7440000 - 0x00007ffcc7473000 	C:\Windows\SYSTEM32\WINMM.dll
0x00007ffcc53e0000 - 0x00007ffcc53ea000 	C:\Windows\SYSTEM32\VERSION.dll
0x00007ffcce8c0000 - 0x00007ffcce8d3000 	C:\Windows\SYSTEM32\UMPDC.dll
0x00007ffccdbe0000 - 0x00007ffccdbf8000 	C:\Windows\SYSTEM32\kernel.appcore.dll
0x00007ffcb5150000 - 0x00007ffcb515a000 	C:\Program Files\Android\Android Studio\jbr\bin\jimage.dll
0x00007ffccc6e0000 - 0x00007ffccc901000 	C:\Windows\SYSTEM32\DBGHELP.DLL
0x00007ffcb1530000 - 0x00007ffcb1561000 	C:\Windows\SYSTEM32\dbgcore.DLL
0x00007ffcced70000 - 0x00007ffccedef000 	C:\Windows\System32\bcryptPrimitives.dll
0x00007ffc90760000 - 0x00007ffc9076e000 	C:\Program Files\Android\Android Studio\jbr\bin\instrument.dll
0x00007ffc8e5c0000 - 0x00007ffc8e5e5000 	C:\Program Files\Android\Android Studio\jbr\bin\java.dll
0x00007ffcb42d0000 - 0x00007ffcb42e8000 	C:\Program Files\Android\Android Studio\jbr\bin\zip.dll
0x00007ffccfbc0000 - 0x00007ffcd0385000 	C:\Windows\System32\SHELL32.dll
0x00007ffcccc40000 - 0x00007ffccd4a2000 	C:\Windows\SYSTEM32\windows.storage.dll
0x00007ffcd05f0000 - 0x00007ffcd0966000 	C:\Windows\System32\combase.dll
0x00007ffcccad0000 - 0x00007ffcccc37000 	C:\Windows\SYSTEM32\wintypes.dll
0x00007ffccf570000 - 0x00007ffccf65a000 	C:\Windows\System32\SHCORE.dll
0x00007ffcd0d50000 - 0x00007ffcd0dad000 	C:\Windows\System32\shlwapi.dll
0x00007ffcceae0000 - 0x00007ffcceb05000 	C:\Windows\SYSTEM32\profapi.dll
0x00007ffca3f20000 - 0x00007ffca3f39000 	C:\Program Files\Android\Android Studio\jbr\bin\net.dll
0x00007ffcc86e0000 - 0x00007ffcc87f4000 	C:\Windows\SYSTEM32\WINHTTP.dll
0x00007ffcce080000 - 0x00007ffcce0e7000 	C:\Windows\system32\mswsock.dll
0x00007ffc8fac0000 - 0x00007ffc8fad6000 	C:\Program Files\Android\Android Studio\jbr\bin\nio.dll
0x00007ffcb5140000 - 0x00007ffcb5150000 	C:\Program Files\Android\Android Studio\jbr\bin\verify.dll
0x00007ffc66a90000 - 0x00007ffc66ab7000 	C:\Users\HP PROBOOK\.gradle\native\1def1411415f61bf3af743bc5b6707747c0891f09f0c88961ee8f79bc544acac\windows-amd64\native-platform.dll
0x00007ffc5f450000 - 0x00007ffc5f4c8000 	C:\Users\HP PROBOOK\.gradle\native\0.2.7\x86_64-windows-gnu\gradle-fileevents.dll
0x00007ffca59e0000 - 0x00007ffca59e9000 	C:\Program Files\Android\Android Studio\jbr\bin\management.dll
0x00007ffc99700000 - 0x00007ffc9970b000 	C:\Program Files\Android\Android Studio\jbr\bin\management_ext.dll
0x00007ffcd12e0000 - 0x00007ffcd12e8000 	C:\Windows\System32\PSAPI.DLL
0x00007ffccd6f0000 - 0x00007ffccd71d000 	C:\Windows\SYSTEM32\IPHLPAPI.DLL
0x00007ffccf660000 - 0x00007ffccf669000 	C:\Windows\System32\NSI.dll
0x00007ffcc8300000 - 0x00007ffcc8319000 	C:\Windows\SYSTEM32\dhcpcsvc6.DLL
0x00007ffcc8b10000 - 0x00007ffcc8b2e000 	C:\Windows\SYSTEM32\dhcpcsvc.DLL
0x00007ffccd720000 - 0x00007ffccd807000 	C:\Windows\SYSTEM32\DNSAPI.dll
0x00007ffc907d0000 - 0x00007ffc907d9000 	C:\Program Files\Android\Android Studio\jbr\bin\extnet.dll
0x00007ffcce350000 - 0x00007ffcce368000 	C:\Windows\SYSTEM32\CRYPTSP.dll
0x00007ffccdb40000 - 0x00007ffccdb75000 	C:\Windows\system32\rsaenh.dll
0x00007ffcce120000 - 0x00007ffcce14c000 	C:\Windows\SYSTEM32\USERENV.dll
0x00007ffcce500000 - 0x00007ffcce527000 	C:\Windows\SYSTEM32\bcrypt.dll
0x00007ffcce270000 - 0x00007ffcce27c000 	C:\Windows\SYSTEM32\CRYPTBASE.dll
0x00007ffc98ee0000 - 0x00007ffc98ee8000 	C:\Windows\system32\wshunix.dll

dbghelp: loaded successfully - version: 4.0.5 - missing functions: none
symbol engine: initialized successfully - sym options: 0x614 - pdb path: .;C:\Program Files\Android\Android Studio\jbr\bin;C:\Windows\SYSTEM32;C:\Windows\WinSxS\amd64_microsoft.windows.common-controls_6595b64144ccf1df_6.0.22000.120_none_9d947278b86cc467;C:\Program Files\Android\Android Studio\jbr\bin\server;C:\Users\HP PROBOOK\.gradle\native\1def1411415f61bf3af743bc5b6707747c0891f09f0c88961ee8f79bc544acac\windows-amd64;C:\Users\HP PROBOOK\.gradle\native\0.2.7\x86_64-windows-gnu

VM Arguments:
jvm_args: --add-opens=java.base/java.lang=ALL-UNNAMED --add-opens=java.base/java.lang.invoke=ALL-UNNAMED --add-opens=java.base/java.util=ALL-UNNAMED --add-opens=java.prefs/java.util.prefs=ALL-UNNAMED --add-exports=jdk.compiler/com.sun.tools.javac.api=ALL-UNNAMED --add-exports=jdk.compiler/com.sun.tools.javac.util=ALL-UNNAMED --add-opens=java.base/java.util=ALL-UNNAMED --add-opens=java.prefs/java.util.prefs=ALL-UNNAMED --add-opens=java.base/java.nio.charset=ALL-UNNAMED --add-opens=java.base/java.net=ALL-UNNAMED --add-opens=java.base/java.util.concurrent.atomic=ALL-UNNAMED --add-opens=java.xml/javax.xml.namespace=ALL-UNNAMED -XX:MaxMetaspaceSize=4G -XX:ReservedCodeCacheSize=512m -XX:+HeapDumpOnOutOfMemoryError -Xmx8G -Dfile.encoding=windows-1256 -Duser.country=US -Duser.language=en -Duser.variant -javaagent:C:\Users\HP PROBOOK\.gradle\wrapper\dists\gradle-8.14-all\c2qonpi39x1mddn7hk5gh9iqj\gradle-8.14\lib\agents\gradle-instrumentation-agent-8.14.jar 
java_command: org.gradle.launcher.daemon.bootstrap.GradleDaemon 8.14
java_class_path (initial): C:\Users\HP PROBOOK\.gradle\wrapper\dists\gradle-8.14-all\c2qonpi39x1mddn7hk5gh9iqj\gradle-8.14\lib\gradle-daemon-main-8.14.jar
Launcher Type: SUN_STANDARD

[Global flags]
     intx CICompilerCount                          = 12                                        {product} {ergonomic}
     uint ConcGCThreads                            = 3                                         {product} {ergonomic}
     uint G1ConcRefinementThreads                  = 13                                        {product} {ergonomic}
   size_t G1HeapRegionSize                         = 4194304                                   {product} {ergonomic}
    uintx GCDrainStackTargetSize                   = 64                                        {product} {ergonomic}
     bool HeapDumpOnOutOfMemoryError               = true                                   {manageable} {command line}
   size_t InitialHeapSize                          = 125829120                                 {product} {ergonomic}
   size_t MarkStackSize                            = 4194304                                   {product} {ergonomic}
   size_t MaxHeapSize                              = 8589934592                                {product} {command line}
   size_t MaxMetaspaceSize                         = 4294967296                                {product} {command line}
   size_t MaxNewSize                               = 5150605312                                {product} {ergonomic}
   size_t MinHeapDeltaBytes                        = 4194304                                   {product} {ergonomic}
   size_t MinHeapSize                              = 8388608                                   {product} {ergonomic}
    uintx NonNMethodCodeHeapSize                   = 7602480                                {pd product} {ergonomic}
    uintx NonProfiledCodeHeapSize                  = 264634216                              {pd product} {ergonomic}
    uintx ProfiledCodeHeapSize                     = 264634216                              {pd product} {ergonomic}
    uintx ReservedCodeCacheSize                    = 536870912                              {pd product} {command line}
     bool SegmentedCodeCache                       = true                                      {product} {ergonomic}
   size_t SoftMaxHeapSize                          = 8589934592                             {manageable} {ergonomic}
   double SweeperThreshold                         = 0.234375                                  {product} {ergonomic}
     bool UseCompressedClassPointers               = true                           {product lp64_product} {ergonomic}
     bool UseCompressedOops                        = true                           {product lp64_product} {ergonomic}
     bool UseG1GC                                  = true                                      {product} {ergonomic}
     bool UseLargePagesIndividualAllocation        = false                                  {pd product} {ergonomic}

Logging:
Log output configuration:
 #0: stdout all=warning uptime,level,tags
 #1: stderr all=off uptime,level,tags

Environment Variables:
JAVA_HOME=C:\Program Files\Android\Android Studio\jbr
CLASSPATH=C:\Users\HP PROBOOK\Desktop\smartcalm\android\\gradle\wrapper\gradle-wrapper.jar
PATH=C:\Program Files\Android\Android Studio\jbr\bin;C:\Users\HP PROBOOK\AppData\Local\Programs\Microsoft VS Code;C:\OracelDB\bin;C:\Program Files\Java\jdk-21.0.10\bin;C:\Windows\system32;C:\Windows;C:\Windows\System32\Wbem;C:\Windows\System32\WindowsPowerShell\v1.0\;C:\Windows\System32\OpenSSH\;C:\Program Files\Git\cmd;C:\Program Files\Git\mingw64\bin;C:\Program Files\Git\usr\bin;C:\Program Files\dotnet\;C:\Program Files\MATLAB\R2024b\bin;c:\Users\HP PROBOOK\Desktop\cursor\resources\app\bin;C:\Users\HP PROBOOK\AppData\Local\Programs\Eclipse Adoptium\jdk-25.0.2.10-hotspot\bin;C:\Users\HP PROBOOK\AppData\Local\Microsoft\WindowsApps;C:\src\flutter\bin;C:\Program Files\Android\Android Studio\bin;C:\Users\HP PROBOOK\AppData\Local\Programs\Microsoft VS Code\bin;C:\Users\HP PROBOOK\AppData\Local\Muse Hub\lib;C:\Users\HP PROBOOK\AppData\Local\Packages\PythonSoftwareFoundation.Python.3.13_qbz5n2kfra8p0\LocalCache\local-packages\Python313\Scripts;C:\Users\HP PROBOOK\Downloads\Redis-x64-3.2.100;C:\Users\HP PROBOOK\Desktop\cursor\resources\app\bin;C:\Users\HP PROBOOK\AppData\Local\Programs\cursor\resources\app\bin;C:\Users\HP PROBOOK\AppData\Local\Programs\Eclipse Adoptium\jdk-25.0.2.10-hotspot\bin;C:\Users\HP PROBOOK\AppData\Local\Microsoft\WindowsApps;C:\src\flutter\bin;C:\Program Files\Android\Android Studio\bin;C:\Users\HP PROBOOK\AppData\Local\Programs\Microsoft VS Code\bin;C:\Users\HP PROBOOK\AppData\Local\Muse Hub\lib;C:\Users\HP PROBOOK\AppData\Local\Packages\PythonSoftwareFoundation.Python.3.13_qbz5n2kfra8p0\LocalCache\local-packages\Python313\Scripts;C:\Users\HP PROBOOK\Downloads\Redis-x64-3.2.100;C:\Users\HP PROBOOK\Desktop\cursor\resources\app\bin;C:\Users\HP PROBOOK\AppData\Local\Programs\cursor\resources\app\bin;C:\Program Files\Java\latest\jdk-21\bin;;C:\src\flutter\bin\mingit\cmd;C:\src\flutter\bin\mingit\cmd
USERNAME=HP PROBOOK
OS=Windows_NT
PROCESSOR_IDENTIFIER=AMD64 Family 25 Model 80 Stepping 0, AuthenticAMD
TMP=C:\Users\HPPROB~1\AppData\Local\Temp
TEMP=C:\Users\HPPROB~1\AppData\Local\Temp



Periodic native trim disabled

JNI global refs:
JNI global refs: 35, weak refs: 3

JNI global refs memory usage: 843, weak refs: 841

Process memory usage:
Resident Set Size: 309300K (4% of 7668804K total physical memory with 90496K free physical memory)

OOME stack traces (most recent first):
Classloader memory used:
Loader org.gradle.internal.classloader.VisitableURLClassLoader                         : 4182K
Loader bootstrap                                                                       : 2630K
Loader org.gradle.initialization.MixInLegacyTypesClassLoader                           : 1306K
Loader org.gradle.internal.classloader.VisitableURLClassLoader$InstrumentingVisitableURLClassLoader: 170K
Loader jdk.internal.loader.ClassLoaders$PlatformClassLoader                            : 66435B
Loader jdk.internal.loader.ClassLoaders$AppClassLoader                                 : 29438B
Loader jdk.internal.reflect.DelegatingClassLoader                                      : 24004B
Loader org.gradle.internal.classloader.VisitableURLClassLoader                         : 4801B

Classes loaded by more than one classloader:
Class Program                                                                         : loaded 3 times (x 72B)
Class org.gradle.internal.classpath.ClassPath                                         : loaded 2 times (x 68B)
Class org.gradle.api.internal.classpath.DefaultModuleRegistry                         : loaded 2 times (x 84B)
Class Settings_gradle$1$1                                                             : loaded 2 times (x 72B)
Class org.gradle.api.Action                                                           : loaded 2 times (x 68B)
Class org.gradle.api.internal.DefaultClassPathProvider                                : loaded 2 times (x 74B)
Class org.gradle.internal.installation.GradleInstallation$1                           : loaded 2 times (x 73B)
Class org.gradle.internal.classloader.FilteringClassLoader                            : loaded 2 times (x 103B)
Class org.gradle.internal.classpath.DefaultClassPath$ImmutableUniqueList$Builder      : loaded 2 times (x 73B)
Class org.gradle.internal.classloader.ClassLoaderVisitor                              : loaded 2 times (x 74B)
Class org.gradle.internal.service.DefaultServiceLocator                               : loaded 2 times (x 81B)
Class org.gradle.internal.service.UnknownServiceException                             : loaded 2 times (x 81B)
Class org.gradle.internal.classloader.DefaultClassLoaderFactory                       : loaded 2 times (x 80B)
Class org.gradle.internal.classloader.VisitableURLClassLoader$Spec                    : loaded 2 times (x 72B)
Class org.gradle.api.GradleException                                                  : loaded 2 times (x 80B)
Class org.gradle.api.internal.classpath.ModuleRegistry                                : loaded 2 times (x 68B)
Class org.gradle.api.internal.ClassPathProvider                                       : loaded 2 times (x 68B)
Class org.gradle.internal.classloader.ClasspathUtil$1                                 : loaded 2 times (x 74B)
Class org.gradle.internal.classloader.ClassLoaderFactory                              : loaded 2 times (x 68B)
Class org.gradle.api.internal.classpath.ManifestUtil                                  : loaded 2 times (x 69B)
Class org.gradle.api.specs.Spec                                                       : loaded 2 times (x 68B)
Class org.gradle.internal.IoActions                                                   : loaded 2 times (x 69B)
Class org.gradle.api.internal.classpath.EffectiveClassPath                            : loaded 2 times (x 88B)
Class org.gradle.internal.installation.CurrentGradleInstallation                      : loaded 2 times (x 71B)
Class org.gradle.internal.installation.CurrentGradleInstallationLocator               : loaded 2 times (x 69B)
Class org.gradle.api.internal.classpath.Module                                        : loaded 2 times (x 68B)
Class org.gradle.internal.service.CachingServiceLocator                               : loaded 2 times (x 80B)
Class org.gradle.internal.classpath.DefaultClassPath                                  : loaded 2 times (x 88B)
Class org.gradle.internal.classloader.SystemClassLoaderSpec                           : loaded 2 times (x 69B)
Class org.gradle.api.UncheckedIOException                                             : loaded 2 times (x 80B)
Class org.gradle.internal.installation.GradleInstallation                             : loaded 2 times (x 73B)
Class org.gradle.api.internal.classpath.GlobalCacheRootsProvider                      : loaded 2 times (x 68B)
Class org.gradle.internal.classloader.ClasspathUtil                                   : loaded 2 times (x 69B)
Class org.gradle.api.internal.DefaultClassPathRegistry                                : loaded 2 times (x 74B)
Class org.gradle.api.internal.classpath.DefaultModuleRegistry$DefaultModule           : loaded 2 times (x 84B)
Class org.gradle.api.internal.classpath.UnknownModuleException                        : loaded 2 times (x 80B)
Class org.gradle.internal.service.ServiceLookupException                              : loaded 2 times (x 80B)
Class [Lorg.gradle.api.internal.ClassPathProvider;                                    : loaded 2 times (x 67B)
Class org.gradle.util.internal.GUtil                                                  : loaded 2 times (x 69B)
Class org.gradle.internal.classloader.ClassLoaderSpec                                 : loaded 2 times (x 69B)
Class org.gradle.internal.classloader.InstrumentingClassLoader                        : loaded 2 times (x 68B)
Class org.gradle.internal.classloader.VisitableURLClassLoader                         : loaded 2 times (x 115B)
Class org.gradle.internal.Cast                                                        : loaded 2 times (x 69B)
Class org.gradle.api.internal.ClassPathRegistry                                       : loaded 2 times (x 68B)
Class org.gradle.internal.classloader.VisitableURLClassLoader$InstrumentingVisitableURLClassLoader: loaded 2 times (x 121B)
Class org.gradle.internal.classloader.ClassLoaderHierarchy                            : loaded 2 times (x 68B)
Class org.gradle.internal.InternalTransformer                                         : loaded 2 times (x 68B)
Class org.gradle.internal.service.ServiceLocator                                      : loaded 2 times (x 68B)
Class Settings_gradle$1                                                               : loaded 2 times (x 72B)
Class org.gradle.internal.classpath.DefaultClassPath$ImmutableUniqueList              : loaded 2 times (x 159B)
Class org.gradle.internal.classpath.TransformedClassPath                              : loaded 2 times (x 94B)
Class Settings_gradle                                                                 : loaded 2 times (x 126B)


---------------  S Y S T E M  ---------------

OS:
 Windows 11 , 64 bit Build 22000 (10.0.22000.2538)
OS uptime: 15 days 19:35 hours
Hyper-V role detected

CPU: total 16 (initial active 16) (16 cores per cpu, 2 threads per core) family 25 model 80 stepping 0 microcode 0x0, cx8, cmov, fxsr, ht, mmx, 3dnowpref, sse, sse2, sse3, ssse3, sse4a, sse4.1, sse4.2, popcnt, lzcnt, tsc, tscinvbit, avx, avx2, aes, erms, clmul, bmi1, bmi2, adx, sha, fma, vzeroupper, clflush, clflushopt, hv
Processor Information for all 16 processors :
  Max Mhz: 2000, Current Mhz: 2000, Mhz Limit: 2000

Memory: 4k page, system-wide physical 7489M (89M free)
TotalPageFile size 30017M (AvailPageFile size 54M)
current process WorkingSet (physical memory assigned to process): 302M, peak: 302M
current process commit charge ("private bytes"): 370M, peak: 475M

vm_info: OpenJDK 64-Bit Server VM (17.0.11+0--11852314) for windows-amd64 JRE (17.0.11+0--11852314), built on May 16 2024 21:29:20 by "androidbuild" with MS VC++ 16.10 / 16.11 (VS2019)

END.
